Archive member included to satisfy reference by file (symbol)

/home/ez3kiel/.installs/gcc-arm-none-eabi-7-2018-q2-update/bin/../lib/gcc/arm-none-eabi/7.3.1/../../../../arm-none-eabi/lib/thumb/v7e-m/fpv4-sp/hard/libc_nano.a(lib_a-exit.o)
                              /home/ez3kiel/.installs/gcc-arm-none-eabi-7-2018-q2-update/bin/../lib/gcc/arm-none-eabi/7.3.1/../../../../arm-none-eabi/lib/thumb/v7e-m/fpv4-sp/hard/crt0.o (exit)
/home/ez3kiel/.installs/gcc-arm-none-eabi-7-2018-q2-update/bin/../lib/gcc/arm-none-eabi/7.3.1/../../../../arm-none-eabi/lib/thumb/v7e-m/fpv4-sp/hard/libc_nano.a(lib_a-impure.o)
                              /home/ez3kiel/.installs/gcc-arm-none-eabi-7-2018-q2-update/bin/../lib/gcc/arm-none-eabi/7.3.1/../../../../arm-none-eabi/lib/thumb/v7e-m/fpv4-sp/hard/libc_nano.a(lib_a-exit.o) (_global_impure_ptr)
/home/ez3kiel/.installs/gcc-arm-none-eabi-7-2018-q2-update/bin/../lib/gcc/arm-none-eabi/7.3.1/../../../../arm-none-eabi/lib/thumb/v7e-m/fpv4-sp/hard/libc_nano.a(lib_a-init.o)
                              /home/ez3kiel/.installs/gcc-arm-none-eabi-7-2018-q2-update/bin/../lib/gcc/arm-none-eabi/7.3.1/../../../../arm-none-eabi/lib/thumb/v7e-m/fpv4-sp/hard/crt0.o (__libc_init_array)
/home/ez3kiel/.installs/gcc-arm-none-eabi-7-2018-q2-update/bin/../lib/gcc/arm-none-eabi/7.3.1/../../../../arm-none-eabi/lib/thumb/v7e-m/fpv4-sp/hard/libc_nano.a(lib_a-locale.o)
                              _build/nrf52832_xxaa/nrf_log_str_formatter.c.o (__locale_ctype_ptr)
/home/ez3kiel/.installs/gcc-arm-none-eabi-7-2018-q2-update/bin/../lib/gcc/arm-none-eabi/7.3.1/../../../../arm-none-eabi/lib/thumb/v7e-m/fpv4-sp/hard/libc_nano.a(lib_a-mbtowc_r.o)
                              /home/ez3kiel/.installs/gcc-arm-none-eabi-7-2018-q2-update/bin/../lib/gcc/arm-none-eabi/7.3.1/../../../../arm-none-eabi/lib/thumb/v7e-m/fpv4-sp/hard/libc_nano.a(lib_a-locale.o) (__ascii_mbtowc)
/home/ez3kiel/.installs/gcc-arm-none-eabi-7-2018-q2-update/bin/../lib/gcc/arm-none-eabi/7.3.1/../../../../arm-none-eabi/lib/thumb/v7e-m/fpv4-sp/hard/libc_nano.a(lib_a-memcpy-stub.o)
                              _build/nrf52832_xxaa/nrf_log_backend_flash.c.o (memcpy)
/home/ez3kiel/.installs/gcc-arm-none-eabi-7-2018-q2-update/bin/../lib/gcc/arm-none-eabi/7.3.1/../../../../arm-none-eabi/lib/thumb/v7e-m/fpv4-sp/hard/libc_nano.a(lib_a-memmove.o)
                              _build/nrf52832_xxaa/nrf_cli.c.o (memmove)
/home/ez3kiel/.installs/gcc-arm-none-eabi-7-2018-q2-update/bin/../lib/gcc/arm-none-eabi/7.3.1/../../../../arm-none-eabi/lib/thumb/v7e-m/fpv4-sp/hard/libc_nano.a(lib_a-memset.o)
                              /home/ez3kiel/.installs/gcc-arm-none-eabi-7-2018-q2-update/bin/../lib/gcc/arm-none-eabi/7.3.1/../../../../arm-none-eabi/lib/thumb/v7e-m/fpv4-sp/hard/crt0.o (memset)
/home/ez3kiel/.installs/gcc-arm-none-eabi-7-2018-q2-update/bin/../lib/gcc/arm-none-eabi/7.3.1/../../../../arm-none-eabi/lib/thumb/v7e-m/fpv4-sp/hard/libc_nano.a(lib_a-qsort.o)
                              _build/nrf52832_xxaa/nrf_cli.c.o (qsort)
/home/ez3kiel/.installs/gcc-arm-none-eabi-7-2018-q2-update/bin/../lib/gcc/arm-none-eabi/7.3.1/../../../../arm-none-eabi/lib/thumb/v7e-m/fpv4-sp/hard/libc_nano.a(lib_a-sprintf.o)
                              _build/nrf52832_xxaa/demo_cli_cmds.c.o (sprintf)
/home/ez3kiel/.installs/gcc-arm-none-eabi-7-2018-q2-update/bin/../lib/gcc/arm-none-eabi/7.3.1/../../../../arm-none-eabi/lib/thumb/v7e-m/fpv4-sp/hard/libc_nano.a(lib_a-strchr.o)
                              _build/nrf52832_xxaa/fnmatch.c.o (strchr)
/home/ez3kiel/.installs/gcc-arm-none-eabi-7-2018-q2-update/bin/../lib/gcc/arm-none-eabi/7.3.1/../../../../arm-none-eabi/lib/thumb/v7e-m/fpv4-sp/hard/libc_nano.a(lib_a-strcmp.o)
                              _build/nrf52832_xxaa/nrf_log_frontend.c.o (strcmp)
/home/ez3kiel/.installs/gcc-arm-none-eabi-7-2018-q2-update/bin/../lib/gcc/arm-none-eabi/7.3.1/../../../../arm-none-eabi/lib/thumb/v7e-m/fpv4-sp/hard/libc_nano.a(lib_a-strcpy.o)
                              _build/nrf52832_xxaa/nrf_cli.c.o (strcpy)
/home/ez3kiel/.installs/gcc-arm-none-eabi-7-2018-q2-update/bin/../lib/gcc/arm-none-eabi/7.3.1/../../../../arm-none-eabi/lib/thumb/v7e-m/fpv4-sp/hard/libc_nano.a(lib_a-strlen.o)
                              _build/nrf52832_xxaa/nrf_log_frontend.c.o (strlen)
/home/ez3kiel/.installs/gcc-arm-none-eabi-7-2018-q2-update/bin/../lib/gcc/arm-none-eabi/7.3.1/../../../../arm-none-eabi/lib/thumb/v7e-m/fpv4-sp/hard/libc_nano.a(lib_a-strncmp.o)
                              _build/nrf52832_xxaa/nrf_log_frontend.c.o (strncmp)
/home/ez3kiel/.installs/gcc-arm-none-eabi-7-2018-q2-update/bin/../lib/gcc/arm-none-eabi/7.3.1/../../../../arm-none-eabi/lib/thumb/v7e-m/fpv4-sp/hard/libc_nano.a(lib_a-strstr.o)
                              _build/nrf52832_xxaa/nrf_cli.c.o (strstr)
/home/ez3kiel/.installs/gcc-arm-none-eabi-7-2018-q2-update/bin/../lib/gcc/arm-none-eabi/7.3.1/../../../../arm-none-eabi/lib/thumb/v7e-m/fpv4-sp/hard/libc_nano.a(lib_a-strtol.o)
[...]
Memory Configuration

Name             Origin             Length             Attributes
FLASH            0x0000000000000000 0x0000000000080000 xr
RAM              0x0000000020000000 0x0000000000010000 xrw
*default*        0x0000000000000000 0xffffffffffffffff

Linker script and memory map


.text           0x0000000000000000    0x12d5c
 *(.isr_vector)
 .isr_vector    0x0000000000000000      0x200 _build/nrf52832_xxaa/gcc_startup_nrf52.S.o
                0x0000000000000000                __isr_vector
 *(.text*)
 .text          0x0000000000000200       0x40 /home/ez3kiel/.installs/gcc-arm-none-eabi-7-2018-q2-update/bin/../lib/gcc/arm-none-eabi/7.3.1/thumb/v7e-m/fpv4-sp/hard/crtbegin.o
 .text          0x0000000000000240       0x74 /home/ez3kiel/.installs/gcc-arm-none-eabi-7-2018-q2-update/bin/../lib/gcc/arm-none-eabi/7.3.1/../../../../arm-none-eabi/lib/thumb/v7e-m/fpv4-sp/hard/crt0.o
                0x0000000000000240                _mainCRTStartup
                0x0000000000000240                _start
 .text          0x00000000000002b4       0x3c _build/nrf52832_xxaa/gcc_startup_nrf52.S.o
                0x00000000000002b4                Reset_Handler
                0x00000000000002dc                NMI_Handler
                0x00000000000002e0                MemoryManagement_Handler
                0x00000000000002e2                BusFault_Handler
                0x00000000000002e4                UsageFault_Handler
                0x00000000000002e6                SVC_Handler
                0x00000000000002e8                DebugMon_Handler
                0x00000000000002ea                PendSV_Handler
                0x00000000000002ec                SysTick_Handler
                0x00000000000002ee                TIMER2_IRQHandler
                0x00000000000002ee                RTC0_IRQHandler
                0x00000000000002ee                SWI0_EGU0_IRQHandler
                0x00000000000002ee                SWI2_EGU2_IRQHandler
                0x00000000000002ee                PWM1_IRQHandler
                0x00000000000002ee                RADIO_IRQHandler
                0x00000000000002ee                PDM_IRQHandler
                0x00000000000002ee                TEMP_IRQHandler
                0x00000000000002ee                QDEC_IRQHandler
                0x00000000000002ee                TIMER3_IRQHandler
                0x00000000000002ee                FPU_IRQHandler
                0x00000000000002ee                SPIM0_SPIS0_TWIM0_TWIS0_SPI0_TWI0_IRQHandler
                0x00000000000002ee                TIMER4_IRQHandler
                0x00000000000002ee                I2S_IRQHandler
                0x00000000000002ee                SWI4_EGU4_IRQHandler
                0x00000000000002ee                TIMER0_IRQHandler
                0x00000000000002ee                TIMER1_IRQHandler
                0x00000000000002ee                PWM2_IRQHandler
                0x00000000000002ee                ECB_IRQHandler
                0x00000000000002ee                SPIM1_SPIS1_TWIM1_TWIS1_SPI1_TWI1_IRQHandler
                0x00000000000002ee                Default_Handler
                0x00000000000002ee                SAADC_IRQHandler
                0x00000000000002ee                CCM_AAR_IRQHandler
                0x00000000000002ee                WDT_IRQHandler
                0x00000000000002ee                SWI5_EGU5_IRQHandler
                0x00000000000002ee                RNG_IRQHandler
                0x00000000000002ee                RTC2_IRQHandler
                0x00000000000002ee                PWM0_IRQHandler
                0x00000000000002ee                SWI3_EGU3_IRQHandler
                0x00000000000002ee                SWI1_EGU1_IRQHandler
                0x00000000000002ee                SPIM2_SPIS2_SPI2_IRQHandler
                0x00000000000002ee                NFCT_IRQHandler
                0x00000000000002ee                MWU_IRQHandler
                0x00000000000002ee                COMP_LPCOMP_IRQHandler
 .text.nrf_log_backend_flashlog_panic_set
                0x00000000000002f0        0x4 _build/nrf52832_xxaa/nrf_log_backend_flash.c.o
                0x00000000000002f0                nrf_log_backend_flashlog_panic_set
 .text.nrf_log_backend_crashlog_flush
                0x00000000000002f4       0x2c _build/nrf52832_xxaa/nrf_log_backend_flash.c.o
                0x00000000000002f4                nrf_log_backend_crashlog_flush
 .text.flashlog_clear_cmd
                0x0000000000000320       0x48 _build/nrf52832_xxaa/nrf_log_backend_flash.c.o
 .text.flashlog_status_cmd
                0x0000000000000368       0x8c _build/nrf52832_xxaa/nrf_log_backend_flash.c.o
 .text.cli_tx   0x00000000000003f4       0x10 _build/nrf52832_xxaa/nrf_log_backend_flash.c.o
 .text.log_msg_queue_process.constprop.7
                0x0000000000000404      0x100 _build/nrf52832_xxaa/nrf_log_backend_flash.c.o
 .text.nrf_log_backend_flashlog_put
                0x0000000000000504       0x6c _build/nrf52832_xxaa/nrf_log_backend_flash.c.o
                0x0000000000000504                nrf_log_backend_flashlog_put
 .text.fstorage_evt_handler
                0x0000000000000570       0x7c _build/nrf52832_xxaa/nrf_log_backend_flash.c.o
 .text.nrf_log_backend_flashlog_flush
                0x00000000000005ec       0x2c _build/nrf52832_xxaa/nrf_log_backend_flash.c.o
                0x00000000000005ec                nrf_log_backend_flashlog_flush
 .text.log_msg_queue_process.constprop.6
                0x0000000000000618       0xfc _build/nrf52832_xxaa/nrf_log_backend_flash.c.o
 .text.nrf_log_backend_crashlog_put
                0x0000000000000714       0x58 _build/nrf52832_xxaa/nrf_log_backend_flash.c.o
                0x0000000000000714                nrf_log_backend_crashlog_put
 .text.nrf_log_backend_crashlog_panic_set
                0x000000000000076c       0x9c _build/nrf52832_xxaa/nrf_log_backend_flash.c.o
                0x000000000000076c                nrf_log_backend_crashlog_panic_set
 .text.flashlog_read_cmd
                0x0000000000000808       0xfc _build/nrf52832_xxaa/nrf_log_backend_flash.c.o
 .text.nrf_log_backend_flash_init
                0x0000000000000904       0x80 _build/nrf52832_xxaa/nrf_log_backend_flash.c.o
                0x0000000000000904                nrf_log_backend_flash_init
 .text.nrf_log_backend_serial_put
                0x0000000000000984       0xd4 _build/nrf52832_xxaa/nrf_log_backend_serial.c.o
                0x0000000000000984                nrf_log_backend_serial_put
 .text.nrf_log_backend_uart_flush
                0x0000000000000a58        0x4 _build/nrf52832_xxaa/nrf_log_backend_uart.c.o
 .text.nrf_log_backend_uart_put
                0x0000000000000a5c       0x20 _build/nrf52832_xxaa/nrf_log_backend_uart.c.o
 .text.serial_tx
                0x0000000000000a7c       0x54 _build/nrf52832_xxaa/nrf_log_backend_uart.c.o
 .text.nrf_log_backend_uart_panic_set
                0x0000000000000ad0       0x68 _build/nrf52832_xxaa/nrf_log_backend_uart.c.o
 .text.severity_lvl_get
                0x0000000000000b38       0x24 _build/nrf52832_xxaa/nrf_log_frontend.c.o
 .text.log_self_halt
                0x0000000000000b5c        0xc _build/nrf52832_xxaa/nrf_log_frontend.c.o
 .text.log_self_go
                0x0000000000000b68        0xc _build/nrf52832_xxaa/nrf_log_frontend.c.o
 .text.backend_name_get
                0x0000000000000b74       0x48 _build/nrf52832_xxaa/nrf_log_frontend.c.o
 .text.log_cmd  0x0000000000000bbc       0x40 _build/nrf52832_xxaa/nrf_log_frontend.c.o
 .text.log_cmd_backends_list
                0x0000000000000bfc       0x94 _build/nrf52832_xxaa/nrf_log_frontend.c.o
 .text.log_skip
                0x0000000000000c90       0xe0 _build/nrf52832_xxaa/nrf_log_frontend.c.o
 .text.log_backend_go
                0x0000000000000d70       0x54 _build/nrf52832_xxaa/nrf_log_frontend.c.o
 .text.log_backend_halt
                0x0000000000000dc4       0x50 _build/nrf52832_xxaa/nrf_log_frontend.c.o
 .text.module_name_get
                0x0000000000000e14       0x54 _build/nrf52832_xxaa/nrf_log_frontend.c.o
 .text.log_status
                0x0000000000000e68      0x134 _build/nrf52832_xxaa/nrf_log_frontend.c.o
 .text.log_self_status
                0x0000000000000f9c        0xc _build/nrf52832_xxaa/nrf_log_frontend.c.o
 .text.log_backend_status
                0x0000000000000fa8       0x5c _build/nrf52832_xxaa/nrf_log_frontend.c.o
 .text.nrf_log_frontend_dequeue.part.10
                0x0000000000001004      0x3d0 _build/nrf52832_xxaa/nrf_log_frontend.c.o
 .text.log_backend_ctrl
                0x00000000000013d4      0x27c _build/nrf52832_xxaa/nrf_log_frontend.c.o
 .text.log_config_load_cmd
                0x0000000000001650      0x1e0 _build/nrf52832_xxaa/nrf_log_frontend.c.o
 .text.log_config_store_cmd
                0x0000000000001830      0x31c _build/nrf52832_xxaa/nrf_log_frontend.c.o
 .text.log_self_ctrl
                0x0000000000001b4c      0x230 _build/nrf52832_xxaa/nrf_log_frontend.c.o
 .text.nrf_log_init
                0x0000000000001d7c       0xcc _build/nrf52832_xxaa/nrf_log_frontend.c.o
                0x0000000000001d7c                nrf_log_init
 .text.nrf_log_module_name_get
                0x0000000000001e48       0x58 _build/nrf52832_xxaa/nrf_log_frontend.c.o
                0x0000000000001e48                nrf_log_module_name_get
 .text.nrf_log_color_id_get
                0x0000000000001ea0       0x2c _build/nrf52832_xxaa/nrf_log_frontend.c.o
                0x0000000000001ea0                nrf_log_color_id_get
 .text.nrf_log_frontend_std_0
                0x0000000000001ecc      0x118 _build/nrf52832_xxaa/nrf_log_frontend.c.o
                0x0000000000001ecc                nrf_log_frontend_std_0
 .text.nrf_log_frontend_std_1
                0x0000000000001fe4      0x124 _build/nrf52832_xxaa/nrf_log_frontend.c.o
                0x0000000000001fe4                nrf_log_frontend_std_1
 .text.nrf_log_frontend_std_2
                0x0000000000002108      0x12c _build/nrf52832_xxaa/nrf_log_frontend.c.o
                0x0000000000002108                nrf_log_frontend_std_2
 .text.nrf_log_frontend_std_3
                0x0000000000002234      0x138 _build/nrf52832_xxaa/nrf_log_frontend.c.o
                0x0000000000002234                nrf_log_frontend_std_3
 .text.nrf_log_frontend_std_4
                0x000000000000236c      0x158 _build/nrf52832_xxaa/nrf_log_frontend.c.o
                0x000000000000236c                nrf_log_frontend_std_4
 .text.nrf_log_frontend_std_5
                0x00000000000024c4      0x16c _build/nrf52832_xxaa/nrf_log_frontend.c.o
                0x00000000000024c4                nrf_log_frontend_std_5
 .text.nrf_log_frontend_dequeue
                0x0000000000002630       0x18 _build/nrf52832_xxaa/nrf_log_frontend.c.o
                0x0000000000002630                nrf_log_frontend_dequeue
 .text.nrf_log_backend_add
                0x0000000000002648       0xec _build/nrf52832_xxaa/nrf_log_frontend.c.o
                0x0000000000002648                nrf_log_backend_add
 .text.nrf_log_panic
                0x0000000000002734       0x2c _build/nrf52832_xxaa/nrf_log_frontend.c.o
                0x0000000000002734                nrf_log_panic
 .text.nrf_log_config_load
                0x0000000000002760      0x1a0 _build/nrf52832_xxaa/nrf_log_frontend.c.o
                0x0000000000002760                nrf_log_config_load
 .text.nrf_log_std_entry_process
                0x0000000000002900      0x1c8 _build/nrf52832_xxaa/nrf_log_str_formatter.c.o
                0x0000000000002900                nrf_log_std_entry_process
 .text.nrf_log_hexdump_entry_process
                0x0000000000002ac8      0x1e0 _build/nrf52832_xxaa/nrf_log_str_formatter.c.o
                0x0000000000002ac8                nrf_log_hexdump_entry_process
 .text.nrf_log_str_formatter_timestamp_freq_set
                0x0000000000002ca8       0x2c _build/nrf52832_xxaa/nrf_log_str_formatter.c.o
                0x0000000000002ca8                nrf_log_str_formatter_timestamp_freq_set
 .text.nrf_mpu_lib_init
                0x0000000000002cd4       0x38 _build/nrf52832_xxaa/nrf_mpu_lib.c.o
                0x0000000000002cd4                nrf_mpu_lib_init
 .text.nrf_mpu_lib_region_create
                0x0000000000002d0c       0xb8 _build/nrf52832_xxaa/nrf_mpu_lib.c.o
                0x0000000000002d0c                nrf_mpu_lib_region_create
 .text.nrf_stack_guard_init
                0x0000000000002dc4       0xc0 _build/nrf52832_xxaa/nrf_stack_guard.c.o
                0x0000000000002dc4                nrf_stack_guard_init
 .text.app_error_save_and_stop
                0x0000000000002e84       0x64 _build/nrf52832_xxaa/app_error.c.o
                0x0000000000002e84                app_error_save_and_stop
 .text.app_error_handler
                0x0000000000002ee8       0x1c _build/nrf52832_xxaa/app_error_handler_gcc.c.o
                0x0000000000002ee8                app_error_handler
 .text.app_error_fault_handler
                0x0000000000002f04       0xec _build/nrf52832_xxaa/app_error_weak.c.o
                0x0000000000002f04                app_error_fault_handler
 .text.compare_func
                0x0000000000002ff0       0x10 _build/nrf52832_xxaa/app_timer2.c.o
 .text.rtc_irq  0x0000000000003000      0x420 _build/nrf52832_xxaa/app_timer2.c.o
 .text.app_timer_init
                0x0000000000003420       0x5c _build/nrf52832_xxaa/app_timer2.c.o
                0x0000000000003420                app_timer_init
 .text.app_timer_create
                0x000000000000347c       0x48 _build/nrf52832_xxaa/app_timer2.c.o
                0x000000000000347c                app_timer_create
 .text.app_timer_start
                0x00000000000034c4       0xac _build/nrf52832_xxaa/app_timer2.c.o
                0x00000000000034c4                app_timer_start
 .text.app_timer_stop
                0x0000000000003570       0x84 _build/nrf52832_xxaa/app_timer2.c.o
                0x0000000000003570                app_timer_stop
 .text.app_timer_cnt_get
                0x00000000000035f4        0xc _build/nrf52832_xxaa/app_timer2.c.o
                0x00000000000035f4                app_timer_cnt_get
 .text.app_util_critical_region_enter
                0x0000000000003600       0x34 _build/nrf52832_xxaa/app_util_platform.c.o
                0x0000000000003600                app_util_critical_region_enter
 .text.app_util_critical_region_exit
                0x0000000000003634       0x34 _build/nrf52832_xxaa/app_util_platform.c.o
                0x0000000000003634                app_util_critical_region_exit
 .text.cmd_reset
                0x0000000000003668       0x34 _build/nrf52832_xxaa/cli_utils_cmds.c.o
 .text.cmd_log_msg_warning
                0x000000000000369c       0xd0 _build/nrf52832_xxaa/cli_utils_cmds.c.o
 .text.cmd_log_msg_error
                0x000000000000376c       0xd0 _build/nrf52832_xxaa/cli_utils_cmds.c.o
 .text.cmd_app_size
                0x000000000000383c       0x3c _build/nrf52832_xxaa/cli_utils_cmds.c.o
 .text.cmd_error
                0x0000000000003878       0x20 _build/nrf52832_xxaa/cli_utils_cmds.c.o
 .text.drv_rtc_init
                0x0000000000003898      0x154 _build/nrf52832_xxaa/drv_rtc.c.o
                0x0000000000003898                drv_rtc_init
 .text.drv_rtc_start
                0x00000000000039ec       0x24 _build/nrf52832_xxaa/drv_rtc.c.o
                0x00000000000039ec                drv_rtc_start
 .text.drv_rtc_stop
                0x0000000000003a10       0x24 _build/nrf52832_xxaa/drv_rtc.c.o
                0x0000000000003a10                drv_rtc_stop
 .text.drv_rtc_windowed_compare_set
                0x0000000000003a34      0x10c _build/nrf52832_xxaa/drv_rtc.c.o
                0x0000000000003a34                drv_rtc_windowed_compare_set
 .text.drv_rtc_overflow_enable
                0x0000000000003b40       0x28 _build/nrf52832_xxaa/drv_rtc.c.o
                0x0000000000003b40                drv_rtc_overflow_enable
 .text.drv_rtc_overflow_pending
                0x0000000000003b68       0x34 _build/nrf52832_xxaa/drv_rtc.c.o
                0x0000000000003b68                drv_rtc_overflow_pending
 .text.drv_rtc_compare_pending
                0x0000000000003b9c       0x34 _build/nrf52832_xxaa/drv_rtc.c.o
                0x0000000000003b9c                drv_rtc_compare_pending
 .text.drv_rtc_counter_get
                0x0000000000003bd0        0x8 _build/nrf52832_xxaa/drv_rtc.c.o
                0x0000000000003bd0                drv_rtc_counter_get
 .text.drv_rtc_irq_trigger
                0x0000000000003bd8       0x20 _build/nrf52832_xxaa/drv_rtc.c.o
                0x0000000000003bd8                drv_rtc_irq_trigger
 .text.RTC1_IRQHandler
                0x0000000000003bf8       0x14 _build/nrf52832_xxaa/drv_rtc.c.o
                0x0000000000003bf8                RTC1_IRQHandler
 .text.record_find_by_desc
                0x0000000000003c0c       0xf4 _build/nrf52832_xxaa/fds.c.o
 .text.gc_record_find_next
                0x0000000000003d00       0xe0 _build/nrf52832_xxaa/fds.c.o
 .text.queue_process
                0x0000000000003de0      0x83c _build/nrf52832_xxaa/fds.c.o
 .text.fs_event_handler
                0x000000000000461c        0x8 _build/nrf52832_xxaa/fds.c.o
 .text.fds_init
                0x0000000000004624      0x3a0 _build/nrf52832_xxaa/fds.c.o
                0x0000000000004624                fds_init
 .text.fds_record_open
                0x00000000000049c4       0x50 _build/nrf52832_xxaa/fds.c.o
                0x00000000000049c4                fds_record_open
 .text.fds_record_close
                0x0000000000004a14       0x4c _build/nrf52832_xxaa/fds.c.o
                0x0000000000004a14                fds_record_close
 .text.fds_record_write
                0x0000000000004a60      0x13c _build/nrf52832_xxaa/fds.c.o
                0x0000000000004a60                fds_record_write
 .text.fds_record_update
                0x0000000000004b9c      0x140 _build/nrf52832_xxaa/fds.c.o
                0x0000000000004b9c                fds_record_update
 .text.fds_record_find
                0x0000000000004cdc       0xe4 _build/nrf52832_xxaa/fds.c.o
                0x0000000000004cdc                fds_record_find
 .text.fnmatchx
                0x0000000000004dc0      0x5e4 _build/nrf52832_xxaa/fnmatch.c.o
 .text.fnmatch  0x00000000000053a4      0x5d0 _build/nrf52832_xxaa/fnmatch.c.o
                0x00000000000053a4                fnmatch
 .text.HardFault_Handler
                0x0000000000005974       0x34 _build/nrf52832_xxaa/hardfault_handler_gcc.c.o
                0x0000000000005974                HardFault_Handler
 .text.HardFault_process
                0x00000000000059a8       0x24 _build/nrf52832_xxaa/hardfault_implementation.c.o
                0x00000000000059a8                HardFault_process
 .text.HardFault_c_handler
                0x00000000000059cc      0x160 _build/nrf52832_xxaa/hardfault_implementation.c.o
                0x00000000000059cc                HardFault_c_handler
 .text.assert_nrf_callback
                0x0000000000005b2c       0x1c _build/nrf52832_xxaa/nrf_assert.c.o
                0x0000000000005b2c                assert_nrf_callback
 .text.nrf_atfifo_init
                0x0000000000005b48       0x30 _build/nrf52832_xxaa/nrf_atfifo.c.o
                0x0000000000005b48                nrf_atfifo_init
 .text.nrf_atfifo_item_alloc
                0x0000000000005b78       0x58 _build/nrf52832_xxaa/nrf_atfifo.c.o
                0x0000000000005b78                nrf_atfifo_item_alloc
 .text.nrf_atfifo_item_put
                0x0000000000005bd0       0x20 _build/nrf52832_xxaa/nrf_atfifo.c.o
                0x0000000000005bd0                nrf_atfifo_item_put
 .text.nrf_atfifo_item_get
                0x0000000000005bf0       0x5c _build/nrf52832_xxaa/nrf_atfifo.c.o
                0x0000000000005bf0                nrf_atfifo_item_get
 .text.nrf_atfifo_item_free
                0x0000000000005c4c       0x20 _build/nrf52832_xxaa/nrf_atfifo.c.o
                0x0000000000005c4c                nrf_atfifo_item_free
 .text.nrf_atomic_u32_fetch_store
                0x0000000000005c6c       0x14 _build/nrf52832_xxaa/nrf_atomic.c.o
                0x0000000000005c6c                nrf_atomic_u32_fetch_store
 .text.nrf_atomic_u32_or
                0x0000000000005c80       0x18 _build/nrf52832_xxaa/nrf_atomic.c.o
                0x0000000000005c80                nrf_atomic_u32_or
 .text.nrf_atomic_u32_and
                0x0000000000005c98       0x18 _build/nrf52832_xxaa/nrf_atomic.c.o
                0x0000000000005c98                nrf_atomic_u32_and
 .text.nrf_atomic_u32_fetch_add
                0x0000000000005cb0       0x18 _build/nrf52832_xxaa/nrf_atomic.c.o
                0x0000000000005cb0                nrf_atomic_u32_fetch_add
 .text.nrf_atomic_u32_add
                0x0000000000005cc8       0x18 _build/nrf52832_xxaa/nrf_atomic.c.o
                0x0000000000005cc8                nrf_atomic_u32_add
 .text.nrf_atomic_u32_sub
                0x0000000000005ce0       0x18 _build/nrf52832_xxaa/nrf_atomic.c.o
                0x0000000000005ce0                nrf_atomic_u32_sub
 .text.nrf_atomic_flag_set_fetch
                0x0000000000005cf8       0x18 _build/nrf52832_xxaa/nrf_atomic.c.o
                0x0000000000005cf8                nrf_atomic_flag_set_fetch
 .text.nrf_atomic_flag_set
                0x0000000000005d10       0x18 _build/nrf52832_xxaa/nrf_atomic.c.o
                0x0000000000005d10                nrf_atomic_flag_set
 .text.nrf_atomic_flag_clear_fetch
                0x0000000000005d28       0x18 _build/nrf52832_xxaa/nrf_atomic.c.o
                0x0000000000005d28                nrf_atomic_flag_clear_fetch
 .text.nrf_atomic_flag_clear
                0x0000000000005d40       0x18 _build/nrf52832_xxaa/nrf_atomic.c.o
                0x0000000000005d40                nrf_atomic_flag_clear
 .text.nrf_balloc_status
                0x0000000000005d58       0xc8 _build/nrf52832_xxaa/nrf_balloc.c.o
 .text.nrf_balloc_init
                0x0000000000005e20       0x94 _build/nrf52832_xxaa/nrf_balloc.c.o
                0x0000000000005e20                nrf_balloc_init
 .text.nrf_balloc_alloc
                0x0000000000005eb4       0x58 _build/nrf52832_xxaa/nrf_balloc.c.o
                0x0000000000005eb4                nrf_balloc_alloc
 .text.nrf_balloc_free
                0x0000000000005f0c       0x4c _build/nrf52832_xxaa/nrf_balloc.c.o
                0x0000000000005f0c                nrf_balloc_free
 .text.nrf_log_backend_cli_panic_set
                0x0000000000005f58       0x20 _build/nrf52832_xxaa/nrf_cli.c.o
 .text.cli_transport_evt_handler
                0x0000000000005f78       0x2c _build/nrf52832_xxaa/nrf_cli.c.o
 .text.string_cmp
                0x0000000000005fa4       0x40 _build/nrf52832_xxaa/nrf_cli.c.o
 .text.cmd_get  0x0000000000005fe4       0x78 _build/nrf52832_xxaa/nrf_cli.c.o
 .text.unlikely.multiline_console_data_check.isra.36
                0x000000000000605c       0x56 _build/nrf52832_xxaa/nrf_cli.c.o
 *fill*         0x00000000000060b2        0x2 
 .text.make_argv.constprop.51
                0x00000000000060b4      0x224 _build/nrf52832_xxaa/nrf_cli.c.o
 .text.cli_write.constprop.56
                0x00000000000062d8       0xa8 _build/nrf52832_xxaa/nrf_cli.c.o
 .text.cursor_position_get
                0x0000000000006380      0x15c _build/nrf52832_xxaa/nrf_cli.c.o
 .text.format_offset_string_print.constprop.55
                0x00000000000064dc      0x148 _build/nrf52832_xxaa/nrf_cli.c.o
 .text.nrf_cli_fprintf.constprop.57
                0x0000000000006624      0x144 _build/nrf52832_xxaa/nrf_cli.c.o
 .text.nrf_cli_fprintf.constprop.58
                0x0000000000006768      0x12c _build/nrf52832_xxaa/nrf_cli.c.o
 .text.nrf_cli_help_print.constprop.53
                0x0000000000006894      0x19c _build/nrf52832_xxaa/nrf_cli.c.o
 .text.nrf_cli_cmd_clear
                0x0000000000006a30       0x98 _build/nrf52832_xxaa/nrf_cli.c.o
 .text.cursor_end_position_move
                0x0000000000006ac8       0xc4 _build/nrf52832_xxaa/nrf_cli.c.o
 .text.cursor_home_position_move
                0x0000000000006b8c       0xd8 _build/nrf52832_xxaa/nrf_cli.c.o
 .text.history_handle
                0x0000000000006c64      0x1bc _build/nrf52832_xxaa/nrf_cli.c.o
 .text.cursor_position_synchronize
                0x0000000000006e20      0x124 _build/nrf52832_xxaa/nrf_cli.c.o
 .text.completion_insert
                0x0000000000006f44       0xe4 _build/nrf52832_xxaa/nrf_cli.c.o
 .text.char_delete
                0x0000000000007028      0x150 _build/nrf52832_xxaa/nrf_cli.c.o
 .text.char_insert
                0x0000000000007178      0x2b8 _build/nrf52832_xxaa/nrf_cli.c.o
 .text.nrf_cli_init
                0x0000000000007430      0x170 _build/nrf52832_xxaa/nrf_cli.c.o
                0x0000000000007430                nrf_cli_init
 .text.nrf_cli_print_stream
                0x00000000000075a0        0x4 _build/nrf52832_xxaa/nrf_cli.c.o
                0x00000000000075a0                nrf_cli_print_stream
 .text.nrf_cli_fprintf
                0x00000000000075a4      0x164 _build/nrf52832_xxaa/nrf_cli.c.o
                0x00000000000075a4                nrf_cli_fprintf
 .text.cli_log_entry_process
                0x0000000000007708      0x1ec _build/nrf52832_xxaa/nrf_cli.c.o
 .text.nrf_log_backend_cli_flush
                0x00000000000078f4       0x20 _build/nrf52832_xxaa/nrf_cli.c.o
 .text.nrf_log_backend_cli_put
                0x0000000000007914       0x50 _build/nrf52832_xxaa/nrf_cli.c.o
 .text.nrf_cli_cmd_cli
                0x0000000000007964       0x60 _build/nrf52832_xxaa/nrf_cli.c.o
 .text.nrf_cli_cmd_resize
                0x00000000000079c4      0x144 _build/nrf52832_xxaa/nrf_cli.c.o
 .text.nrf_cli_start
                0x0000000000007b08       0xf0 _build/nrf52832_xxaa/nrf_cli.c.o
                0x0000000000007b08                nrf_cli_start
 .text.nrf_cli_process
                0x0000000000007bf8     0x161c _build/nrf52832_xxaa/nrf_cli.c.o
                0x0000000000007bf8                nrf_cli_process
 .text.nrf_cli_cmd_echo_off
                0x0000000000009214       0x30 _build/nrf52832_xxaa/nrf_cli.c.o
 .text.nrf_cli_cmd_cli_stats_reset
                0x0000000000009244       0x38 _build/nrf52832_xxaa/nrf_cli.c.o
                0x0000000000009244                nrf_cli_cmd_cli_stats_reset
 .text.nrf_cli_cmd_cli_stats_show
                0x000000000000927c       0x70 _build/nrf52832_xxaa/nrf_cli.c.o
                0x000000000000927c                nrf_cli_cmd_cli_stats_show
 .text.nrf_cli_cmd_echo_on
                0x00000000000092ec       0x30 _build/nrf52832_xxaa/nrf_cli.c.o
 .text.nrf_cli_cmd_resize_default
                0x000000000000931c       0x60 _build/nrf52832_xxaa/nrf_cli.c.o
 .text.nrf_cli_cmd_colors_off
                0x000000000000937c       0x30 _build/nrf52832_xxaa/nrf_cli.c.o
 .text.nrf_cli_cmd_colors_on
                0x00000000000093ac       0x30 _build/nrf52832_xxaa/nrf_cli.c.o
 .text.nrf_cli_cmd_echo
                0x00000000000093dc       0x7c _build/nrf52832_xxaa/nrf_cli.c.o
 .text.nrf_cli_cmd_history
                0x0000000000009458       0xc8 _build/nrf52832_xxaa/nrf_cli.c.o
 .text.nrf_cli_cmd_colors
                0x0000000000009520       0x88 _build/nrf52832_xxaa/nrf_cli.c.o
 .text.nrf_cli_cmd_cli_stats
                0x00000000000095a8       0x60 _build/nrf52832_xxaa/nrf_cli.c.o
                0x00000000000095a8                nrf_cli_cmd_cli_stats
 .text.nrf_cli_help_print
                0x0000000000009608      0x308 _build/nrf52832_xxaa/nrf_cli.c.o
                0x0000000000009608                nrf_cli_help_print
 .text.cli_rtt_read
                0x0000000000009910       0x2c _build/nrf52832_xxaa/nrf_cli_rtt.c.o
 .text.cli_rtt_uninit
                0x000000000000993c        0x8 _build/nrf52832_xxaa/nrf_cli_rtt.c.o
 .text.cli_rtt_init
                0x0000000000009944       0x24 _build/nrf52832_xxaa/nrf_cli_rtt.c.o
 .text.cli_rtt_write
                0x0000000000009968       0xa0 _build/nrf52832_xxaa/nrf_cli_rtt.c.o
 .text.cli_rtt_enable
                0x0000000000009a08       0x60 _build/nrf52832_xxaa/nrf_cli_rtt.c.o
 .text.timer_handler
                0x0000000000009a68       0x44 _build/nrf52832_xxaa/nrf_cli_rtt.c.o
 .text.cli_uart_read
                0x0000000000009aac       0x34 _build/nrf52832_xxaa/nrf_cli_uart.c.o
 .text.timer_handler
                0x0000000000009ae0       0x1c _build/nrf52832_xxaa/nrf_cli_uart.c.o
 .text.cli_uart_init
                0x0000000000009afc       0x4c _build/nrf52832_xxaa/nrf_cli_uart.c.o
 .text.cli_uart_uninit
                0x0000000000009b48       0x38 _build/nrf52832_xxaa/nrf_cli_uart.c.o
 .text.cli_uart_write
                0x0000000000009b80       0xa8 _build/nrf52832_xxaa/nrf_cli_uart.c.o
 .text.cli_uart_enable
                0x0000000000009c28       0xf0 _build/nrf52832_xxaa/nrf_cli_uart.c.o
 .text.uart_event_handler
                0x0000000000009d18      0x1ac _build/nrf52832_xxaa/nrf_cli_uart.c.o
 .text.nrf_fprintf_buffer_flush
                0x0000000000009ec4       0x28 _build/nrf52832_xxaa/nrf_fprintf.c.o
                0x0000000000009ec4                nrf_fprintf_buffer_flush
 .text.nrf_fprintf
                0x0000000000009eec       0x64 _build/nrf52832_xxaa/nrf_fprintf.c.o
                0x0000000000009eec                nrf_fprintf
 .text.unsigned_print
                0x0000000000009f50      0x148 _build/nrf52832_xxaa/nrf_fprintf_format.c.o
 .text.nrf_fprintf_fmt
                0x000000000000a098      0x73c _build/nrf52832_xxaa/nrf_fprintf_format.c.o
                0x000000000000a098                nrf_fprintf_fmt
 .text.nrf_fstorage_init
                0x000000000000a7d4       0x74 _build/nrf52832_xxaa/nrf_fstorage.c.o
                0x000000000000a7d4                nrf_fstorage_init
 .text.nrf_fstorage_write
                0x000000000000a848      0x184 _build/nrf52832_xxaa/nrf_fstorage.c.o
                0x000000000000a848                nrf_fstorage_write
 .text.nrf_fstorage_erase
                0x000000000000a9cc      0x134 _build/nrf52832_xxaa/nrf_fstorage.c.o
                0x000000000000a9cc                nrf_fstorage_erase
 .text.nrf_fstorage_rmap
                0x000000000000ab00       0x10 _build/nrf52832_xxaa/nrf_fstorage.c.o
                0x000000000000ab00                nrf_fstorage_rmap
 .text.init     0x000000000000ab10        0xc _build/nrf52832_xxaa/nrf_fstorage_nvmc.c.o
 .text.rmap     0x000000000000ab1c        0x4 _build/nrf52832_xxaa/nrf_fstorage_nvmc.c.o
 .text.wmap     0x000000000000ab20        0x4 _build/nrf52832_xxaa/nrf_fstorage_nvmc.c.o
 .text.is_busy  0x000000000000ab24       0x10 _build/nrf52832_xxaa/nrf_fstorage_nvmc.c.o
 .text.uninit   0x000000000000ab34       0x10 _build/nrf52832_xxaa/nrf_fstorage_nvmc.c.o
 .text.read     0x000000000000ab44       0x10 _build/nrf52832_xxaa/nrf_fstorage_nvmc.c.o
 .text.erase    0x000000000000ab54       0x68 _build/nrf52832_xxaa/nrf_fstorage_nvmc.c.o
 .text.write    0x000000000000abbc       0x5c _build/nrf52832_xxaa/nrf_fstorage_nvmc.c.o
 .text.nrf_memobj_pool_init
                0x000000000000ac18        0x4 _build/nrf52832_xxaa/nrf_memobj.c.o
                0x000000000000ac18                nrf_memobj_pool_init
 .text.nrf_memobj_alloc
                0x000000000000ac1c       0x84 _build/nrf52832_xxaa/nrf_memobj.c.o
                0x000000000000ac1c                nrf_memobj_alloc
 .text.nrf_memobj_free
                0x000000000000aca0       0x34 _build/nrf52832_xxaa/nrf_memobj.c.o
                0x000000000000aca0                nrf_memobj_free
 .text.nrf_memobj_get
                0x000000000000acd4        0x8 _build/nrf52832_xxaa/nrf_memobj.c.o
                0x000000000000acd4                nrf_memobj_get
 .text.nrf_memobj_put
                0x000000000000acdc       0x44 _build/nrf52832_xxaa/nrf_memobj.c.o
                0x000000000000acdc                nrf_memobj_put
 .text.nrf_memobj_write
                0x000000000000ad20       0xa8 _build/nrf52832_xxaa/nrf_memobj.c.o
                0x000000000000ad20                nrf_memobj_write
 .text.nrf_memobj_read
                0x000000000000adc8       0xa8 _build/nrf52832_xxaa/nrf_memobj.c.o
                0x000000000000adc8                nrf_memobj_read
 .text.nrf_pwr_mgmt_feed
                0x000000000000ae70        0x4 _build/nrf52832_xxaa/nrf_pwr_mgmt.c.o
                0x000000000000ae70                nrf_pwr_mgmt_feed
 .text.nrf_queue_status
                0x000000000000ae74      0x110 _build/nrf52832_xxaa/nrf_queue.c.o
 .text.nrf_queue_push
                0x000000000000af84      0x118 _build/nrf52832_xxaa/nrf_queue.c.o
                0x000000000000af84                nrf_queue_push
 .text.nrf_queue_generic_pop
                0x000000000000b09c       0xf4 _build/nrf52832_xxaa/nrf_queue.c.o
                0x000000000000b09c                nrf_queue_generic_pop
 .text.nrf_queue_max_utilization_get
                0x000000000000b190       0x20 _build/nrf52832_xxaa/nrf_queue.c.o
                0x000000000000b190                nrf_queue_max_utilization_get
 .text.nrf_queue_max_utilization_reset
                0x000000000000b1b0       0x24 _build/nrf52832_xxaa/nrf_queue.c.o
                0x000000000000b1b0                nrf_queue_max_utilization_reset
 .text.nrf_ringbuf_init
                0x000000000000b1d4       0x1c _build/nrf52832_xxaa/nrf_ringbuf.c.o
                0x000000000000b1d4                nrf_ringbuf_init
 .text.nrf_ringbuf_alloc
                0x000000000000b1f0       0xa4 _build/nrf52832_xxaa/nrf_ringbuf.c.o
                0x000000000000b1f0                nrf_ringbuf_alloc
 .text.nrf_ringbuf_put
                0x000000000000b294       0x34 _build/nrf52832_xxaa/nrf_ringbuf.c.o
                0x000000000000b294                nrf_ringbuf_put
 .text.nrf_ringbuf_cpy_put
                0x000000000000b2c8       0xa0 _build/nrf52832_xxaa/nrf_ringbuf.c.o
                0x000000000000b2c8                nrf_ringbuf_cpy_put
 .text.nrf_ringbuf_get
                0x000000000000b368       0xa8 _build/nrf52832_xxaa/nrf_ringbuf.c.o
                0x000000000000b368                nrf_ringbuf_get
 .text.nrf_ringbuf_cpy_get
                0x000000000000b410       0xa0 _build/nrf52832_xxaa/nrf_ringbuf.c.o
                0x000000000000b410                nrf_ringbuf_cpy_get
 .text.nrf_ringbuf_free
                0x000000000000b4b0       0x28 _build/nrf52832_xxaa/nrf_ringbuf.c.o
                0x000000000000b4b0                nrf_ringbuf_free
 .text.nrf_sortlist_add
                0x000000000000b4d8       0x44 _build/nrf52832_xxaa/nrf_sortlist.c.o
                0x000000000000b4d8                nrf_sortlist_add
 .text.nrf_sortlist_pop
                0x000000000000b51c       0x20 _build/nrf52832_xxaa/nrf_sortlist.c.o
                0x000000000000b51c                nrf_sortlist_pop
 .text.nrf_sortlist_peek
                0x000000000000b53c       0x20 _build/nrf52832_xxaa/nrf_sortlist.c.o
                0x000000000000b53c                nrf_sortlist_peek
 .text.nrf_sortlist_next
                0x000000000000b55c       0x1c _build/nrf52832_xxaa/nrf_sortlist.c.o
                0x000000000000b55c                nrf_sortlist_next
 .text.nrf_sortlist_remove
                0x000000000000b578       0x54 _build/nrf52832_xxaa/nrf_sortlist.c.o
                0x000000000000b578                nrf_sortlist_remove
 .text.nrf_strerror_get
                0x000000000000b5cc       0x6c _build/nrf52832_xxaa/nrf_strerror.c.o
                0x000000000000b5cc                nrf_strerror_get
 .text.clock_irq_handler
                0x000000000000b638       0x44 _build/nrf52832_xxaa/nrf_drv_clock.c.o
 .text.nrf_drv_clock_init
                0x000000000000b67c       0x34 _build/nrf52832_xxaa/nrf_drv_clock.c.o
                0x000000000000b67c                nrf_drv_clock_init
 .text.nrf_drv_clock_lfclk_request
                0x000000000000b6b0       0x80 _build/nrf52832_xxaa/nrf_drv_clock.c.o
                0x000000000000b6b0                nrf_drv_clock_lfclk_request
 .text.uarte_evt_handler
                0x000000000000b730       0x34 _build/nrf52832_xxaa/nrf_drv_uart.c.o
 .text.uart_evt_handler
                0x000000000000b764       0x34 _build/nrf52832_xxaa/nrf_drv_uart.c.o
 .text.nrf_drv_uart_init
                0x000000000000b798       0x80 _build/nrf52832_xxaa/nrf_drv_uart.c.o
                0x000000000000b798                nrf_drv_uart_init
 .text.nrf_nvmc_page_erase
                0x000000000000b818       0x30 _build/nrf52832_xxaa/nrf_nvmc.c.o
                0x000000000000b818                nrf_nvmc_page_erase
 .text.nrf_nvmc_write_words
                0x000000000000b848       0x4c _build/nrf52832_xxaa/nrf_nvmc.c.o
                0x000000000000b848                nrf_nvmc_write_words
 .text.nrfx_clock_init
                0x000000000000b894       0x2c _build/nrf52832_xxaa/nrfx_clock.c.o
                0x000000000000b894                nrfx_clock_init
 .text.nrfx_clock_enable
                0x000000000000b8c0       0x44 _build/nrf52832_xxaa/nrfx_clock.c.o
                0x000000000000b8c0                nrfx_clock_enable
 .text.nrfx_clock_lfclk_start
                0x000000000000b904       0x74 _build/nrf52832_xxaa/nrfx_clock.c.o
                0x000000000000b904                nrfx_clock_lfclk_start
 .text.nrfx_clock_irq_handler
                0x000000000000b978       0x64 _build/nrf52832_xxaa/nrfx_clock.c.o
                0x000000000000b978                nrfx_clock_irq_handler
 .text.GPIOTE_IRQHandler
                0x000000000000b9dc      0x620 _build/nrf52832_xxaa/nrfx_gpiote.c.o
                0x000000000000b9dc                GPIOTE_IRQHandler
 .text.POWER_CLOCK_IRQHandler
                0x000000000000bffc       0xb4 _build/nrf52832_xxaa/nrfx_power.c.o
                0x000000000000bffc                POWER_CLOCK_IRQHandler
 .text.UARTE0_UART0_IRQHandler
                0x000000000000c0b0       0x28 _build/nrf52832_xxaa/nrfx_prs.c.o
                0x000000000000c0b0                UARTE0_UART0_IRQHandler
 .text.nrfx_prs_acquire
                0x000000000000c0d8       0x58 _build/nrf52832_xxaa/nrfx_prs.c.o
                0x000000000000c0d8                nrfx_prs_acquire
 .text.nrfx_prs_release
                0x000000000000c130       0x28 _build/nrf52832_xxaa/nrfx_prs.c.o
                0x000000000000c130                nrfx_prs_release
 .text.nrfx_uart_0_irq_handler
                0x000000000000c158      0x1bc _build/nrf52832_xxaa/nrfx_uart.c.o
                0x000000000000c158                nrfx_uart_0_irq_handler
 .text.nrfx_uart_init
                0x000000000000c314      0x260 _build/nrf52832_xxaa/nrfx_uart.c.o
                0x000000000000c314                nrfx_uart_init
 .text.nrfx_uart_uninit
                0x000000000000c574      0x120 _build/nrf52832_xxaa/nrfx_uart.c.o
                0x000000000000c574                nrfx_uart_uninit
 .text.nrfx_uart_tx
                0x000000000000c694      0x124 _build/nrf52832_xxaa/nrfx_uart.c.o
                0x000000000000c694                nrfx_uart_tx
 .text.nrfx_uart_tx_in_progress
                0x000000000000c7b8       0x18 _build/nrf52832_xxaa/nrfx_uart.c.o
                0x000000000000c7b8                nrfx_uart_tx_in_progress
 .text.nrfx_uart_rx
                0x000000000000c7d0      0x19c _build/nrf52832_xxaa/nrfx_uart.c.o
                0x000000000000c7d0                nrfx_uart_rx
 .text.nrfx_uart_rx_abort
                0x000000000000c96c       0x14 _build/nrf52832_xxaa/nrfx_uart.c.o
                0x000000000000c96c                nrfx_uart_rx_abort
 .text.nrfx_uarte_0_irq_handler
                0x000000000000c980      0x11c _build/nrf52832_xxaa/nrfx_uarte.c.o
                0x000000000000c980                nrfx_uarte_0_irq_handler
 .text.nrfx_uarte_init
                0x000000000000ca9c      0x280 _build/nrf52832_xxaa/nrfx_uarte.c.o
                0x000000000000ca9c                nrfx_uarte_init
 .text.nrfx_uarte_uninit
                0x000000000000cd1c      0x128 _build/nrf52832_xxaa/nrfx_uarte.c.o
                0x000000000000cd1c                nrfx_uarte_uninit
 .text.nrfx_uarte_tx
                0x000000000000ce44      0x120 _build/nrf52832_xxaa/nrfx_uarte.c.o
                0x000000000000ce44                nrfx_uarte_tx
 .text.nrfx_uarte_tx_in_progress
                0x000000000000cf64       0x1c _build/nrf52832_xxaa/nrfx_uarte.c.o
                0x000000000000cf64                nrfx_uarte_tx_in_progress
 .text.nrfx_uarte_rx
                0x000000000000cf80      0x1ac _build/nrf52832_xxaa/nrfx_uarte.c.o
                0x000000000000cf80                nrfx_uarte_rx
 .text.nrfx_uarte_rx_abort
                0x000000000000d12c       0x2c _build/nrf52832_xxaa/nrfx_uarte.c.o
                0x000000000000d12c                nrfx_uarte_rx_abort
 .text.cmd_print_param
                0x000000000000d158       0x3c _build/nrf52832_xxaa/demo_cli_cmds.c.o
 .text.cmd_print_all
                0x000000000000d194       0x3c _build/nrf52832_xxaa/demo_cli_cmds.c.o
 .text.cmd_python
                0x000000000000d1d0        0xc _build/nrf52832_xxaa/demo_cli_cmds.c.o
 .text.dynamic_cmd_get
                0x000000000000d1dc       0x48 _build/nrf52832_xxaa/demo_cli_cmds.c.o
 .text.string_cmp
                0x000000000000d224       0x3c _build/nrf52832_xxaa/demo_cli_cmds.c.o
 .text.cmd_nordic
                0x000000000000d260       0x3c _build/nrf52832_xxaa/demo_cli_cmds.c.o
 .text.cmd_dynamic
                0x000000000000d29c       0x4c _build/nrf52832_xxaa/demo_cli_cmds.c.o
 .text.cmd_dynamic_show
                0x000000000000d2e8       0x98 _build/nrf52832_xxaa/demo_cli_cmds.c.o
 .text.cmd_print
                0x000000000000d380       0x80 _build/nrf52832_xxaa/demo_cli_cmds.c.o
 .text.cmd_counter
                0x000000000000d400       0xb8 _build/nrf52832_xxaa/demo_cli_cmds.c.o
 .text.cmd_dynamic_execute
                0x000000000000d4b8       0x9c _build/nrf52832_xxaa/demo_cli_cmds.c.o
 .text.cmd_dynamic_remove
                0x000000000000d554       0xc4 _build/nrf52832_xxaa/demo_cli_cmds.c.o
 .text.cmd_dynamic_add
                0x000000000000d618      0x118 _build/nrf52832_xxaa/demo_cli_cmds.c.o
 .text.cmd_counter_stop
                0x000000000000d730       0x20 _build/nrf52832_xxaa/demo_cli_cmds.c.o
 .text.cmd_counter_reset
                0x000000000000d750       0x20 _build/nrf52832_xxaa/demo_cli_cmds.c.o
 .text.cmd_counter_start
                0x000000000000d770       0x1c _build/nrf52832_xxaa/demo_cli_cmds.c.o
 .text.cli_example_stack_overflow_force
                0x000000000000d78c       0x30 _build/nrf52832_xxaa/demo_cli_cmds.c.o
                0x000000000000d78c                cli_example_stack_overflow_force
 .text.cmd_stack_overflow
                0x000000000000d7bc       0x18 _build/nrf52832_xxaa/demo_cli_cmds.c.o
 .text.timer_handle
                0x000000000000d7d4       0x44 _build/nrf52832_xxaa/main.c.o
 .text.startup.main
                0x000000000000d818      0x22c _build/nrf52832_xxaa/main.c.o
                0x000000000000d818                main
 .text.SEGGER_RTT_Read
                0x000000000000da44      0x104 _build/nrf52832_xxaa/SEGGER_RTT.c.o
                0x000000000000da44                SEGGER_RTT_Read
 .text.SEGGER_RTT_Write
                0x000000000000db48      0x1f0 _build/nrf52832_xxaa/SEGGER_RTT.c.o
                0x000000000000db48                SEGGER_RTT_Write
 .text.SEGGER_RTT_HasData
                0x000000000000dd38       0x18 _build/nrf52832_xxaa/SEGGER_RTT.c.o
                0x000000000000dd38                SEGGER_RTT_HasData
 .text.SEGGER_RTT_Init
                0x000000000000dd50       0x60 _build/nrf52832_xxaa/SEGGER_RTT.c.o
                0x000000000000dd50                SEGGER_RTT_Init
 .text.SystemInit
                0x000000000000ddb0      0x3c0 _build/nrf52832_xxaa/system_nrf52.c.o
                0x000000000000ddb0                SystemInit
 .text.exit     0x000000000000e170       0x28 /home/ez3kiel/.installs/gcc-arm-none-eabi-7-2018-q2-update/bin/../lib/gcc/arm-none-eabi/7.3.1/../../../../arm-none-eabi/lib/thumb/v7e-m/fpv4-sp/hard/libc_nano.a(lib_a-exit.o)
                0x000000000000e170                exit
 .text.__libc_init_array
                0x000000000000e198       0x48 /home/ez3kiel/.installs/gcc-arm-none-eabi-7-2018-q2-update/bin/../lib/gcc/arm-none-eabi/7.3.1/../../../../arm-none-eabi/lib/thumb/v7e-m/fpv4-sp/hard/libc_nano.a(lib_a-init.o)
                0x000000000000e198                __libc_init_array
 .text.__locale_ctype_ptr_l
                0x000000000000e1e0        0x6 /home/ez3kiel/.installs/gcc-arm-none-eabi-7-2018-q2-update/bin/../lib/gcc/arm-none-eabi/7.3.1/../../../../arm-none-eabi/lib/thumb/v7e-m/fpv4-sp/hard/libc_nano.a(lib_a-locale.o)
                0x000000000000e1e0                __locale_ctype_ptr_l
 *fill*         0x000000000000e1e6        0x2 
 .text.__locale_ctype_ptr
                0x000000000000e1e8       0x1c /home/ez3kiel/.installs/gcc-arm-none-eabi-7-2018-q2-update/bin/../lib/gcc/arm-none-eabi/7.3.1/../../../../arm-none-eabi/lib/thumb/v7e-m/fpv4-sp/hard/libc_nano.a(lib_a-locale.o)
                0x000000000000e1e8                __locale_ctype_ptr
 .text.__ascii_mbtowc
                0x000000000000e204       0x24 /home/ez3kiel/.installs/gcc-arm-none-eabi-7-2018-q2-update/bin/../lib/gcc/arm-none-eabi/7.3.1/../../../../arm-none-eabi/lib/thumb/v7e-m/fpv4-sp/hard/libc_nano.a(lib_a-mbtowc_r.o)
                0x000000000000e204                __ascii_mbtowc
 .text.memcpy   0x000000000000e228       0x16 /home/ez3kiel/.installs/gcc-arm-none-eabi-7-2018-q2-update/bin/../lib/gcc/arm-none-eabi/7.3.1/../../../../arm-none-eabi/lib/thumb/v7e-m/fpv4-sp/hard/libc_nano.a(lib_a-memcpy-stub.o)
                0x000000000000e228                memcpy
 .text.memmove  0x000000000000e23e       0x32 /home/ez3kiel/.installs/gcc-arm-none-eabi-7-2018-q2-update/bin/../lib/gcc/arm-none-eabi/7.3.1/../../../../arm-none-eabi/lib/thumb/v7e-m/fpv4-sp/hard/libc_nano.a(lib_a-memmove.o)
                0x000000000000e23e                memmove
 .text.memset   0x000000000000e270       0x10 /home/ez3kiel/.installs/gcc-arm-none-eabi-7-2018-q2-update/bin/../lib/gcc/arm-none-eabi/7.3.1/../../../../arm-none-eabi/lib/thumb/v7e-m/fpv4-sp/hard/libc_nano.a(lib_a-memset.o)
                0x000000000000e270                memset
 .text.swapfunc
                0x000000000000e280       0x32 /home/ez3kiel/.installs/gcc-arm-none-eabi-7-2018-q2-update/bin/../lib/gcc/arm-none-eabi/7.3.1/../../../../arm-none-eabi/lib/thumb/v7e-m/fpv4-sp/hard/libc_nano.a(lib_a-qsort.o)
 .text.med3.isra.1
                0x000000000000e2b2       0x3e /home/ez3kiel/.installs/gcc-arm-none-eabi-7-2018-q2-update/bin/../lib/gcc/arm-none-eabi/7.3.1/../../../../arm-none-eabi/lib/thumb/v7e-m/fpv4-sp/hard/libc_nano.a(lib_a-qsort.o)
 .text.qsort    0x000000000000e2f0      0x24e /home/ez3kiel/.installs/gcc-arm-none-eabi-7-2018-q2-update/bin/../lib/gcc/arm-none-eabi/7.3.1/../../../../arm-none-eabi/lib/thumb/v7e-m/fpv4-sp/hard/libc_nano.a(lib_a-qsort.o)
                0x000000000000e2f0                qsort
 *fill*         0x000000000000e53e        0x2 
 .text.sprintf  0x000000000000e540       0x40 /home/ez3kiel/.installs/gcc-arm-none-eabi-7-2018-q2-update/bin/../lib/gcc/arm-none-eabi/7.3.1/../../../../arm-none-eabi/lib/thumb/v7e-m/fpv4-sp/hard/libc_nano.a(lib_a-sprintf.o)
                0x000000000000e540                sprintf
                0x000000000000e540                siprintf
 .text.strchr   0x000000000000e580       0x1a /home/ez3kiel/.installs/gcc-arm-none-eabi-7-2018-q2-update/bin/../lib/gcc/arm-none-eabi/7.3.1/../../../../arm-none-eabi/lib/thumb/v7e-m/fpv4-sp/hard/libc_nano.a(lib_a-strchr.o)
                0x000000000000e580                strchr
 .text          0x000000000000e59a       0x14 /home/ez3kiel/.installs/gcc-arm-none-eabi-7-2018-q2-update/bin/../lib/gcc/arm-none-eabi/7.3.1/../../../../arm-none-eabi/lib/thumb/v7e-m/fpv4-sp/hard/libc_nano.a(lib_a-strcmp.o)
                0x000000000000e59a                strcmp
 .text.strcpy   0x000000000000e5ae       0x10 /home/ez3kiel/.installs/gcc-arm-none-eabi-7-2018-q2-update/bin/../lib/gcc/arm-none-eabi/7.3.1/../../../../arm-none-eabi/lib/thumb/v7e-m/fpv4-sp/hard/libc_nano.a(lib_a-strcpy.o)
                0x000000000000e5ae                strcpy
 .text          0x000000000000e5be       0x10 /home/ez3kiel/.installs/gcc-arm-none-eabi-7-2018-q2-update/bin/../lib/gcc/arm-none-eabi/7.3.1/../../../../arm-none-eabi/lib/thumb/v7e-m/fpv4-sp/hard/libc_nano.a(lib_a-strlen.o)
                0x000000000000e5be                strlen
 .text.strncmp  0x000000000000e5ce       0x24 /home/ez3kiel/.installs/gcc-arm-none-eabi-7-2018-q2-update/bin/../lib/gcc/arm-none-eabi/7.3.1/../../../../arm-none-eabi/lib/thumb/v7e-m/fpv4-sp/hard/libc_nano.a(lib_a-strncmp.o)
                0x000000000000e5ce                strncmp
 .text.strstr   0x000000000000e5f2       0x34 /home/ez3kiel/.installs/gcc-arm-none-eabi-7-2018-q2-update/bin/../lib/gcc/arm-none-eabi/7.3.1/../../../../arm-none-eabi/lib/thumb/v7e-m/fpv4-sp/hard/libc_nano.a(lib_a-strstr.o)
                0x000000000000e5f2                strstr
 .text._strtol_l.isra.0
                0x000000000000e626       0xf6 /home/ez3kiel/.installs/gcc-arm-none-eabi-7-2018-q2-update/bin/../lib/gcc/arm-none-eabi/7.3.1/../../../../arm-none-eabi/lib/thumb/v7e-m/fpv4-sp/hard/libc_nano.a(lib_a-strtol.o)
 .text.strtol   0x000000000000e71c       0x2c /home/ez3kiel/.installs/gcc-arm-none-eabi-7-2018-q2-update/bin/../lib/gcc/arm-none-eabi/7.3.1/../../../../arm-none-eabi/lib/thumb/v7e-m/fpv4-sp/hard/libc_nano.a(lib_a-strtol.o)
                0x000000000000e71c                strtol
 .text.__ascii_wctomb
                0x000000000000e748       0x1a /home/ez3kiel/.installs/gcc-arm-none-eabi-7-2018-q2-update/bin/../lib/gcc/arm-none-eabi/7.3.1/../../../../arm-none-eabi/lib/thumb/v7e-m/fpv4-sp/hard/libc_nano.a(lib_a-wctomb_r.o)
                0x000000000000e748                __ascii_wctomb
 .text.__ssputs_r
                0x000000000000e762       0xb4 /home/ez3kiel/.installs/gcc-arm-none-eabi-7-2018-q2-update/bin/../lib/gcc/arm-none-eabi/7.3.1/../../../../arm-none-eabi/lib/thumb/v7e-m/fpv4-sp/hard/libc_nano.a(lib_a-nano-svfprintf.o)
                0x000000000000e762                __ssputs_r
 *fill*         0x000000000000e816        0x2 
 .text._svfprintf_r
                0x000000000000e818      0x1f0 /home/ez3kiel/.installs/gcc-arm-none-eabi-7-2018-q2-update/bin/../lib/gcc/arm-none-eabi/7.3.1/../../../../arm-none-eabi/lib/thumb/v7e-m/fpv4-sp/hard/libc_nano.a(lib_a-nano-svfprintf.o)
                0x000000000000e818                _svfprintf_r
                0x000000000000e818                _svfiprintf_r
 .text._printf_common
                0x000000000000ea08       0xea /home/ez3kiel/.installs/gcc-arm-none-eabi-7-2018-q2-update/bin/../lib/gcc/arm-none-eabi/7.3.1/../../../../arm-none-eabi/lib/thumb/v7e-m/fpv4-sp/hard/libc_nano.a(lib_a-nano-vfprintf_i.o)
                0x000000000000ea08                _printf_common
 *fill*         0x000000000000eaf2        0x2 
 .text._printf_i
                0x000000000000eaf4      0x224 /home/ez3kiel/.installs/gcc-arm-none-eabi-7-2018-q2-update/bin/../lib/gcc/arm-none-eabi/7.3.1/../../../../arm-none-eabi/lib/thumb/v7e-m/fpv4-sp/hard/libc_nano.a(lib_a-nano-vfprintf_i.o)
                0x000000000000eaf4                _printf_i
 *fill*         0x000000000000ed18        0x8 
 .text          0x000000000000ed20       0xa0 /home/ez3kiel/.installs/gcc-arm-none-eabi-7-2018-q2-update/bin/../lib/gcc/arm-none-eabi/7.3.1/../../../../arm-none-eabi/lib/thumb/v7e-m/fpv4-sp/hard/libc_nano.a(lib_a-memchr.o)
                0x000000000000ed20                memchr
 .text._free_r  0x000000000000edc0       0x9c /home/ez3kiel/.installs/gcc-arm-none-eabi-7-2018-q2-update/bin/../lib/gcc/arm-none-eabi/7.3.1/../../../../arm-none-eabi/lib/thumb/v7e-m/fpv4-sp/hard/libc_nano.a(lib_a-nano-freer.o)
                0x000000000000edc0                _free_r
 .text._malloc_r
                0x000000000000ee5c       0xb4 /home/ez3kiel/.installs/gcc-arm-none-eabi-7-2018-q2-update/bin/../lib/gcc/arm-none-eabi/7.3.1/../../../../arm-none-eabi/lib/thumb/v7e-m/fpv4-sp/hard/libc_nano.a(lib_a-nano-mallocr.o)
                0x000000000000ee5c                _malloc_r
 .text._realloc_r
                0x000000000000ef10       0x4c /home/ez3kiel/.installs/gcc-arm-none-eabi-7-2018-q2-update/bin/../lib/gcc/arm-none-eabi/7.3.1/../../../../arm-none-eabi/lib/thumb/v7e-m/fpv4-sp/hard/libc_nano.a(lib_a-nano-reallocr.o)
                0x000000000000ef10                _realloc_r
 .text._sbrk_r  0x000000000000ef5c       0x20 /home/ez3kiel/.installs/gcc-arm-none-eabi-7-2018-q2-update/bin/../lib/gcc/arm-none-eabi/7.3.1/../../../../arm-none-eabi/lib/thumb/v7e-m/fpv4-sp/hard/libc_nano.a(lib_a-sbrkr.o)
                0x000000000000ef5c                _sbrk_r
 .text.__malloc_lock
                0x000000000000ef7c        0x2 /home/ez3kiel/.installs/gcc-arm-none-eabi-7-2018-q2-update/bin/../lib/gcc/arm-none-eabi/7.3.1/../../../../arm-none-eabi/lib/thumb/v7e-m/fpv4-sp/hard/libc_nano.a(lib_a-mlock.o)
                0x000000000000ef7c                __malloc_lock
 .text.__malloc_unlock
                0x000000000000ef7e        0x2 /home/ez3kiel/.installs/gcc-arm-none-eabi-7-2018-q2-update/bin/../lib/gcc/arm-none-eabi/7.3.1/../../../../arm-none-eabi/lib/thumb/v7e-m/fpv4-sp/hard/libc_nano.a(lib_a-mlock.o)
                0x000000000000ef7e                __malloc_unlock
 .text._malloc_usable_size_r
                0x000000000000ef80       0x10 /home/ez3kiel/.installs/gcc-arm-none-eabi-7-2018-q2-update/bin/../lib/gcc/arm-none-eabi/7.3.1/../../../../arm-none-eabi/lib/thumb/v7e-m/fpv4-sp/hard/libc_nano.a(lib_a-nano-msizer.o)
                0x000000000000ef80                _malloc_usable_size_r
 .text._sbrk    0x000000000000ef90       0x1c /home/ez3kiel/.installs/gcc-arm-none-eabi-7-2018-q2-update/bin/../lib/gcc/arm-none-eabi/7.3.1/../../../../arm-none-eabi/lib/thumb/v7e-m/fpv4-sp/hard/libnosys.a(sbrk.o)
                0x000000000000ef90                _sbrk
 .text._exit    0x000000000000efac        0x4 /home/ez3kiel/.installs/gcc-arm-none-eabi-7-2018-q2-update/bin/../lib/gcc/arm-none-eabi/7.3.1/../../../../arm-none-eabi/lib/thumb/v7e-m/fpv4-sp/hard/libnosys.a(_exit.o)
                0x000000000000efac                _exit
 *(.init)
 .init          0x000000000000efb0        0x4 /home/ez3kiel/.installs/gcc-arm-none-eabi-7-2018-q2-update/bin/../lib/gcc/arm-none-eabi/7.3.1/thumb/v7e-m/fpv4-sp/hard/crti.o
                0x000000000000efb0                _init
 .init          0x000000000000efb4        0x8 /home/ez3kiel/.installs/gcc-arm-none-eabi-7-2018-q2-update/bin/../lib/gcc/arm-none-eabi/7.3.1/thumb/v7e-m/fpv4-sp/hard/crtn.o
 *(.fini)
 .fini          0x000000000000efbc        0x4 /home/ez3kiel/.installs/gcc-arm-none-eabi-7-2018-q2-update/bin/../lib/gcc/arm-none-eabi/7.3.1/thumb/v7e-m/fpv4-sp/hard/crti.o
                0x000000000000efbc                _fini
 .fini          0x000000000000efc0        0x8 /home/ez3kiel/.installs/gcc-arm-none-eabi-7-2018-q2-update/bin/../lib/gcc/arm-none-eabi/7.3.1/thumb/v7e-m/fpv4-sp/hard/crtn.o
 *crtbegin.o(.ctors)
 *crtbegin?.o(.ctors)
 *(EXCLUDE_FILE(*crtend.o *crtend?.o) .ctors)
 *(SORT_BY_NAME(.ctors.*))
 *(.ctors)
 *crtbegin.o(.dtors)
 *crtbegin?.o(.dtors)
 *(EXCLUDE_FILE(*crtend.o *crtend?.o) .dtors)
 *(SORT_BY_NAME(.dtors.*))
 *(.dtors)
 *(.rodata*)
 .rodata.crashlog_str
                0x000000000000efc8       0x22 _build/nrf52832_xxaa/nrf_log_backend_flash.c.o
 *fill*         0x000000000000efea        0x2 
 .rodata.flashlog_read_cmd.str1.4
                0x000000000000efec       0x12 _build/nrf52832_xxaa/nrf_log_backend_flash.c.o
 *fill*         0x000000000000effe        0x2 
 .rodata.flashlog_status_cmd.str1.4
                0x000000000000f000       0x8b _build/nrf52832_xxaa/nrf_log_backend_flash.c.o
 *fill*         0x000000000000f08b        0x1 
 .rodata.log_msg_queue_process.constprop.7.str1.4
                0x000000000000f08c       0x47 _build/nrf52832_xxaa/nrf_log_backend_flash.c.o
 *fill*         0x000000000000f0d3        0x1 
 .rodata.m_flashlog_cmd
                0x000000000000f0d4        0x8 _build/nrf52832_xxaa/nrf_log_backend_flash.c.o
 .rodata.m_flashlog_cmd_raw
                0x000000000000f0dc       0x40 _build/nrf52832_xxaa/nrf_log_backend_flash.c.o
 .rodata.nrf_cli_flashlog_raw
                0x000000000000f11c       0x10 _build/nrf52832_xxaa/nrf_log_backend_flash.c.o
                0x000000000000f11c                nrf_cli_flashlog_raw
 .rodata.nrf_log_backend_crashlog_api
                0x000000000000f12c        0xc _build/nrf52832_xxaa/nrf_log_backend_flash.c.o
                0x000000000000f12c                nrf_log_backend_crashlog_api
 .rodata.nrf_log_backend_flashlog_api
                0x000000000000f138        0xc _build/nrf52832_xxaa/nrf_log_backend_flash.c.o
                0x000000000000f138                nrf_log_backend_flashlog_api
 .rodata.str1.4
                0x000000000000f144       0xe7 _build/nrf52832_xxaa/nrf_log_backend_flash.c.o
 *fill*         0x000000000000f22b        0x1 
 .rodata        0x000000000000f22c       0x20 _build/nrf52832_xxaa/nrf_log_backend_uart.c.o
 .rodata.nrf_log_backend_uart_api
                0x000000000000f24c        0xc _build/nrf52832_xxaa/nrf_log_backend_uart.c.o
                0x000000000000f24c                nrf_log_backend_uart_api
 .rodata.serial_tx.str1.4
                0x000000000000f258       0x46 _build/nrf52832_xxaa/nrf_log_backend_uart.c.o
 *fill*         0x000000000000f29e        0x2 
 .rodata.str1.4
                0x000000000000f2a0       0x11 _build/nrf52832_xxaa/nrf_log_default_backends.c.o
 *fill*         0x000000000000f2b1        0x3 
 .rodata.log_backend_ctrl.str1.4
                0x000000000000f2b4       0x95 _build/nrf52832_xxaa/nrf_log_frontend.c.o
 *fill*         0x000000000000f349        0x3 
 .rodata.log_backend_go.str1.4
                0x000000000000f34c       0x16 _build/nrf52832_xxaa/nrf_log_frontend.c.o
 *fill*         0x000000000000f362        0x2 
 .rodata.log_cmd.str1.4
                0x000000000000f364       0x21 _build/nrf52832_xxaa/nrf_log_frontend.c.o
 *fill*         0x000000000000f385        0x3 
 .rodata.log_cmd_backends_list.str1.4
                0x000000000000f388       0x55 _build/nrf52832_xxaa/nrf_log_frontend.c.o
 *fill*         0x000000000000f3dd        0x3 
 .rodata.log_config_load_cmd.str1.4
                0x000000000000f3e0       0x64 _build/nrf52832_xxaa/nrf_log_frontend.c.o
 .rodata.log_config_store_cmd.str1.4
                0x000000000000f444       0xa5 _build/nrf52832_xxaa/nrf_log_frontend.c.o
 *fill*         0x000000000000f4e9        0x3 
 .rodata.log_skip.str1.4
                0x000000000000f4ec       0x42 _build/nrf52832_xxaa/nrf_log_frontend.c.o
 *fill*         0x000000000000f52e        0x2 
 .rodata.log_status.str1.4
                0x000000000000f530       0xa2 _build/nrf52832_xxaa/nrf_log_frontend.c.o
                                         0xa6 (size before relaxing)
 *fill*         0x000000000000f5d2        0x2 
 .rodata.m_backend_name_dynamic
                0x000000000000f5d4        0x8 _build/nrf52832_xxaa/nrf_log_frontend.c.o
 .rodata.m_log_push_ringbuf
                0x000000000000f5dc        0xc _build/nrf52832_xxaa/nrf_log_frontend.c.o
 .rodata.m_module_name
                0x000000000000f5e8        0x8 _build/nrf52832_xxaa/nrf_log_frontend.c.o
 .rodata.m_severity_lvl
                0x000000000000f5f0        0x8 _build/nrf52832_xxaa/nrf_log_frontend.c.o
 .rodata.m_severity_lvls
                0x000000000000f5f8       0x14 _build/nrf52832_xxaa/nrf_log_frontend.c.o
 .rodata.m_severity_lvls_sorted
                0x000000000000f60c       0x14 _build/nrf52832_xxaa/nrf_log_frontend.c.o
 .rodata.m_sub_log_backend
                0x000000000000f620        0x8 _build/nrf52832_xxaa/nrf_log_frontend.c.o
 .rodata.m_sub_log_backend_raw
                0x000000000000f628       0x60 _build/nrf52832_xxaa/nrf_log_frontend.c.o
 .rodata.m_sub_log_config
                0x000000000000f688        0x8 _build/nrf52832_xxaa/nrf_log_frontend.c.o
 .rodata.m_sub_log_config_raw
                0x000000000000f690       0x30 _build/nrf52832_xxaa/nrf_log_frontend.c.o
 .rodata.m_sub_log_stat
                0x000000000000f6c0        0x8 _build/nrf52832_xxaa/nrf_log_frontend.c.o
 .rodata.m_sub_log_stat_raw
                0x000000000000f6c8       0x90 _build/nrf52832_xxaa/nrf_log_frontend.c.o
 .rodata.nrf_cli_log_raw
                0x000000000000f758       0x10 _build/nrf52832_xxaa/nrf_log_frontend.c.o
                0x000000000000f758                nrf_cli_log_raw
 .rodata.nrf_log_frontend_dequeue.part.10.str1.4
                0x000000000000f768       0x11 _build/nrf52832_xxaa/nrf_log_frontend.c.o
 *fill*         0x000000000000f779        0x3 
 .rodata.str1.4
                0x000000000000f77c      0x26b _build/nrf52832_xxaa/nrf_log_frontend.c.o
                                        0x283 (size before relaxing)
 *fill*         0x000000000000f9e7        0x1 
 .rodata.m_colors
                0x000000000000f9e8       0x24 _build/nrf52832_xxaa/nrf_log_str_formatter.c.o
 .rodata.nrf_log_hexdump_entry_process.str1.4
                0x000000000000fa0c       0x13 _build/nrf52832_xxaa/nrf_log_str_formatter.c.o
                                         0x16 (size before relaxing)
 *fill*         0x000000000000fa1f        0x1 
 .rodata.nrf_log_std_entry_process.str1.4
                0x000000000000fa20       0x52 _build/nrf52832_xxaa/nrf_log_str_formatter.c.o
                                         0x57 (size before relaxing)
 *fill*         0x000000000000fa72        0x2 
 .rodata.severity_names
                0x000000000000fa74       0x14 _build/nrf52832_xxaa/nrf_log_str_formatter.c.o
 .rodata.str1.4
                0x000000000000fa88       0x38 _build/nrf52832_xxaa/nrf_log_str_formatter.c.o
                                         0x56 (size before relaxing)
 .rodata.str1.4
                0x000000000000fac0        0xc _build/nrf52832_xxaa/nrf_mpu_lib.c.o
 .rodata.nrf_stack_guard_init.str1.4
                0x000000000000facc       0xd7 _build/nrf52832_xxaa/nrf_stack_guard.c.o
 *fill*         0x000000000000fba3        0x1 
 .rodata.str1.4
                0x000000000000fba4        0xc _build/nrf52832_xxaa/nrf_stack_guard.c.o
 .rodata.str1.4
                0x000000000000fbb0       0x25 _build/nrf52832_xxaa/app_button.c.o
 *fill*         0x000000000000fbd5        0x3 
 .rodata.app_error_fault_handler.str1.4
                0x000000000000fbd8       0x70 _build/nrf52832_xxaa/app_error_weak.c.o
 .rodata        0x000000000000fc48        0x4 _build/nrf52832_xxaa/app_timer2.c.o
 .rodata.app_timer_start.str1.4
                0x000000000000fc4c       0x2b _build/nrf52832_xxaa/app_timer2.c.o
 *fill*         0x000000000000fc77        0x1 
 .rodata.m_app_timer_sortlist
                0x000000000000fc78        0xc _build/nrf52832_xxaa/app_timer2.c.o
 .rodata.rtc_irq.str1.4
                0x000000000000fc84      0x12f _build/nrf52832_xxaa/app_timer2.c.o
 *fill*         0x000000000000fdb3        0x1 
 .rodata.str1.4
                0x000000000000fdb4       0x1e _build/nrf52832_xxaa/app_timer2.c.o
 *fill*         0x000000000000fdd2        0x2 
 .rodata.app_util_critical_region_enter.str1.4
                0x000000000000fdd4       0x40 _build/nrf52832_xxaa/app_util_platform.c.o
 .rodata.cmd_app_size.str1.4
                0x000000000000fe14       0x35 _build/nrf52832_xxaa/cli_utils_cmds.c.o
 *fill*         0x000000000000fe49        0x3 
 .rodata.cmd_error.str1.4
                0x000000000000fe4c       0x3c _build/nrf52832_xxaa/cli_utils_cmds.c.o
 .rodata.cmd_log_msg_error.str1.4
                0x000000000000fe88       0x76 _build/nrf52832_xxaa/cli_utils_cmds.c.o
 *fill*         0x000000000000fefe        0x2 
 .rodata.cmd_log_msg_warning.str1.4
                0x000000000000ff00       0x80 _build/nrf52832_xxaa/cli_utils_cmds.c.o
 .rodata.m_sub_log_msg
                0x000000000000ff80        0x8 _build/nrf52832_xxaa/cli_utils_cmds.c.o
 .rodata.m_sub_log_msg_raw
                0x000000000000ff88       0x30 _build/nrf52832_xxaa/cli_utils_cmds.c.o
 .rodata.nrf_cli_app_size_raw
                0x000000000000ffb8       0x10 _build/nrf52832_xxaa/cli_utils_cmds.c.o
                0x000000000000ffb8                nrf_cli_app_size_raw
 .rodata.nrf_cli_error_raw
                0x000000000000ffc8       0x10 _build/nrf52832_xxaa/cli_utils_cmds.c.o
                0x000000000000ffc8                nrf_cli_error_raw
 .rodata.nrf_cli_log_msg_raw
                0x000000000000ffd8       0x10 _build/nrf52832_xxaa/cli_utils_cmds.c.o
                0x000000000000ffd8                nrf_cli_log_msg_raw
 .rodata.nrf_cli_reset_raw
                0x000000000000ffe8       0x10 _build/nrf52832_xxaa/cli_utils_cmds.c.o
                0x000000000000ffe8                nrf_cli_reset_raw
 .rodata.str1.4
                0x000000000000fff8       0xc6 _build/nrf52832_xxaa/cli_utils_cmds.c.o
                                         0xd6 (size before relaxing)
 *fill*         0x00000000000100be        0x2 
 .rodata.delay_machine_code.7912
                0x00000000000100c0        0x6 _build/nrf52832_xxaa/drv_rtc.c.o
 *fill*         0x00000000000100c6        0x2 
 .rodata.drv_rtc_init.str1.4
                0x00000000000100c8       0xda _build/nrf52832_xxaa/drv_rtc.c.o
 *fill*         0x00000000000101a2        0x2 
 .rodata.drv_rtc_windowed_compare_set.str1.4
                0x00000000000101a4       0x72 _build/nrf52832_xxaa/drv_rtc.c.o
 *fill*         0x0000000000010216        0x2 
 .rodata.dirty_header.8645
                0x0000000000010218        0x4 _build/nrf52832_xxaa/fds.c.o
 .rodata.page_tag_data.8518
                0x000000000001021c        0x8 _build/nrf52832_xxaa/fds.c.o
 .rodata.page_tag_swap.8514
                0x0000000000010224        0x8 _build/nrf52832_xxaa/fds.c.o
 .rodata.queue_process.str1.4
                0x000000000001022c       0x31 _build/nrf52832_xxaa/fds.c.o
 *fill*         0x000000000001025d        0x3 
 .rodata.str1.4
                0x0000000000010260        0xf _build/nrf52832_xxaa/fds.c.o
 *fill*         0x000000000001026f        0x1 
 .rodata.HardFault_c_handler.str1.4
                0x0000000000010270      0x136 _build/nrf52832_xxaa/hardfault_implementation.c.o
 *fill*         0x00000000000103a6        0x2 
 .rodata.cfsr_msgs.8511
                0x00000000000103a8       0x68 _build/nrf52832_xxaa/hardfault_implementation.c.o
 .rodata.str1.4
                0x0000000000010410      0x4de _build/nrf52832_xxaa/hardfault_implementation.c.o
 *fill*         0x00000000000108ee        0x2 
 .rodata.nrf_balloc_commands
                0x00000000000108f0        0x8 _build/nrf52832_xxaa/nrf_balloc.c.o
 .rodata.nrf_balloc_commands_raw
                0x00000000000108f8       0x20 _build/nrf52832_xxaa/nrf_balloc.c.o
 .rodata.nrf_balloc_init.str1.4
                0x0000000000010918       0x3b _build/nrf52832_xxaa/nrf_balloc.c.o
 *fill*         0x0000000000010953        0x1 
 .rodata.nrf_balloc_status.str1.4
                0x0000000000010954       0xa2 _build/nrf52832_xxaa/nrf_balloc.c.o
 *fill*         0x00000000000109f6        0x2 
 .rodata.nrf_cli_balloc_raw
                0x00000000000109f8       0x10 _build/nrf52832_xxaa/nrf_balloc.c.o
                0x00000000000109f8                nrf_cli_balloc_raw
 .rodata.str1.4
                0x0000000000010a08       0x4a _build/nrf52832_xxaa/nrf_balloc.c.o
                                         0x52 (size before relaxing)
 .rodata.char_insert.str1.4
                0x0000000000010a52        0x3 _build/nrf52832_xxaa/nrf_cli.c.o
 *fill*         0x0000000000010a52        0x2 
 .rodata.cli_log_entry_process.str1.4
                0x0000000000010a54       0x2e _build/nrf52832_xxaa/nrf_cli.c.o
 *fill*         0x0000000000010a82        0x2 
 .rodata.cli_transport_evt_handler.str1.4
                0x0000000000010a84       0x35 _build/nrf52832_xxaa/nrf_cli.c.o
 *fill*         0x0000000000010ab9        0x3 
 .rodata.cmd.9206
                0x0000000000010abc        0x4 _build/nrf52832_xxaa/nrf_cli.c.o
 .rodata.cmd.9210
                0x0000000000010ac0        0x3 _build/nrf52832_xxaa/nrf_cli.c.o
 *fill*         0x0000000000010ac3        0x1 
 .rodata.cmd.9214
                0x0000000000010ac4        0x3 _build/nrf52832_xxaa/nrf_cli.c.o
 *fill*         0x0000000000010ac7        0x1 
 .rodata.cmd.9307
                0x0000000000010ac8        0x4 _build/nrf52832_xxaa/nrf_cli.c.o
 .rodata.cmd.9355
                0x0000000000010acc        0x4 _build/nrf52832_xxaa/nrf_cli.c.o
 .rodata.cmd.9504
                0x0000000000010ad0        0x4 _build/nrf52832_xxaa/nrf_cli.c.o
 .rodata.cmd.9505
                0x0000000000010ad4        0x5 _build/nrf52832_xxaa/nrf_cli.c.o
 *fill*         0x0000000000010ad9        0x3 
 .rodata.cmd.9782
                0x0000000000010adc        0x4 _build/nrf52832_xxaa/nrf_cli.c.o
 .rodata.cmd.9783
                0x0000000000010ae0        0x5 _build/nrf52832_xxaa/nrf_cli.c.o
 *fill*         0x0000000000010ae5        0x3 
 .rodata.cmd.9852
                0x0000000000010ae8        0x6 _build/nrf52832_xxaa/nrf_cli.c.o
 *fill*         0x0000000000010aee        0x2 
 .rodata.cmd_bspace.9348
                0x0000000000010af0        0x4 _build/nrf52832_xxaa/nrf_cli.c.o
 .rodata.cmd_get_terminal_size.9281
                0x0000000000010af4        0x5 _build/nrf52832_xxaa/nrf_cli.c.o
 *fill*         0x0000000000010af9        0x3 
 .rodata.cmd_sep.9709
                0x0000000000010afc        0x4 _build/nrf52832_xxaa/nrf_cli.c.o
 .rodata.cursor_end_position_move.str1.4
                0x0000000000010b00        0xe _build/nrf52832_xxaa/nrf_cli.c.o
 *fill*         0x0000000000010b0e        0x2 
 .rodata.cursor_home_position_move.str1.4
                0x0000000000010b10        0x6 _build/nrf52832_xxaa/nrf_cli.c.o
 *fill*         0x0000000000010b16        0xa 
 .rodata.delay_machine_code.8796
                0x0000000000010b20        0x6 _build/nrf52832_xxaa/nrf_cli.c.o
 *fill*         0x0000000000010b26        0x2 
 .rodata.format_offset_string_print.constprop.55.str1.4
                0x0000000000010b28        0x6 _build/nrf52832_xxaa/nrf_cli.c.o
                                          0xa (size before relaxing)
 *fill*         0x0000000000010b2e        0x2 
 .rodata.help.9708
                0x0000000000010b30        0xb _build/nrf52832_xxaa/nrf_cli.c.o
 *fill*         0x0000000000010b3b        0x1 
 .rodata.m_sub_cli
                0x0000000000010b3c        0x8 _build/nrf52832_xxaa/nrf_cli.c.o
 .rodata.m_sub_cli_raw
                0x0000000000010b44       0x40 _build/nrf52832_xxaa/nrf_cli.c.o
 .rodata.m_sub_cli_stats
                0x0000000000010b84        0x8 _build/nrf52832_xxaa/nrf_cli.c.o
 .rodata.m_sub_cli_stats_raw
                0x0000000000010b8c       0x30 _build/nrf52832_xxaa/nrf_cli.c.o
 .rodata.m_sub_colors
                0x0000000000010bbc        0x8 _build/nrf52832_xxaa/nrf_cli.c.o
 .rodata.m_sub_colors_raw
                0x0000000000010bc4       0x30 _build/nrf52832_xxaa/nrf_cli.c.o
 .rodata.m_sub_echo
                0x0000000000010bf4        0x8 _build/nrf52832_xxaa/nrf_cli.c.o
 .rodata.m_sub_echo_raw
                0x0000000000010bfc       0x30 _build/nrf52832_xxaa/nrf_cli.c.o
 .rodata.m_sub_resize
                0x0000000000010c2c        0x8 _build/nrf52832_xxaa/nrf_cli.c.o
 .rodata.m_sub_resize_raw
                0x0000000000010c34       0x20 _build/nrf52832_xxaa/nrf_cli.c.o
 .rodata.nrf_cli_clear_raw
                0x0000000000010c54       0x10 _build/nrf52832_xxaa/nrf_cli.c.o
                0x0000000000010c54                nrf_cli_clear_raw
 .rodata.nrf_cli_cli_raw
                0x0000000000010c64       0x10 _build/nrf52832_xxaa/nrf_cli.c.o
                0x0000000000010c64                nrf_cli_cli_raw
 .rodata.nrf_cli_cmd_cli.str1.4
                0x0000000000010c74       0x1e _build/nrf52832_xxaa/nrf_cli.c.o
 *fill*         0x0000000000010c92        0x2 
 .rodata.nrf_cli_cmd_cli_stats_show.str1.4
                0x0000000000010c94       0x37 _build/nrf52832_xxaa/nrf_cli.c.o
 *fill*         0x0000000000010ccb        0x1 
 .rodata.nrf_cli_cmd_echo.str1.4
                0x0000000000010ccc       0x15 _build/nrf52832_xxaa/nrf_cli.c.o
                                         0x19 (size before relaxing)
 *fill*         0x0000000000010ce1        0x3 
 .rodata.nrf_cli_cmd_history.str1.4
                0x0000000000010ce4        0xa _build/nrf52832_xxaa/nrf_cli.c.o
 *fill*         0x0000000000010cee        0x2 
 .rodata.nrf_cli_cmd_resize.str1.4
                0x0000000000010cf0       0x61 _build/nrf52832_xxaa/nrf_cli.c.o
                                         0x79 (size before relaxing)
 .rodata.nrf_cli_fprintf.constprop.57.str1.4
                0x0000000000010d51        0x3 _build/nrf52832_xxaa/nrf_cli.c.o
 *fill*         0x0000000000010d51        0x3 
 .rodata.nrf_cli_help_print.constprop.53.str1.4
                0x0000000000010d54       0x36 _build/nrf52832_xxaa/nrf_cli.c.o
                                         0x3e (size before relaxing)
 *fill*         0x0000000000010d8a        0x2 
 .rodata.nrf_cli_help_print.str1.4
                0x0000000000010d8c        0x9 _build/nrf52832_xxaa/nrf_cli.c.o
 *fill*         0x0000000000010d95        0x3 
 .rodata.nrf_cli_history_raw
                0x0000000000010d98       0x10 _build/nrf52832_xxaa/nrf_cli.c.o
                0x0000000000010d98                nrf_cli_history_raw
 .rodata.nrf_cli_process.str1.4
                0x0000000000010da8       0xf8 _build/nrf52832_xxaa/nrf_cli.c.o
 .rodata.nrf_cli_resize_raw
                0x0000000000010ea0       0x10 _build/nrf52832_xxaa/nrf_cli.c.o
                0x0000000000010ea0                nrf_cli_resize_raw
 .rodata.nrf_cli_start.str1.4
                0x0000000000010eb0       0xf8 _build/nrf52832_xxaa/nrf_cli.c.o
                                          0x3 (size before relaxing)
 .rodata.nrf_log_backend_cli_api
                0x0000000000010eb0        0xc _build/nrf52832_xxaa/nrf_cli.c.o
                0x0000000000010eb0                nrf_log_backend_cli_api
 .rodata.opt_sep.9707
                0x0000000000010ebc        0x3 _build/nrf52832_xxaa/nrf_cli.c.o
 *fill*         0x0000000000010ebf        0x1 
 .rodata.str1.4
                0x0000000000010ec0      0x29b _build/nrf52832_xxaa/nrf_cli.c.o
                                        0x2ab (size before relaxing)
 *fill*         0x000000000001115b        0x1 
 .rodata.cli_rtt_read.str1.4
                0x000000000001115c       0x3d _build/nrf52832_xxaa/nrf_cli_rtt.c.o
 *fill*         0x0000000000011199        0x7 
 .rodata.delay_machine_code.8959
                0x00000000000111a0        0x6 _build/nrf52832_xxaa/nrf_cli_rtt.c.o
 *fill*         0x00000000000111a6        0x2 
 .rodata.nrf_cli_rtt_transport_api
                0x00000000000111a8       0x14 _build/nrf52832_xxaa/nrf_cli_rtt.c.o
                0x00000000000111a8                nrf_cli_rtt_transport_api
 .rodata.cli_uart_read.str1.4
                0x00000000000111bc       0x3f _build/nrf52832_xxaa/nrf_cli_uart.c.o
 *fill*         0x00000000000111fb        0x1 
 .rodata.nrf_cli_uart_transport_api
                0x00000000000111fc       0x14 _build/nrf52832_xxaa/nrf_cli_uart.c.o
                0x00000000000111fc                nrf_cli_uart_transport_api
 .rodata.str1.4
                0x0000000000011210        0x9 _build/nrf52832_xxaa/nrf_cli_uart.c.o
 *fill*         0x0000000000011219        0x3 
 .rodata.nrf_fprintf_buffer_flush.str1.4
                0x000000000001121c       0x31 _build/nrf52832_xxaa/nrf_fprintf.c.o
 *fill*         0x000000000001124d        0x3 
 .rodata._aV2C.7399
                0x0000000000011250       0x10 _build/nrf52832_xxaa/nrf_fprintf_format.c.o
 .rodata.nrf_fprintf_fmt.str1.4
                0x0000000000011260       0x38 _build/nrf52832_xxaa/nrf_fprintf_format.c.o
 .rodata.__func__.7573
                0x0000000000011298       0x12 _build/nrf52832_xxaa/nrf_fstorage.c.o
 *fill*         0x00000000000112aa        0x2 
 .rodata.__func__.7594
                0x00000000000112ac       0x13 _build/nrf52832_xxaa/nrf_fstorage.c.o
 *fill*         0x00000000000112bf        0x1 
 .rodata.__func__.7601
                0x00000000000112c0       0x13 _build/nrf52832_xxaa/nrf_fstorage.c.o
 *fill*         0x00000000000112d3        0x1 
 .rodata.nrf_fstorage_erase.str1.4
                0x00000000000112d4       0x77 _build/nrf52832_xxaa/nrf_fstorage.c.o
 *fill*         0x000000000001134b        0x1 
 .rodata.nrf_fstorage_init.str1.4
                0x000000000001134c       0x3a _build/nrf52832_xxaa/nrf_fstorage.c.o
 *fill*         0x0000000000011386        0x2 
 .rodata.nrf_fstorage_read.str1.4
                0x0000000000011388       0x4a _build/nrf52832_xxaa/nrf_fstorage.c.o
 *fill*         0x00000000000113d2        0x2 
 .rodata.nrf_fstorage_uninit.str1.4
                0x00000000000113d4        0xc _build/nrf52832_xxaa/nrf_fstorage.c.o
 .rodata.nrf_fstorage_write.str1.4
                0x00000000000113e0       0x97 _build/nrf52832_xxaa/nrf_fstorage.c.o
 *fill*         0x0000000000011477        0x1 
 .rodata.str1.4
                0x0000000000011478        0xd _build/nrf52832_xxaa/nrf_fstorage.c.o
 *fill*         0x0000000000011485        0x3 
 .rodata.m_flash_info
                0x0000000000011488        0xc _build/nrf52832_xxaa/nrf_fstorage_nvmc.c.o
 .rodata.nrf_fstorage_nvmc
                0x0000000000011494       0x20 _build/nrf52832_xxaa/nrf_fstorage_nvmc.c.o
                0x0000000000011494                nrf_fstorage_nvmc
 .rodata.nrf_memobj_write.str1.4
                0x00000000000114b4       0x3b _build/nrf52832_xxaa/nrf_memobj.c.o
 *fill*         0x00000000000114ef        0x1 
 .rodata.str1.4
                0x00000000000114f0        0x9 _build/nrf52832_xxaa/nrf_pwr_mgmt.c.o
 *fill*         0x00000000000114f9        0x3 
 .rodata.nrf_cli_queue_raw
                0x00000000000114fc       0x10 _build/nrf52832_xxaa/nrf_queue.c.o
                0x00000000000114fc                nrf_cli_queue_raw
 .rodata.nrf_queue_commands
                0x000000000001150c        0x8 _build/nrf52832_xxaa/nrf_queue.c.o
 .rodata.nrf_queue_commands_raw
                0x0000000000011514       0x20 _build/nrf52832_xxaa/nrf_queue.c.o
 .rodata.nrf_queue_is_full.str1.4
                0x0000000000011534       0x39 _build/nrf52832_xxaa/nrf_queue.c.o
 *fill*         0x000000000001156d        0x3 
 .rodata.nrf_queue_status.str1.4
                0x0000000000011570       0x94 _build/nrf52832_xxaa/nrf_queue.c.o
                                         0xa8 (size before relaxing)
 .rodata.str1.4
                0x0000000000011604       0x21 _build/nrf52832_xxaa/nrf_queue.c.o
                                         0x51 (size before relaxing)
 *fill*         0x0000000000011625        0x3 
 .rodata.nrf_ringbuf_alloc.str1.4
                0x0000000000011628       0x3d _build/nrf52832_xxaa/nrf_ringbuf.c.o
 *fill*         0x0000000000011665        0x3 
 .rodata.nrf_sortlist_add.str1.4
                0x0000000000011668       0x3f _build/nrf52832_xxaa/nrf_sortlist.c.o
 *fill*         0x00000000000116a7        0x1 
 .rodata.str1.4
                0x00000000000116a8        0x9 _build/nrf52832_xxaa/nrf_sortlist.c.o
 *fill*         0x00000000000116b1        0x3 
 .rodata.m_unknown_str
                0x00000000000116b4       0x13 _build/nrf52832_xxaa/nrf_strerror.c.o
 *fill*         0x00000000000116c7        0x1 
 .rodata.nrf_strerror_array
                0x00000000000116c8      0x118 _build/nrf52832_xxaa/nrf_strerror.c.o
 .rodata.str1.4
                0x00000000000117e0      0x3bd _build/nrf52832_xxaa/nrf_strerror.c.o
 *fill*         0x0000000000011b9d        0x3 
 .rodata.nrf_drv_clock_uninit.str1.4
                0x0000000000011ba0       0x3a _build/nrf52832_xxaa/nrf_drv_clock.c.o
 *fill*         0x0000000000011bda        0x2 
 .rodata.str1.4
                0x0000000000011bdc        0x6 _build/nrf52832_xxaa/nrf_drv_clock.c.o
 *fill*         0x0000000000011be2        0x2 
 .rodata.nrfx_clock_init.str1.4
                0x0000000000011be4       0x38 _build/nrf52832_xxaa/nrfx_clock.c.o
 .rodata.str1.4
                0x0000000000011c1c        0x6 _build/nrf52832_xxaa/nrfx_clock.c.o
 *fill*         0x0000000000011c22        0x2 
 .rodata.nrfx_gpiote_out_init.str1.4
                0x0000000000011c24       0x2e _build/nrf52832_xxaa/nrfx_gpiote.c.o
 *fill*         0x0000000000011c52        0x2 
 .rodata.str1.4
                0x0000000000011c54        0x7 _build/nrf52832_xxaa/nrfx_gpiote.c.o
 *fill*         0x0000000000011c5b        0x1 
 .rodata.nrfx_power_init.str1.4
                0x0000000000011c5c       0x38 _build/nrf52832_xxaa/nrfx_power.c.o
 .rodata.UARTE0_UART0_IRQHandler.str1.4
                0x0000000000011c94       0x3a _build/nrf52832_xxaa/nrfx_prs.c.o
 *fill*         0x0000000000011cce        0x2 
 .rodata.str1.4
                0x0000000000011cd0        0x4 _build/nrf52832_xxaa/nrfx_prs.c.o
 .rodata.nrfx_uart_init.str1.4
                0x0000000000011cd4       0x37 _build/nrf52832_xxaa/nrfx_uart.c.o
                                         0x97 (size before relaxing)
 *fill*         0x0000000000011d0b        0x1 
 .rodata.str1.4
                0x0000000000011d0c        0x5 _build/nrf52832_xxaa/nrfx_uart.c.o
 *fill*         0x0000000000011d11        0x3 
 .rodata.nrfx_uarte_init.str1.4
                0x0000000000011d14       0x38 _build/nrf52832_xxaa/nrfx_uarte.c.o
                                         0x97 (size before relaxing)
 .rodata.str1.4
                0x0000000000011d4c        0x6 _build/nrf52832_xxaa/nrfx_uarte.c.o
 *fill*         0x0000000000011d52        0x2 
 .rodata.str1.4
                0x0000000000011d54       0x51 _build/nrf52832_xxaa/bsp.c.o
 *fill*         0x0000000000011da5        0x3 
 .rodata.cmd_counter.str1.4
                0x0000000000011da8       0x1f _build/nrf52832_xxaa/demo_cli_cmds.c.o
 *fill*         0x0000000000011dc7        0x1 
 .rodata.cmd_dynamic.str1.4
                0x0000000000011dc8       0x3b _build/nrf52832_xxaa/demo_cli_cmds.c.o
 *fill*         0x0000000000011e03        0x1 
 .rodata.cmd_dynamic_add.str1.4
                0x0000000000011e04       0x9c _build/nrf52832_xxaa/demo_cli_cmds.c.o
                                         0xa0 (size before relaxing)
 .rodata.cmd_dynamic_execute.str1.4
                0x0000000000011ea0       0x32 _build/nrf52832_xxaa/demo_cli_cmds.c.o
 *fill*         0x0000000000011ed2        0x2 
 .rodata.cmd_dynamic_remove.str1.4
                0x0000000000011ed4       0x3a _build/nrf52832_xxaa/demo_cli_cmds.c.o
 *fill*         0x0000000000011f0e        0x2 
 .rodata.cmd_dynamic_show.str1.4
                0x0000000000011f10       0x3b _build/nrf52832_xxaa/demo_cli_cmds.c.o
                                         0x46 (size before relaxing)
 *fill*         0x0000000000011f4b        0x1 
 .rodata.cmd_nordic.str1.4
                0x0000000000011f4c      0x435 _build/nrf52832_xxaa/demo_cli_cmds.c.o
 *fill*         0x0000000000012381        0x3 
 .rodata.cmd_print.str1.4
                0x0000000000012384       0x1b _build/nrf52832_xxaa/demo_cli_cmds.c.o
 *fill*         0x000000000001239f        0x1 
 .rodata.cmd_print_all.str1.4
                0x00000000000123a0        0x4 _build/nrf52832_xxaa/demo_cli_cmds.c.o
                                          0x6 (size before relaxing)
 .rodata.cmd_print_param.str1.4
                0x00000000000123a4        0xf _build/nrf52832_xxaa/demo_cli_cmds.c.o
 *fill*         0x00000000000123b3        0x1 
 .rodata.cmd_python.str1.4
                0x00000000000123b4        0xe _build/nrf52832_xxaa/demo_cli_cmds.c.o
 *fill*         0x00000000000123c2        0x2 
 .rodata.dynamic_cmd_get.str1.4
                0x00000000000123c4       0x37 _build/nrf52832_xxaa/demo_cli_cmds.c.o
 *fill*         0x00000000000123fb        0x1 
 .rodata.m_sub_counter
                0x00000000000123fc        0x8 _build/nrf52832_xxaa/demo_cli_cmds.c.o
 .rodata.m_sub_counter_raw
                0x0000000000012404       0x40 _build/nrf52832_xxaa/demo_cli_cmds.c.o
 .rodata.m_sub_dynamic
                0x0000000000012444        0x8 _build/nrf52832_xxaa/demo_cli_cmds.c.o
 .rodata.m_sub_dynamic_raw
                0x000000000001244c       0x50 _build/nrf52832_xxaa/demo_cli_cmds.c.o
 .rodata.m_sub_dynamic_set
                0x000000000001249c        0x8 _build/nrf52832_xxaa/demo_cli_cmds.c.o
 .rodata.m_sub_print
                0x00000000000124a4        0x8 _build/nrf52832_xxaa/demo_cli_cmds.c.o
 .rodata.m_sub_print_raw
                0x00000000000124ac       0x30 _build/nrf52832_xxaa/demo_cli_cmds.c.o
 .rodata.nrf_cli_counter_raw
                0x00000000000124dc       0x10 _build/nrf52832_xxaa/demo_cli_cmds.c.o
                0x00000000000124dc                nrf_cli_counter_raw
 .rodata.nrf_cli_dynamic_raw
                0x00000000000124ec       0x10 _build/nrf52832_xxaa/demo_cli_cmds.c.o
                0x00000000000124ec                nrf_cli_dynamic_raw
 .rodata.nrf_cli_nordic_raw
                0x00000000000124fc       0x10 _build/nrf52832_xxaa/demo_cli_cmds.c.o
                0x00000000000124fc                nrf_cli_nordic_raw
 .rodata.nrf_cli_print_raw
                0x000000000001250c       0x10 _build/nrf52832_xxaa/demo_cli_cmds.c.o
                0x000000000001250c                nrf_cli_print_raw
 .rodata.nrf_cli_python_raw
                0x000000000001251c       0x10 _build/nrf52832_xxaa/demo_cli_cmds.c.o
                0x000000000001251c                nrf_cli_python_raw
 .rodata.nrf_cli_stack_overflow_raw
                0x000000000001252c       0x10 _build/nrf52832_xxaa/demo_cli_cmds.c.o
                0x000000000001252c                nrf_cli_stack_overflow_raw
 .rodata.opt.8929
                0x000000000001253c        0xc _build/nrf52832_xxaa/demo_cli_cmds.c.o
 .rodata.str1.4
                0x0000000000012548      0x3a5 _build/nrf52832_xxaa/demo_cli_cmds.c.o
                                        0x3b5 (size before relaxing)
 *fill*         0x00000000000128ed        0x3 
 .rodata        0x00000000000128f0       0x20 _build/nrf52832_xxaa/main.c.o
 .rodata.m_cli_rtt
                0x0000000000012910       0x18 _build/nrf52832_xxaa/main.c.o
 .rodata.m_cli_rtt_transport
                0x0000000000012928        0xc _build/nrf52832_xxaa/main.c.o
 .rodata.m_cli_rtt_transport_timer
                0x0000000000012934        0x4 _build/nrf52832_xxaa/main.c.o
 .rodata.m_cli_uart
                0x0000000000012938       0x18 _build/nrf52832_xxaa/main.c.o
 .rodata.m_cli_uart_transport
                0x0000000000012950       0x18 _build/nrf52832_xxaa/main.c.o
 .rodata.m_cli_uart_transport_rx_ringbuf
                0x0000000000012968        0xc _build/nrf52832_xxaa/main.c.o
 .rodata.m_cli_uart_transport_timer
                0x0000000000012974        0x4 _build/nrf52832_xxaa/main.c.o
 .rodata.m_cli_uart_transport_tx_ringbuf
                0x0000000000012978        0xc _build/nrf52832_xxaa/main.c.o
 .rodata.m_cli_uart_transport_uart
                0x0000000000012984       0x14 _build/nrf52832_xxaa/main.c.o
 .rodata.m_timer_0
                0x0000000000012998        0x4 _build/nrf52832_xxaa/main.c.o
 .rodata.main.str1.4
                0x000000000001299c       0x75 _build/nrf52832_xxaa/main.c.o
 *fill*         0x0000000000012a11        0x3 
 .rodata.str1.4
                0x0000000000012a14      0x1d8 _build/nrf52832_xxaa/main.c.o
 .rodata.timer_handle.str1.4
                0x0000000000012bec        0xe _build/nrf52832_xxaa/main.c.o
 *fill*         0x0000000000012bfa        0x2 
 .rodata.SEGGER_RTT_ReadNoLock.str1.4
                0x0000000000012bfc       0x18 _build/nrf52832_xxaa/SEGGER_RTT.c.o
                                         0x17 (size before relaxing)
 .rodata._global_impure_ptr
                0x0000000000012c14        0x4 /home/ez3kiel/.installs/gcc-arm-none-eabi-7-2018-q2-update/bin/../lib/gcc/arm-none-eabi/7.3.1/../../../../arm-none-eabi/lib/thumb/v7e-m/fpv4-sp/hard/libc_nano.a(lib_a-impure.o)
                0x0000000000012c14                _global_impure_ptr
 .rodata._setlocale_r.str1.1
                0x0000000000012c18        0x8 /home/ez3kiel/.installs/gcc-arm-none-eabi-7-2018-q2-update/bin/../lib/gcc/arm-none-eabi/7.3.1/../../../../arm-none-eabi/lib/thumb/v7e-m/fpv4-sp/hard/libc_nano.a(lib_a-locale.o)
                                          0x9 (size before relaxing)
 .rodata.str1.1
                0x0000000000012c20        0x2 /home/ez3kiel/.installs/gcc-arm-none-eabi-7-2018-q2-update/bin/../lib/gcc/arm-none-eabi/7.3.1/../../../../arm-none-eabi/lib/thumb/v7e-m/fpv4-sp/hard/libc_nano.a(lib_a-locale.o)
 .rodata._ctype_
                0x0000000000012c22      0x101 /home/ez3kiel/.installs/gcc-arm-none-eabi-7-2018-q2-update/bin/../lib/gcc/arm-none-eabi/7.3.1/../../../../arm-none-eabi/lib/thumb/v7e-m/fpv4-sp/hard/libc_nano.a(lib_a-ctype_.o)
                0x0000000000012c22                _ctype_
 .rodata._svfprintf_r.str1.1
                0x0000000000012d23       0x11 /home/ez3kiel/.installs/gcc-arm-none-eabi-7-2018-q2-update/bin/../lib/gcc/arm-none-eabi/7.3.1/../../../../arm-none-eabi/lib/thumb/v7e-m/fpv4-sp/hard/libc_nano.a(lib_a-nano-svfprintf.o)
 .rodata._printf_i.str1.1
                0x0000000000012d34       0x22 /home/ez3kiel/.installs/gcc-arm-none-eabi-7-2018-q2-update/bin/../lib/gcc/arm-none-eabi/7.3.1/../../../../arm-none-eabi/lib/thumb/v7e-m/fpv4-sp/hard/libc_nano.a(lib_a-nano-vfprintf_i.o)
 *(.eh_frame*)
 *fill*         0x0000000000012d56        0x2 
 .eh_frame      0x0000000000012d58        0x0 /home/ez3kiel/.installs/gcc-arm-none-eabi-7-2018-q2-update/bin/../lib/gcc/arm-none-eabi/7.3.1/thumb/v7e-m/fpv4-sp/hard/crtbegin.o
 .eh_frame      0x0000000000012d58        0x4 /home/ez3kiel/.installs/gcc-arm-none-eabi-7-2018-q2-update/bin/../lib/gcc/arm-none-eabi/7.3.1/thumb/v7e-m/fpv4-sp/hard/crtend.o

.glue_7         0x0000000000012d5c        0x0
 .glue_7        0x0000000000012d5c        0x0 linker stubs

.glue_7t        0x0000000000012d5c        0x0
 .glue_7t       0x0000000000012d5c        0x0 linker stubs

.vfp11_veneer   0x0000000000012d5c        0x0
 .vfp11_veneer  0x0000000000012d5c        0x0 linker stubs

.v4_bx          0x0000000000012d5c        0x0
 .v4_bx         0x0000000000012d5c        0x0 linker stubs

.iplt           0x0000000000012d5c        0x0
 .iplt          0x0000000000012d5c        0x0 /home/ez3kiel/.installs/gcc-arm-none-eabi-7-2018-q2-update/bin/../lib/gcc/arm-none-eabi/7.3.1/thumb/v7e-m/fpv4-sp/hard/crtbegin.o

.mem_section_dummy_rom

.cli_command    0x0000000000012d5c       0x90
                0x0000000000012d5c                PROVIDE (__start_cli_command = .)
 *(.cli_command)
 .cli_command   0x0000000000012d5c        0x8 _build/nrf52832_xxaa/nrf_log_backend_flash.c.o
                0x0000000000012d5c                nrf_cli_flashlog_const
 .cli_command   0x0000000000012d64        0x8 _build/nrf52832_xxaa/nrf_log_frontend.c.o
                0x0000000000012d64                nrf_cli_log_const
 .cli_command   0x0000000000012d6c       0x20 _build/nrf52832_xxaa/cli_utils_cmds.c.o
                0x0000000000012d6c                nrf_cli_log_msg_const
                0x0000000000012d74                nrf_cli_app_size_const
                0x0000000000012d7c                nrf_cli_error_const
                0x0000000000012d84                nrf_cli_reset_const
 .cli_command   0x0000000000012d8c        0x8 _build/nrf52832_xxaa/nrf_balloc.c.o
                0x0000000000012d8c                nrf_cli_balloc_const
 .cli_command   0x0000000000012d94       0x20 _build/nrf52832_xxaa/nrf_cli.c.o
                0x0000000000012d94                nrf_cli_resize_const
                0x0000000000012d9c                nrf_cli_history_const
                0x0000000000012da4                nrf_cli_cli_const
                0x0000000000012dac                nrf_cli_clear_const
 .cli_command   0x0000000000012db4        0x8 _build/nrf52832_xxaa/nrf_queue.c.o
                0x0000000000012db4                nrf_cli_queue_const
 .cli_command   0x0000000000012dbc       0x30 _build/nrf52832_xxaa/demo_cli_cmds.c.o
                0x0000000000012dbc                nrf_cli_dynamic_const
                0x0000000000012dc4                nrf_cli_stack_overflow_const
                0x0000000000012dcc                nrf_cli_counter_const
                0x0000000000012dd4                nrf_cli_python_const
                0x0000000000012ddc                nrf_cli_print_const
                0x0000000000012de4                nrf_cli_nordic_const
                0x0000000000012dec                PROVIDE (__stop_cli_command = .)

.pwr_mgmt_data  0x0000000000012dec        0x0
                0x0000000000012dec                PROVIDE (__start_pwr_mgmt_data = .)
 *(SORT_BY_NAME(.pwr_mgmt_data*))
                0x0000000000012dec                PROVIDE (__stop_pwr_mgmt_data = .)

.nrf_queue      0x0000000000012dec       0x70
                0x0000000000012dec                PROVIDE (__start_nrf_queue = .)
 *(.nrf_queue)
 .nrf_queue     0x0000000000012dec       0x38 _build/nrf52832_xxaa/nrf_log_backend_flash.c.o
                0x0000000000012dec                m_crashlog_queue
                0x0000000000012e08                m_flashlog_queue
 .nrf_queue     0x0000000000012e24       0x38 _build/nrf52832_xxaa/main.c.o
                0x0000000000012e24                m_cli_rtt_log_backend_queue
                0x0000000000012e40                m_cli_uart_log_backend_queue
                0x0000000000012e5c                PROVIDE (__stop_nrf_queue = .)

.log_const_data
                0x0000000000012e5c       0xf8
                0x0000000000012e5c                PROVIDE (__start_log_const_data = .)
 *(SORT_BY_NAME(.log_const_data*))
 .log_const_data_CLOCK
                0x0000000000012e5c        0x8 _build/nrf52832_xxaa/nrfx_clock.c.o
                0x0000000000012e5c                m_nrf_log_CLOCK_logs_data_const
 .log_const_data_GPIOTE
                0x0000000000012e64        0x8 _build/nrf52832_xxaa/nrfx_gpiote.c.o
                0x0000000000012e64                m_nrf_log_GPIOTE_logs_data_const
 .log_const_data_PRS
                0x0000000000012e6c        0x8 _build/nrf52832_xxaa/nrfx_prs.c.o
                0x0000000000012e6c                m_nrf_log_PRS_logs_data_const
 .log_const_data_UART