Archive member included to satisfy reference by file (symbol)

/usr/share/segger_embedded_studio_for_arm_4.18/lib/libc_v7em_fpv4_sp_d16_hard_t_le_eabi.a(libc_asm.o)
                              Output/cli_pca10040 Release/Obj/bsp.o (__aeabi_uldivmod)
/usr/share/segger_embedded_studio_for_arm_4.18/lib/libc_v7em_fpv4_sp_d16_hard_t_le_eabi.a(libc2.o)
                              Output/cli_pca10040 Release/Obj/fnmatch.o (isupper)
/usr/share/segger_embedded_studio_for_arm_4.18/lib/libc_v7em_fpv4_sp_d16_hard_t_le_eabi.a(libc2_asm.o)
                              Output/cli_pca10040 Release/Obj/nrf_log_backend_flash.o (memcpy)
/usr/share/segger_embedded_studio_for_arm_4.18/lib/libc_v7em_fpv4_sp_d16_hard_t_le_eabi.a(libc.o)
                              /usr/share/segger_embedded_studio_for_arm_4.18/lib/libc_v7em_fpv4_sp_d16_hard_t_le_eabi.a(libc2.o) (__heap_lock)
/usr/share/segger_embedded_studio_for_arm_4.18/lib/libdebugio_v7em_fpv4_sp_d16_hard_t_le_eabi.a(libdebugio.o)
                              Output/cli_pca10040 Release/Obj/thumb_crt0.o (debug_fopen)
/usr/share/segger_embedded_studio_for_arm_4.18/lib/libdebugio_mempoll_v7em_fpv4_sp_d16_hard_t_le_eabi.a(mempoll_debug_operations.o)
                              /usr/share/segger_embedded_studio_for_arm_4.18/lib/libdebugio_v7em_fpv4_sp_d16_hard_t_le_eabi.a(libdebugio.o) (__do_debug_operation)
/usr/share/segger_embedded_studio_for_arm_4.18/lib/libdebugio_mempoll_v7em_fpv4_sp_d16_hard_t_le_eabi.a(do_nv_debug_operation.o)
                              /usr/share/segger_embedded_studio_for_arm_4.18/lib/libdebugio_v7em_fpv4_sp_d16_hard_t_le_eabi.a(libdebugio.o) (__do_nvdebug_operation)
/usr/share/segger_embedded_studio_for_arm_4.18/lib/libm_v7em_fpv4_sp_d16_hard_t_le_eabi.a(libm_asm.o)
                              /usr/share/segger_embedded_studio_for_arm_4.18/lib/libc_v7em_fpv4_sp_d16_hard_t_le_eabi.a(libc2.o) (__aeabi_i2d)
/usr/share/segger_embedded_studio_for_arm_4.18/lib/libm_v7em_fpv4_sp_d16_hard_t_le_eabi.a(libm2.o)
                              /usr/share/segger_embedded_studio_for_arm_4.18/lib/libvfprintf_v7em_fpv4_sp_d16_hard_t_le_eabi.o (frexp)
/usr/share/segger_embedded_studio_for_arm_4.18/lib/libm_v7em_fpv4_sp_d16_hard_t_le_eabi.a(libm2_asm.o)
                              /usr/share/segger_embedded_studio_for_arm_4.18/lib/libm_v7em_fpv4_sp_d16_hard_t_le_eabi.a(libm2.o) (fabs)

Discarded input sections

 .text          0x0000000000000000        0x0 Output/cli_pca10040 Release/Obj/thumb_crt0.o
 .data          0x0000000000000000        0x0 Output/cli_pca10040 Release/Obj/thumb_crt0.o
 .bss           0x0000000000000000        0x0 Output/cli_pca10040 Release/Obj/thumb_crt0.o
 .text.abort    0x0000000000000000        0x2 Output/cli_pca10040 Release/Obj/thumb_crt0.o
 .text.__assert
                0x0000000000000000        0x2 Output/cli_pca10040 Release/Obj/thumb_crt0.o
 .text.__aeabi_assert
                0x0000000000000000        0x2 Output/cli_pca10040 Release/Obj/thumb_crt0.o
 .text.__sync_synchronize
                0x0000000000000000        0x2 Output/cli_pca10040 Release/Obj/thumb_crt0.o
 .text.__getchar
                0x0000000000000000        0x4 Output/cli_pca10040 Release/Obj/thumb_crt0.o
 .text.__putchar
                0x0000000000000000        0x4 Output/cli_pca10040 Release/Obj/thumb_crt0.o
 .text.__open   0x0000000000000000        0x4 Output/cli_pca10040 Release/Obj/thumb_crt0.o
 .text.__close  0x0000000000000000        0x4 Output/cli_pca10040 Release/Obj/thumb_crt0.o
 .text.__write  0x0000000000000000        0xa Output/cli_pca10040 Release/Obj/thumb_crt0.o
 .text.__read   0x0000000000000000        0xa Output/cli_pca10040 Release/Obj/thumb_crt0.o
 .text.__seek   0x0000000000000000       0x1a Output/cli_pca10040 Release/Obj/thumb_crt0.o
 .bss.__user_locale_name_buffer
                0x0000000000000000        0x4 Output/cli_pca10040 Release/Obj/thumb_crt0.o
 .stack         0x0000000000000000        0x0 Output/cli_pca10040 Release/Obj/thumb_crt0.o
 .stack_process
                0x0000000000000000        0x0 Output/cli_pca10040 Release/Obj/thumb_crt0.o
 .heap          0x0000000000000000        0x0 Output/cli_pca10040 Release/Obj/thumb_crt0.o
 .group         0x0000000000000000        0xc Output/cli_pca10040 Release/Obj/nrf_log_backend_flash.o
 .group         0x0000000000000000        0xc Output/cli_pca10040 Release/Obj/nrf_log_backend_flash.o
 .group         0x0000000000000000        0xc Output/cli_pca10040 Release/Obj/nrf_log_backend_flash.o
 .group         0x0000000000000000        0xc Output/cli_pca10040 Release/Obj/nrf_log_backend_flash.o
 .group         0x0000000000000000        0xc Output/cli_pca10040 Release/Obj/nrf_log_backend_flash.o
 .group         0x0000000000000000        0xc Output/cli_pca10040 Release/Obj/nrf_log_backend_flash.o
 .group         0x0000000000000000        0xc Output/cli_pca10040 Release/Obj/nrf_log_backend_flash.o
[...]
Memory Configuration

Name             Origin             Length             Attributes
UNPLACED_SECTIONS 0x0000000100000000 0x0000000000000000 xw
RAM              0x0000000020000000 0x0000000000010000 xw
FLASH            0x0000000000000000 0x0000000000080000 xw
*default*        0x0000000000000000 0xffffffffffffffff

Linker script and memory map

                0x000000000000a374                __vfprintf = __vfprintf_long
                0x0000000000000000                __vfscanf = __vfscanf_long
                0x0000000020000000                __RAM_segment_start__ = 0x20000000
                0x0000000020010000                __RAM_segment_end__ = 0x20010000
                0x0000000000010000                __RAM_segment_size__ = 0x10000
                0x0000000000000000                __FLASH_segment_start__ = 0x0
                0x0000000000080000                __FLASH_segment_end__ = 0x80000
                0x0000000000080000                __FLASH_segment_size__ = 0x80000
                0x0000000000002000                __HEAPSIZE__ = 0x2000
                0x0000000000000000                __STACKSIZE_PROCESS__ = 0x0
                0x0000000000002000                __STACKSIZE__ = 0x2000
                0x0000000020000000                __vectors_ram_load_start__ = 0x20000000

.vectors_ram    0x0000000020000000        0x0
                0x0000000020000000                __vectors_ram_start__ = .
                0x0000000020000000                __app_ram_start__ = __vectors_ram_start__
 *(.vectors_ram .vectors_ram.*)
                0x0000000020000000                __vectors_ram_end__ = (__vectors_ram_start__ + SIZEOF (.vectors_ram))
                0x0000000000000000                __vectors_ram_size__ = SIZEOF (.vectors_ram)
                0x0000000020000000                __vectors_ram_load_end__ = __vectors_ram_end__
                0x0000000000000001                . = ASSERT (((__vectors_ram_start__ == __vectors_ram_end__) || ((__vectors_ram_end__ - __RAM_segment_start__) <= __RAM_segment_size__)), error: .vectors_ram is too large to fit in RAM memory segment)
                0x0000000020000000                __nrf_sections_run_load_start__ = ALIGN (__vectors_ram_end__, 0x4)

.nrf_sections_run
                0x0000000020000000        0x0
                0x0000000020000000                __nrf_sections_run_start__ = .
                0x0000000020000000                __start_nrf_sections_run = __nrf_sections_run_start__
 *(.nrf_sections_run .nrf_sections_run.*)
                0x0000000020000000                __nrf_sections_run_end__ = (__nrf_sections_run_start__ + SIZEOF (.nrf_sections_run))
                0x0000000000000000                __nrf_sections_run_size__ = SIZEOF (.nrf_sections_run)
                0x0000000020000000                __nrf_sections_run_load_end__ = __nrf_sections_run_end__
                0x0000000000000001                . = ASSERT (((__nrf_sections_run_start__ == __nrf_sections_run_end__) || ((__nrf_sections_run_end__ - __RAM_segment_start__) <= __RAM_segment_size__)), error: .nrf_sections_run is too large to fit in RAM memory segment)
                0x0000000000000000                __vectors_load_start__ = 0x0

.vectors        0x0000000000000000      0x200
                0x0000000000000000                __vectors_start__ = .
 *(.vectors .vectors.*)
 .vectors       0x0000000000000000      0x200 Output/cli_pca10040 Release/Obj/ses_startup_nrf52.o
                0x0000000000000000                _vectors
                0x0000000000000200                __vectors_end__ = (__vectors_start__ + SIZEOF (.vectors))
                0x0000000000000200                __vectors_size__ = SIZEOF (.vectors)
                0x0000000000000200                __vectors_load_end__ = __vectors_end__
                0x0000000000000001                . = ASSERT (((__vectors_start__ == __vectors_end__) || ((__vectors_end__ - __FLASH_segment_start__) <= __FLASH_segment_size__)), error: .vectors is too large to fit in FLASH memory segment)
                0x0000000000000200                __init_load_start__ = ALIGN (__vectors_end__, 0x4)

.init           0x0000000000000200      0x1d4
                0x0000000000000200                __init_start__ = .
 *(.init .init.*)
 .init          0x0000000000000200      0x15c Output/cli_pca10040 Release/Obj/thumb_crt0.o
                0x0000000000000200                _start
                0x00000000000002b4                exit
 .init          0x000000000000035c       0x18 Output/cli_pca10040 Release/Obj/ses_startup_nrf52.o
                0x000000000000035c                NMI_Handler
                0x0000000000000360                MemoryManagement_Handler
                0x0000000000000362                BusFault_Handler
                0x0000000000000364                UsageFault_Handler
                0x0000000000000366                SVC_Handler
                0x0000000000000368                DebugMon_Handler
                0x000000000000036a                PendSV_Handler
                0x000000000000036c                SysTick_Handler
                0x000000000000036e                TIMER2_IRQHandler
                0x000000000000036e                RTC0_IRQHandler
                0x000000000000036e                SWI0_EGU0_IRQHandler
                0x000000000000036e                SWI2_EGU2_IRQHandler
                0x000000000000036e                PWM1_IRQHandler
                0x000000000000036e                RADIO_IRQHandler
                0x000000000000036e                PDM_IRQHandler
                0x000000000000036e                TEMP_IRQHandler
                0x000000000000036e                QDEC_IRQHandler
                0x000000000000036e                TIMER3_IRQHandler
                0x000000000000036e                FPU_IRQHandler
                0x000000000000036e                SPIM0_SPIS0_TWIM0_TWIS0_SPI0_TWI0_IRQHandler
                0x000000000000036e                TIMER4_IRQHandler
                0x000000000000036e                I2S_IRQHandler
                0x000000000000036e                SWI4_EGU4_IRQHandler
                0x000000000000036e                TIMER0_IRQHandler
                0x000000000000036e                Dummy_Handler
                0x000000000000036e                TIMER1_IRQHandler
                0x000000000000036e                PWM2_IRQHandler
                0x000000000000036e                ECB_IRQHandler
                0x000000000000036e                SPIM1_SPIS1_TWIM1_TWIS1_SPI1_TWI1_IRQHandler
                0x000000000000036e                SAADC_IRQHandler
                0x000000000000036e                CCM_AAR_IRQHandler
                0x000000000000036e                WDT_IRQHandler
                0x000000000000036e                SWI5_EGU5_IRQHandler
                0x000000000000036e                RNG_IRQHandler
                0x000000000000036e                RTC2_IRQHandler
                0x000000000000036e                PWM0_IRQHandler
                0x000000000000036e                SWI3_EGU3_IRQHandler
                0x000000000000036e                SWI1_EGU1_IRQHandler
                0x000000000000036e                SPIM2_SPIS2_SPI2_IRQHandler
                0x000000000000036e                NFCT_IRQHandler
                0x000000000000036e                MWU_IRQHandler
                0x000000000000036e                COMP_LPCOMP_IRQHandler
                0x0000000000000370                nRFInitialize
 .init          0x0000000000000374       0x60 Output/cli_pca10040 Release/Obj/ses_startup_nrf_common.o
                0x0000000000000374                Reset_Handler
                0x000000000000039c                InitializeUserMemorySections
                0x00000000000003d4                __init_end__ = (__init_start__ + SIZEOF (.init))
                0x00000000000001d4                __init_size__ = SIZEOF (.init)
                0x00000000000003d4                __init_load_end__ = __init_end__
                0x0000000000000001                . = ASSERT (((__init_start__ == __init_end__) || ((__init_end__ - __FLASH_segment_start__) <= __FLASH_segment_size__)), error: .init is too large to fit in FLASH memory segment)
                0x00000000000003d4                __init_rodata_load_start__ = ALIGN (__init_end__, 0x4)

.init_rodata    0x00000000000003d4        0x0
                0x00000000000003d4                __init_rodata_start__ = .
 *(.init_rodata .init_rodata.*)
                0x00000000000003d4                __init_rodata_end__ = (__init_rodata_start__ + SIZEOF (.init_rodata))
                0x0000000000000000                __init_rodata_size__ = SIZEOF (.init_rodata)
                0x00000000000003d4                __init_rodata_load_end__ = __init_rodata_end__
                0x0000000000000001                . = ASSERT (((__init_rodata_start__ == __init_rodata_end__) || ((__init_rodata_end__ - __FLASH_segment_start__) <= __FLASH_segment_size__)), error: .init_rodata is too large to fit in FLASH memory segment)
                0x00000000000003d4                __text_load_start__ = ALIGN (__init_rodata_end__, 0x4)

.text           0x00000000000003d4     0xa6ec
                0x00000000000003d4                __text_start__ = .
 *(.text .text.* .glue_7t .glue_7 .gnu.linkonce.t.* .gcc_except_table .ARM.extab* .gnu.linkonce.armextab.*)
 .glue_7        0x00000000000003d4        0x0 linker stubs
 .glue_7t       0x00000000000003d4        0x0 linker stubs
 .text.__aeabi_read_tp
                0x00000000000003d4        0x8 Output/cli_pca10040 Release/Obj/thumb_crt0.o
                0x00000000000003d4                __aeabi_read_tp
 .text.nrf_log_backend_flashlog_panic_set
                0x00000000000003dc        0x2 Output/cli_pca10040 Release/Obj/nrf_log_backend_flash.o
                0x00000000000003dc                nrf_log_backend_flashlog_panic_set
 *fill*         0x00000000000003de        0x2 
 .text.queue_element_drop
                0x00000000000003e0       0x24 Output/cli_pca10040 Release/Obj/nrf_log_backend_flash.o
 .text.nrf_log_backend_flashlog_flush
                0x0000000000000404        0xc Output/cli_pca10040 Release/Obj/nrf_log_backend_flash.o
                0x0000000000000404                nrf_log_backend_flashlog_flush
 .text.nrf_log_backend_crashlog_flush
                0x0000000000000410        0xc Output/cli_pca10040 Release/Obj/nrf_log_backend_flash.o
                0x0000000000000410                nrf_log_backend_crashlog_flush
 .text.message_enqueue
                0x000000000000041c       0x32 Output/cli_pca10040 Release/Obj/nrf_log_backend_flash.o
 *fill*         0x000000000000044e        0x2 
 .text.flashlog_status_cmd
                0x0000000000000450       0x88 Output/cli_pca10040 Release/Obj/nrf_log_backend_flash.o
 .text.cli_tx   0x00000000000004d8        0xe Output/cli_pca10040 Release/Obj/nrf_log_backend_flash.o
 *fill*         0x00000000000004e6        0x2 
 .text.log_msg_queue_process
                0x00000000000004e8      0x11c Output/cli_pca10040 Release/Obj/nrf_log_backend_flash.o
 .text.fstorage_evt_handler
                0x0000000000000604       0x78 Output/cli_pca10040 Release/Obj/nrf_log_backend_flash.o
 .text.nrf_log_backend_flashlog_put
                0x000000000000067c       0x48 Output/cli_pca10040 Release/Obj/nrf_log_backend_flash.o
                0x000000000000067c                nrf_log_backend_flashlog_put
 .text.nrf_log_backend_crashlog_put
                0x00000000000006c4       0x38 Output/cli_pca10040 Release/Obj/nrf_log_backend_flash.o
                0x00000000000006c4                nrf_log_backend_crashlog_put
 .text.nrf_log_backend_crashlog_panic_set
                0x00000000000006fc       0x98 Output/cli_pca10040 Release/Obj/nrf_log_backend_flash.o
                0x00000000000006fc                nrf_log_backend_crashlog_panic_set
 .text.nrf_log_backend_flash_next_entry_get
                0x0000000000000794       0x6c Output/cli_pca10040 Release/Obj/nrf_log_backend_flash.o
                0x0000000000000794                nrf_log_backend_flash_next_entry_get
 .text.nrf_log_backend_flash_init
                0x0000000000000800       0x58 Output/cli_pca10040 Release/Obj/nrf_log_backend_flash.o
                0x0000000000000800                nrf_log_backend_flash_init
 .text.flashlog_read_cmd
                0x0000000000000858       0xd0 Output/cli_pca10040 Release/Obj/nrf_log_backend_flash.o
 .text.nrf_log_backend_flash_erase
                0x0000000000000928       0x34 Output/cli_pca10040 Release/Obj/nrf_log_backend_flash.o
                0x0000000000000928                nrf_log_backend_flash_erase
 .text.flashlog_clear_cmd
                0x000000000000095c       0x1c Output/cli_pca10040 Release/Obj/nrf_log_backend_flash.o
 .text.nrf_log_backend_serial_put
                0x0000000000000978       0xc0 Output/cli_pca10040 Release/Obj/nrf_log_backend_serial.o
                0x0000000000000978                nrf_log_backend_serial_put
 .text.uart_evt_handler
                0x0000000000000a38        0xc Output/cli_pca10040 Release/Obj/nrf_log_backend_uart.o
 .text.nrf_log_backend_uart_flush
                0x0000000000000a44        0x2 Output/cli_pca10040 Release/Obj/nrf_log_backend_uart.o
 *fill*         0x0000000000000a46        0x2 
 .text.uart_init
                0x0000000000000a48       0x54 Output/cli_pca10040 Release/Obj/nrf_log_backend_uart.o
 .text.nrf_log_backend_uart_put
                0x0000000000000a9c       0x1c Output/cli_pca10040 Release/Obj/nrf_log_backend_uart.o
 .text.serial_tx
                0x0000000000000ab8       0x50 Output/cli_pca10040 Release/Obj/nrf_log_backend_uart.o
 .text.nrf_log_backend_uart_panic_set
                0x0000000000000b08       0x2c Output/cli_pca10040 Release/Obj/nrf_log_backend_uart.o
 .text.severity_lvl_get
                0x0000000000000b34       0x24 Output/cli_pca10040 Release/Obj/nrf_log_frontend.o
 .text.log_halt
                0x0000000000000b58        0x8 Output/cli_pca10040 Release/Obj/nrf_log_frontend.o
 .text.log_self_halt
                0x0000000000000b60        0xa Output/cli_pca10040 Release/Obj/nrf_log_frontend.o
 .text.log_go   0x0000000000000b6a        0x8 Output/cli_pca10040 Release/Obj/nrf_log_frontend.o
 .text.log_self_go
                0x0000000000000b72        0xa Output/cli_pca10040 Release/Obj/nrf_log_frontend.o
 .text.backend_name_get
                0x0000000000000b7c       0x44 Output/cli_pca10040 Release/Obj/nrf_log_frontend.o
 .text.nrf_cli_backend_cmd_execute
                0x0000000000000bc0       0x6c Output/cli_pca10040 Release/Obj/nrf_log_frontend.o
 .text.log_backend_status
                0x0000000000000c2c        0xc Output/cli_pca10040 Release/Obj/nrf_log_frontend.o
 .text.log_backend_halt
                0x0000000000000c38        0xc Output/cli_pca10040 Release/Obj/nrf_log_frontend.o
 .text.log_backend_go
                0x0000000000000c44        0xc Output/cli_pca10040 Release/Obj/nrf_log_frontend.o
 .text.log_backend_ctrl
                0x0000000000000c50        0xc Output/cli_pca10040 Release/Obj/nrf_log_frontend.o
 .text.invalid_packets_omit
                0x0000000000000c5c       0x3a Output/cli_pca10040 Release/Obj/nrf_log_frontend.o
 *fill*         0x0000000000000c96        0x2 
 .text.buf_prealloc
                0x0000000000000c98      0x128 Output/cli_pca10040 Release/Obj/nrf_log_frontend.o
 .text.log_cmd  0x0000000000000dc0       0x44 Output/cli_pca10040 Release/Obj/nrf_log_frontend.o
 .text.log_cmd_backends_list
                0x0000000000000e04       0x8c Output/cli_pca10040 Release/Obj/nrf_log_frontend.o
 .text.module_idx_get.part.9
                0x0000000000000e90       0x38 Output/cli_pca10040 Release/Obj/nrf_log_frontend.o
 .text.nrf_log_init
                0x0000000000000ec8       0xc4 Output/cli_pca10040 Release/Obj/nrf_log_frontend.o
                0x0000000000000ec8                nrf_log_init
 .text.nrf_log_module_name_get
                0x0000000000000f8c       0x28 Output/cli_pca10040 Release/Obj/nrf_log_frontend.o
                0x0000000000000f8c                nrf_log_module_name_get
 .text.module_name_get
                0x0000000000000fb4       0x1c Output/cli_pca10040 Release/Obj/nrf_log_frontend.o
 .text.nrf_log_color_id_get
                0x0000000000000fd0       0x2c Output/cli_pca10040 Release/Obj/nrf_log_frontend.o
                0x0000000000000fd0                nrf_log_color_id_get
 .text.nrf_log_module_filter_set
                0x0000000000000ffc       0x50 Output/cli_pca10040 Release/Obj/nrf_log_frontend.o
                0x0000000000000ffc                nrf_log_module_filter_set
 .text.log_ctrl
                0x000000000000104c      0x168 Output/cli_pca10040 Release/Obj/nrf_log_frontend.o
 .text.log_self_ctrl
                0x00000000000011b4        0xa Output/cli_pca10040 Release/Obj/nrf_log_frontend.o
 *fill*         0x00000000000011be        0x2 
 .text.nrf_log_module_filter_get
                0x00000000000011c0       0x54 Output/cli_pca10040 Release/Obj/nrf_log_frontend.o
                0x00000000000011c0                nrf_log_module_filter_get
 .text.log_status
                0x0000000000001214       0xcc Output/cli_pca10040 Release/Obj/nrf_log_frontend.o
 .text.log_self_status
                0x00000000000012e0        0xa Output/cli_pca10040 Release/Obj/nrf_log_frontend.o
 *fill*         0x00000000000012ea        0x2 
 .text.buffer_is_empty
                0x00000000000012ec       0x14 Output/cli_pca10040 Release/Obj/nrf_log_frontend.o
                0x00000000000012ec                buffer_is_empty
 .text.nrf_log_frontend_dequeue
                0x0000000000001300      0x270 Output/cli_pca10040 Release/Obj/nrf_log_frontend.o
                0x0000000000001300                nrf_log_frontend_dequeue
 .text.std_n    0x0000000000001570       0xe8 Output/cli_pca10040 Release/Obj/nrf_log_frontend.o
 .text.nrf_log_frontend_std_0
                0x0000000000001658        0x8 Output/cli_pca10040 Release/Obj/nrf_log_frontend.o
                0x0000000000001658                nrf_log_frontend_std_0
 .text.nrf_log_frontend_std_1
                0x0000000000001660       0x12 Output/cli_pca10040 Release/Obj/nrf_log_frontend.o
                0x0000000000001660                nrf_log_frontend_std_1
 .text.nrf_log_frontend_std_2
                0x0000000000001672       0x14 Output/cli_pca10040 Release/Obj/nrf_log_frontend.o
                0x0000000000001672                nrf_log_frontend_std_2
 .text.nrf_log_frontend_std_3
                0x0000000000001686       0x18 Output/cli_pca10040 Release/Obj/nrf_log_frontend.o
                0x0000000000001686                nrf_log_frontend_std_3
 .text.nrf_log_frontend_std_4
                0x000000000000169e       0x1c Output/cli_pca10040 Release/Obj/nrf_log_frontend.o
                0x000000000000169e                nrf_log_frontend_std_4
 .text.nrf_log_frontend_std_5
                0x00000000000016ba       0x20 Output/cli_pca10040 Release/Obj/nrf_log_frontend.o
                0x00000000000016ba                nrf_log_frontend_std_5
 *fill*         0x00000000000016da        0x2 
 .text.nrf_log_backend_add
                0x00000000000016dc       0x80 Output/cli_pca10040 Release/Obj/nrf_log_frontend.o
                0x00000000000016dc                nrf_log_backend_add
 .text.nrf_log_panic
                0x000000000000175c       0x2c Output/cli_pca10040 Release/Obj/nrf_log_frontend.o
                0x000000000000175c                nrf_log_panic
 .text.nrf_log_config_store
                0x0000000000001788       0xac Output/cli_pca10040 Release/Obj/nrf_log_frontend.o
                0x0000000000001788                nrf_log_config_store
 .text.log_config_store_cmd
                0x0000000000001834       0x3c Output/cli_pca10040 Release/Obj/nrf_log_frontend.o
 .text.nrf_log_config_load
                0x0000000000001870       0x88 Output/cli_pca10040 Release/Obj/nrf_log_frontend.o
                0x0000000000001870                nrf_log_config_load
 .text.log_config_load_cmd
                0x00000000000018f8       0x3c Output/cli_pca10040 Release/Obj/nrf_log_frontend.o
 .text.postfix_process
                0x0000000000001934       0x3c Output/cli_pca10040 Release/Obj/nrf_log_str_formatter.o
 .text.prefix_process
                0x0000000000001970       0xd8 Output/cli_pca10040 Release/Obj/nrf_log_str_formatter.o
 .text.nrf_log_std_entry_process
                0x0000000000001a48       0xc8 Output/cli_pca10040 Release/Obj/nrf_log_str_formatter.o
                0x0000000000001a48                nrf_log_std_entry_process
 .text.nrf_log_hexdump_entry_process
                0x0000000000001b10       0xb4 Output/cli_pca10040 Release/Obj/nrf_log_str_formatter.o
                0x0000000000001b10                nrf_log_hexdump_entry_process
 .text.nrf_log_str_formatter_timestamp_freq_set
                0x0000000000001bc4       0x30 Output/cli_pca10040 Release/Obj/nrf_log_str_formatter.o
                0x0000000000001bc4                nrf_log_str_formatter_timestamp_freq_set
 .text.nrf_mpu_lib_init
                0x0000000000001bf4       0x38 Output/cli_pca10040 Release/Obj/nrf_mpu_lib.o
                0x0000000000001bf4                nrf_mpu_lib_init
 .text.nrf_mpu_lib_region_create
                0x0000000000001c2c       0x78 Output/cli_pca10040 Release/Obj/nrf_mpu_lib.o
                0x0000000000001c2c                nrf_mpu_lib_region_create
 .text.nrf_stack_guard_init
                0x0000000000001ca4       0xbc Output/cli_pca10040 Release/Obj/nrf_stack_guard.o
                0x0000000000001ca4                nrf_stack_guard_init
 .text.app_error_save_and_stop
                0x0000000000001d60       0x58 Output/cli_pca10040 Release/Obj/app_error.o
                0x0000000000001d60                app_error_save_and_stop
 .text.app_error_handler
                0x0000000000001db8       0x1a Output/cli_pca10040 Release/Obj/app_error_handler_gcc.o
                0x0000000000001db8                app_error_handler
 *fill*         0x0000000000001dd2        0x2 
 .text.app_error_fault_handler
                0x0000000000001dd4       0xe8 Output/cli_pca10040 Release/Obj/app_error_weak.o
                0x0000000000001dd4                app_error_fault_handler
 .text.compare_func
                0x0000000000001ebc        0xe Output/cli_pca10040 Release/Obj/app_timer2.o
 *fill*         0x0000000000001eca        0x2 
 .text.timer_req_schedule
                0x0000000000001ecc       0x68 Output/cli_pca10040 Release/Obj/app_timer2.o
 .text.timer_expire
                0x0000000000001f34       0x5c Output/cli_pca10040 Release/Obj/app_timer2.o
 .text.rtc_irq  0x0000000000001f90      0x2f8 Output/cli_pca10040 Release/Obj/app_timer2.o
 .text.app_timer_init
                0x0000000000002288       0x54 Output/cli_pca10040 Release/Obj/app_timer2.o
                0x0000000000002288                app_timer_init
 .text.app_timer_create
                0x00000000000022dc       0x38 Output/cli_pca10040 Release/Obj/app_timer2.o
                0x00000000000022dc                app_timer_create
 .text.app_timer_start
                0x0000000000002314       0x4c Output/cli_pca10040 Release/Obj/app_timer2.o
                0x0000000000002314                app_timer_start
 .text.app_timer_stop
                0x0000000000002360       0x24 Output/cli_pca10040 Release/Obj/app_timer2.o
                0x0000000000002360                app_timer_stop
 .text.app_timer_cnt_get
                0x0000000000002384        0xc Output/cli_pca10040 Release/Obj/app_timer2.o
                0x0000000000002384                app_timer_cnt_get
 .text.app_util_disable_irq
                0x0000000000002390       0x10 Output/cli_pca10040 Release/Obj/app_util_platform.o
                0x0000000000002390                app_util_disable_irq
 .text.app_util_enable_irq
                0x00000000000023a0       0x14 Output/cli_pca10040 Release/Obj/app_util_platform.o
                0x00000000000023a0                app_util_enable_irq
 .text.privilege_level_get
                0x00000000000023b4       0x1a Output/cli_pca10040 Release/Obj/app_util_platform.o
                0x00000000000023b4                privilege_level_get
 *fill*         0x00000000000023ce        0x2 
 .text.app_util_critical_region_enter
                0x00000000000023d0       0x20 Output/cli_pca10040 Release/Obj/app_util_platform.o
                0x00000000000023d0                app_util_critical_region_enter
 .text.app_util_critical_region_exit
                0x00000000000023f0       0x20 Output/cli_pca10040 Release/Obj/app_util_platform.o
                0x00000000000023f0                app_util_critical_region_exit
 .text.cmd_reset
                0x0000000000002410       0x34 Output/cli_pca10040 Release/Obj/cli_utils_cmds.o
 .text.cmd_log_msg_warning
                0x0000000000002444       0xd8 Output/cli_pca10040 Release/Obj/cli_utils_cmds.o
 .text.cmd_log_msg_error
                0x000000000000251c       0xd4 Output/cli_pca10040 Release/Obj/cli_utils_cmds.o
 .text.cmd_app_size
                0x00000000000025f0       0x40 Output/cli_pca10040 Release/Obj/cli_utils_cmds.o
 .text.cmd_error
                0x0000000000002630       0x20 Output/cli_pca10040 Release/Obj/cli_utils_cmds.o
 .text.evt_enable
                0x0000000000002650       0x24 Output/cli_pca10040 Release/Obj/drv_rtc.o
 .text.evt_pending
                0x0000000000002674       0x2c Output/cli_pca10040 Release/Obj/drv_rtc.o
 .text.drv_rtc_init
                0x00000000000026a0      0x120 Output/cli_pca10040 Release/Obj/drv_rtc.o
                0x00000000000026a0                drv_rtc_init
 .text.drv_rtc_start
                0x00000000000027c0       0x1c Output/cli_pca10040 Release/Obj/drv_rtc.o
                0x00000000000027c0                drv_rtc_start
 .text.drv_rtc_stop
                0x00000000000027dc       0x1c Output/cli_pca10040 Release/Obj/drv_rtc.o
                0x00000000000027dc                drv_rtc_stop
 .text.drv_rtc_windowed_compare_set
                0x00000000000027f8       0xf0 Output/cli_pca10040 Release/Obj/drv_rtc.o
                0x00000000000027f8                drv_rtc_windowed_compare_set
 .text.drv_rtc_overflow_enable
                0x00000000000028e8        0x8 Output/cli_pca10040 Release/Obj/drv_rtc.o
                0x00000000000028e8                drv_rtc_overflow_enable
 .text.drv_rtc_overflow_pending
                0x00000000000028f0        0x8 Output/cli_pca10040 Release/Obj/drv_rtc.o
                0x00000000000028f0                drv_rtc_overflow_pending
 .text.drv_rtc_compare_pending
                0x00000000000028f8        0xa Output/cli_pca10040 Release/Obj/drv_rtc.o
                0x00000000000028f8                drv_rtc_compare_pending
 .text.drv_rtc_counter_get
                0x0000000000002902        0x8 Output/cli_pca10040 Release/Obj/drv_rtc.o
                0x0000000000002902                drv_rtc_counter_get
 *fill*         0x000000000000290a        0x2 
 .text.drv_rtc_irq_trigger
                0x000000000000290c       0x20 Output/cli_pca10040 Release/Obj/drv_rtc.o
                0x000000000000290c                drv_rtc_irq_trigger
 .text.RTC1_IRQHandler
                0x000000000000292c       0x14 Output/cli_pca10040 Release/Obj/drv_rtc.o
                0x000000000000292c                RTC1_IRQHandler
 .text.event_send
                0x0000000000002940       0x20 Output/cli_pca10040 Release/Obj/fds.o
 .text.write_space_reserve
                0x0000000000002960       0x5c Output/cli_pca10040 Release/Obj/fds.o
 .text.gc_page_erase
                0x00000000000029bc       0x40 Output/cli_pca10040 Release/Obj/fds.o
 .text.page_tag_write_swap
                0x00000000000029fc       0x28 Output/cli_pca10040 Release/Obj/fds.o
 .text.page_tag_write_data
                0x0000000000002a24       0x20 Output/cli_pca10040 Release/Obj/fds.o
 .text.record_header_flag_dirty
                0x0000000000002a44       0x38 Output/cli_pca10040 Release/Obj/fds.o
 .text.gc_record_copy
                0x0000000000002a7c       0x38 Output/cli_pca10040 Release/Obj/fds.o
 .text.queue_buf_get
                0x0000000000002ab4       0x1c Output/cli_pca10040 Release/Obj/fds.o
 .text.page_identify
                0x0000000000002ad0       0x30 Output/cli_pca10040 Release/Obj/fds.o
 .text.header_check
                0x0000000000002b00       0x28 Output/cli_pca10040 Release/Obj/fds.o
 .text.page_scan
                0x0000000000002b28       0x6c Output/cli_pca10040 Release/Obj/fds.o
 .text.record_find_next
                0x0000000000002b94       0x5c Output/cli_pca10040 Release/Obj/fds.o
 .text.record_find_by_desc
                0x0000000000002bf0       0xa8 Output/cli_pca10040 Release/Obj/fds.o
 .text.record_find
                0x0000000000002c98       0x84 Output/cli_pca10040 Release/Obj/fds.o
 .text.gc_record_find_next
                0x0000000000002d1c       0x24 Output/cli_pca10040 Release/Obj/fds.o
 .text.queue_process
                0x0000000000002d40      0x4d8 Output/cli_pca10040 Release/Obj/fds.o
 .text.fs_event_handler
                0x0000000000003218        0x6 Output/cli_pca10040 Release/Obj/fds.o
 *fill*         0x000000000000321e        0x2 
 .text.queue_start
                0x0000000000003220       0x1c Output/cli_pca10040 Release/Obj/fds.o
 .text.write_enqueue
                0x000000000000323c       0xf0 Output/cli_pca10040 Release/Obj/fds.o
 .text.fds_init
                0x000000000000332c      0x208 Output/cli_pca10040 Release/Obj/fds.o
                0x000000000000332c                fds_init
 .text.fds_record_open
                0x0000000000003534       0x48 Output/cli_pca10040 Release/Obj/fds.o
                0x0000000000003534                fds_record_open
 .text.fds_record_close
                0x000000000000357c       0x44 Output/cli_pca10040 Release/Obj/fds.o
                0x000000000000357c                fds_record_close
 .text.fds_record_write
                0x00000000000035c0        0x8 Output/cli_pca10040 Release/Obj/fds.o
                0x00000000000035c0                fds_record_write
 .text.fds_record_update
                0x00000000000035c8        0xe Output/cli_pca10040 Release/Obj/fds.o
                0x00000000000035c8                fds_record_update
 .text.fds_record_find
                0x00000000000035d6       0x1a Output/cli_pca10040 Release/Obj/fds.o
                0x00000000000035d6                fds_record_find
 .text.foldcase
                0x00000000000035f0       0x1c Output/cli_pca10040 Release/Obj/fnmatch.o
 .text.fnmatchx
                0x000000000000360c      0x24a Output/cli_pca10040 Release/Obj/fnmatch.o
 .text.fnmatch  0x0000000000003856        0x6 Output/cli_pca10040 Release/Obj/fnmatch.o
                0x0000000000003856                fnmatch
 .text.HardFault_Handler
                0x000000000000385c       0x34 Output/cli_pca10040 Release/Obj/hardfault_handler_gcc.o
                0x000000000000385c                HardFault_Handler
 .text.HardFault_process
                0x0000000000003890       0x24 Output/cli_pca10040 Release/Obj/hardfault_implementation.o
                0x0000000000003890                HardFault_process
 .text.HardFault_c_handler
                0x00000000000038b4      0x130 Output/cli_pca10040 Release/Obj/hardfault_implementation.o
                0x00000000000038b4                HardFault_c_handler
 .text.assert_nrf_callback
                0x00000000000039e4       0x1a Output/cli_pca10040 Release/Obj/nrf_assert.o
                0x00000000000039e4                assert_nrf_callback
 .text.nrf_atfifo_init
                0x00000000000039fe       0x26 Output/cli_pca10040 Release/Obj/nrf_atfifo.o
                0x00000000000039fe                nrf_atfifo_init
 .text.nrf_atfifo_item_alloc
                0x0000000000003a24       0x54 Output/cli_pca10040 Release/Obj/nrf_atfifo.o
                0x0000000000003a24                nrf_atfifo_item_alloc
 .text.nrf_atfifo_item_put
                0x0000000000003a78       0x20 Output/cli_pca10040 Release/Obj/nrf_atfifo.o
                0x0000000000003a78                nrf_atfifo_item_put
 .text.nrf_atfifo_item_get
                0x0000000000003a98       0x56 Output/cli_pca10040 Release/Obj/nrf_atfifo.o
                0x0000000000003a98                nrf_atfifo_item_get
 .text.nrf_atfifo_item_free
                0x0000000000003aee       0x20 Output/cli_pca10040 Release/Obj/nrf_atfifo.o
                0x0000000000003aee                nrf_atfifo_item_free
 .text.nrf_atomic_u32_fetch_store
                0x0000000000003b0e       0x14 Output/cli_pca10040 Release/Obj/nrf_atomic.o
                0x0000000000003b0e                nrf_atomic_u32_fetch_store
 .text.nrf_atomic_u32_fetch_or
                0x0000000000003b22       0x16 Output/cli_pca10040 Release/Obj/nrf_atomic.o
                0x0000000000003b22                nrf_atomic_u32_fetch_or
 .text.nrf_atomic_u32_or
                0x0000000000003b38       0x16 Output/cli_pca10040 Release/Obj/nrf_atomic.o
                0x0000000000003b38                nrf_atomic_u32_or
 .text.nrf_atomic_u32_fetch_and
                0x0000000000003b4e       0x16 Output/cli_pca10040 Release/Obj/nrf_atomic.o
                0x0000000000003b4e                nrf_atomic_u32_fetch_and
 .text.nrf_atomic_u32_and
                0x0000000000003b64       0x16 Output/cli_pca10040 Release/Obj/nrf_atomic.o
                0x0000000000003b64                nrf_atomic_u32_and
 .text.nrf_atomic_u32_fetch_add
                0x0000000000003b7a       0x16 Output/cli_pca10040 Release/Obj/nrf_atomic.o
                0x0000000000003b7a                nrf_atomic_u32_fetch_add
 .text.nrf_atomic_u32_add
                0x0000000000003b90       0x16 Output/cli_pca10040 Release/Obj/nrf_atomic.o
                0x0000000000003b90                nrf_atomic_u32_add
 .text.nrf_atomic_u32_sub
                0x0000000000003ba6       0x16 Output/cli_pca10040 Release/Obj/nrf_atomic.o
                0x0000000000003ba6                nrf_atomic_u32_sub
 .text.nrf_atomic_flag_set_fetch
                0x0000000000003bbc        0x6 Output/cli_pca10040 Release/Obj/nrf_atomic.o
                0x0000000000003bbc                nrf_atomic_flag_set_fetch
 .text.nrf_atomic_flag_set
                0x0000000000003bc2        0x6 Output/cli_pca10040 Release/Obj/nrf_atomic.o
                0x0000000000003bc2                nrf_atomic_flag_set
 .text.nrf_atomic_flag_clear_fetch
                0x0000000000003bc8        0x6 Output/cli_pca10040 Release/Obj/nrf_atomic.o
                0x0000000000003bc8                nrf_atomic_flag_clear_fetch
 .text.nrf_atomic_flag_clear
                0x0000000000003bce        0x6 Output/cli_pca10040 Release/Obj/nrf_atomic.o
                0x0000000000003bce                nrf_atomic_flag_clear
 .text.nrf_balloc_status
                0x0000000000003bd4       0xb0 Output/cli_pca10040 Release/Obj/nrf_balloc.o
 .text.nrf_balloc_init
                0x0000000000003c84       0x7c Output/cli_pca10040 Release/Obj/nrf_balloc.o
                0x0000000000003c84                nrf_balloc_init
 .text.nrf_balloc_alloc
                0x0000000000003d00       0x50 Output/cli_pca10040 Release/Obj/nrf_balloc.o
                0x0000000000003d00                nrf_balloc_alloc
 .text.nrf_balloc_free
                0x0000000000003d50       0x48 Output/cli_pca10040 Release/Obj/nrf_balloc.o
                0x0000000000003d50                nrf_balloc_free
 .text.nrf_log_backend_cli_panic_set
                0x0000000000003d98       0x1e Output/cli_pca10040 Release/Obj/nrf_cli.o
 *fill*         0x0000000000003db6        0x2 
 .text.cli_transport_evt_handler
                0x0000000000003db8       0x28 Output/cli_pca10040 Release/Obj/nrf_cli.o
 .text.string_cmp
                0x0000000000003de0       0x30 Output/cli_pca10040 Release/Obj/nrf_cli.o
 .text.cmd_get  0x0000000000003e10       0x7c Output/cli_pca10040 Release/Obj/nrf_cli.o
 .text.cli_clear_eos
                0x0000000000003e8c       0x38 Output/cli_pca10040 Release/Obj/nrf_cli.o
 .text.cli_cursor_save
                0x0000000000003ec4       0x38 Output/cli_pca10040 Release/Obj/nrf_cli.o
 .text.cli_cursor_restore
                0x0000000000003efc       0x38 Output/cli_pca10040 Release/Obj/nrf_cli.o
 .text.cli_strlen
                0x0000000000003f34        0x8 Output/cli_pca10040 Release/Obj/nrf_cli.o
 .text.wildcard_character_exist
                0x0000000000003f3c       0x24 Output/cli_pca10040 Release/Obj/nrf_cli.o
 .text.cursor_in_empty_line
                0x0000000000003f60       0x24 Output/cli_pca10040 Release/Obj/nrf_cli.o
 .text.multiline_console_data_check
                0x0000000000003f84       0x40 Output/cli_pca10040 Release/Obj/nrf_cli.o
 .text.full_line_cmd
                0x0000000000003fc4       0x24 Output/cli_pca10040 Release/Obj/nrf_cli.o
 .text.history_list_element_oldest_remove.isra.16
                0x0000000000003fe8       0x6c Output/cli_pca10040 Release/Obj/nrf_cli.o
 .text.vt100_color_set
                0x0000000000004054       0x50 Output/cli_pca10040 Release/Obj/nrf_cli.o
 .text.vt100_bgcolor_set.part.18
                0x00000000000040a4       0x40 Output/cli_pca10040 Release/Obj/nrf_cli.o
 .text.cursor_next_line_move.isra.19
                0x00000000000040e4        0xc Output/cli_pca10040 Release/Obj/nrf_cli.o
 .text.cursor_right_move.isra.20.part.21
                0x00000000000040f0       0x10 Output/cli_pca10040 Release/Obj/nrf_cli.o
 .text.cursor_right_move.isra.20
                0x0000000000004100        0x8 Output/cli_pca10040 Release/Obj/nrf_cli.o
 .text.make_argv.constprop.45
                0x0000000000004108      0x190 Output/cli_pca10040 Release/Obj/nrf_cli.o
 .text.cli_read.constprop.46
                0x0000000000004298       0x3c Output/cli_pca10040 Release/Obj/nrf_cli.o
 .text.cursor_position_get
                0x00000000000042d4      0x118 Output/cli_pca10040 Release/Obj/nrf_cli.o
 .text.cli_write.constprop.49
                0x00000000000043ec       0x88 Output/cli_pca10040 Release/Obj/nrf_cli.o
 .text.format_offset_string_print.constprop.48
                0x0000000000004474       0xfa Output/cli_pca10040 Release/Obj/nrf_cli.o
 *fill*         0x000000000000456e        0x2 
 .text.cursor_up_move.isra.26
                0x0000000000004570       0x14 Output/cli_pca10040 Release/Obj/nrf_cli.o
 .text.cursor_left_move.isra.22
                0x0000000000004584       0x14 Output/cli_pca10040 Release/Obj/nrf_cli.o
 .text.cursor_home_position_move
                0x0000000000004598       0x56 Output/cli_pca10040 Release/Obj/nrf_cli.o
 .text.cursor_position_synchronize
                0x00000000000045ee       0x66 Output/cli_pca10040 Release/Obj/nrf_cli.o
 .text.cursor_down_move.isra.24
                0x0000000000004654       0x14 Output/cli_pca10040 Release/Obj/nrf_cli.o
 .text.cursor_end_position_move
                0x0000000000004668       0x52 Output/cli_pca10040 Release/Obj/nrf_cli.o
 *fill*         0x00000000000046ba        0x2 
 .text.nrf_cli_init
                0x00000000000046bc      0x14c Output/cli_pca10040 Release/Obj/nrf_cli.o
                0x00000000000046bc                nrf_cli_init
 .text.nrf_cli_print_stream
                0x0000000000004808        0x4 Output/cli_pca10040 Release/Obj/nrf_cli.o
                0x0000000000004808                nrf_cli_print_stream
 .text.nrf_cli_fprintf
                0x000000000000480c       0x9c Output/cli_pca10040 Release/Obj/nrf_cli.o
                0x000000000000480c                nrf_cli_fprintf
 .text.completion_insert
                0x00000000000048a8       0xa0 Output/cli_pca10040 Release/Obj/nrf_cli.o
 .text.char_insert
                0x0000000000004948      0x148 Output/cli_pca10040 Release/Obj/nrf_cli.o
 .text.history_handle
                0x0000000000004a90      0x138 Output/cli_pca10040 Release/Obj/nrf_cli.o
 .text.char_delete
                0x0000000000004bc8       0xa8 Output/cli_pca10040 Release/Obj/nrf_cli.o
 .text.cli_log_entry_process
                0x0000000000004c70      0x138 Output/cli_pca10040 Release/Obj/nrf_cli.o
 .text.nrf_log_backend_cli_flush
                0x0000000000004da8       0x1e Output/cli_pca10040 Release/Obj/nrf_cli.o
 .text.nrf_log_backend_cli_put
                0x0000000000004dc6       0x40 Output/cli_pca10040 Release/Obj/nrf_cli.o
 *fill*         0x0000000000004e06        0x2 
 .text.cli_state_set.constprop.44
                0x0000000000004e08       0x20 Output/cli_pca10040 Release/Obj/nrf_cli.o
 .text.nrf_cli_process
                0x0000000000004e28      0xee0 Output/cli_pca10040 Release/Obj/nrf_cli.o
                0x0000000000004e28                nrf_cli_process
 .text.nrf_cli_start
                0x0000000000005d08       0x6c Output/cli_pca10040 Release/Obj/nrf_cli.o
                0x0000000000005d08                nrf_cli_start
 .text.nrf_cli_help_print
                0x0000000000005d74      0x250 Output/cli_pca10040 Release/Obj/nrf_cli.o
                0x0000000000005d74                nrf_cli_help_print
 .text.nrf_cli_cmd_clear
                0x0000000000005fc4       0x88 Output/cli_pca10040 Release/Obj/nrf_cli.o
 .text.nrf_cli_build_in_cmd_common_executed.constprop.42
                0x000000000000604c       0x30 Output/cli_pca10040 Release/Obj/nrf_cli.o
 .text.nrf_cli_cmd_colors
                0x000000000000607c       0x70 Output/cli_pca10040 Release/Obj/nrf_cli.o
 .text.nrf_cli_cmd_cli_stats
                0x00000000000060ec       0x48 Output/cli_pca10040 Release/Obj/nrf_cli.o
                0x00000000000060ec                nrf_cli_cmd_cli_stats
 .text.nrf_cli_cmd_resize_default
                0x0000000000006134       0x50 Output/cli_pca10040 Release/Obj/nrf_cli.o
 .text.nrf_cli_cmd_resize
                0x0000000000006184      0x100 Output/cli_pca10040 Release/Obj/nrf_cli.o
 .text.nrf_cli_cmd_history
                0x0000000000006284       0xa0 Output/cli_pca10040 Release/Obj/nrf_cli.o
 .text.nrf_cli_cmd_colors_off
                0x0000000000006324       0x22 Output/cli_pca10040 Release/Obj/nrf_cli.o
 .text.nrf_cli_cmd_colors_on
                0x0000000000006346       0x22 Output/cli_pca10040 Release/Obj/nrf_cli.o
 .text.nrf_cli_cmd_echo_off
                0x0000000000006368       0x22 Output/cli_pca10040 Release/Obj/nrf_cli.o
 .text.nrf_cli_cmd_echo_on
                0x000000000000638a       0x22 Output/cli_pca10040 Release/Obj/nrf_cli.o
 .text.nrf_cli_cmd_echo
                0x00000000000063ac       0x68 Output/cli_pca10040 Release/Obj/nrf_cli.o
 .text.nrf_cli_cmd_cli_stats_reset
                0x0000000000006414       0x28 Output/cli_pca10040 Release/Obj/nrf_cli.o
                0x0000000000006414                nrf_cli_cmd_cli_stats_reset
 .text.nrf_cli_cmd_cli_stats_show
                0x000000000000643c       0x4c Output/cli_pca10040 Release/Obj/nrf_cli.o
                0x000000000000643c                nrf_cli_cmd_cli_stats_show
 .text.nrf_cli_cmd_cli
                0x0000000000006488       0x60 Output/cli_pca10040 Release/Obj/nrf_cli.o
 .text.cli_rtt_read
                0x00000000000064e8       0x28 Output/cli_pca10040 Release/Obj/nrf_cli_rtt.o
 .text.cli_rtt_uninit
                0x0000000000006510        0x8 Output/cli_pca10040 Release/Obj/nrf_cli_rtt.o
 .text.cli_rtt_init
                0x0000000000006518       0x20 Output/cli_pca10040 Release/Obj/nrf_cli_rtt.o
 .text.cli_rtt_enable
                0x0000000000006538       0x60 Output/cli_pca10040 Release/Obj/nrf_cli_rtt.o
 .text.timer_handler
                0x0000000000006598       0x44 Output/cli_pca10040 Release/Obj/nrf_cli_rtt.o
 .text.cli_rtt_write
                0x00000000000065dc       0x90 Output/cli_pca10040 Release/Obj/nrf_cli_rtt.o
 .text.cli_uart_read
                0x000000000000666c       0x28 Output/cli_pca10040 Release/Obj/nrf_cli_uart.o
 .text.nrf_drv_uart_tx
                0x0000000000006694       0x24 Output/cli_pca10040 Release/Obj/nrf_cli_uart.o
 .text.timer_handler
                0x00000000000066b8       0x1c Output/cli_pca10040 Release/Obj/nrf_cli_uart.o
 .text.nrf_drv_uart_uninit
                0x00000000000066d4       0x18 Output/cli_pca10040 Release/Obj/nrf_cli_uart.o
 .text.cli_uart_uninit
                0x00000000000066ec       0x16 Output/cli_pca10040 Release/Obj/nrf_cli_uart.o
 *fill*         0x0000000000006702        0x2 
 .text.cli_uart_write
                0x0000000000006704       0x80 Output/cli_pca10040 Release/Obj/nrf_cli_uart.o
 .text.rx_try   0x0000000000006784       0x6c Output/cli_pca10040 Release/Obj/nrf_cli_uart.o
 .text.uart_event_handler
                0x00000000000067f0       0xd0 Output/cli_pca10040 Release/Obj/nrf_cli_uart.o
 .text.cli_uart_enable
                0x00000000000068c0       0x74 Output/cli_pca10040 Release/Obj/nrf_cli_uart.o
 .text.cli_uart_init
                0x0000000000006934       0x3c Output/cli_pca10040 Release/Obj/nrf_cli_uart.o
 .text.nrf_fprintf_buffer_flush
                0x0000000000006970       0x24 Output/cli_pca10040 Release/Obj/nrf_fprintf.o
                0x0000000000006970                nrf_fprintf_buffer_flush
 .text.nrf_fprintf
                0x0000000000006994       0x54 Output/cli_pca10040 Release/Obj/nrf_fprintf.o
                0x0000000000006994                nrf_fprintf
 .text.buffer_add
                0x00000000000069e8       0x2e Output/cli_pca10040 Release/Obj/nrf_fprintf_format.o
 *fill*         0x0000000000006a16        0x2 
 .text.unsigned_print
                0x0000000000006a18       0xb0 Output/cli_pca10040 Release/Obj/nrf_fprintf_format.o
 .text.nrf_fprintf_fmt
                0x0000000000006ac8      0x2b4 Output/cli_pca10040 Release/Obj/nrf_fprintf_format.o
                0x0000000000006ac8                nrf_fprintf_fmt
 .text.nrf_fstorage_init
                0x0000000000006d7c       0x78 Output/cli_pca10040 Release/Obj/nrf_fstorage.o
                0x0000000000006d7c                nrf_fstorage_init
 .text.nrf_fstorage_write
                0x0000000000006df4      0x180 Output/cli_pca10040 Release/Obj/nrf_fstorage.o
                0x0000000000006df4                nrf_fstorage_write
 .text.nrf_fstorage_erase
                0x0000000000006f74      0x10c Output/cli_pca10040 Release/Obj/nrf_fstorage.o
                0x0000000000006f74                nrf_fstorage_erase
 .text.nrf_fstorage_rmap
                0x0000000000007080        0xe Output/cli_pca10040 Release/Obj/nrf_fstorage.o
                0x0000000000007080                nrf_fstorage_rmap
 *fill*         0x000000000000708e        0x2 
 .text.init     0x0000000000007090        0xc Output/cli_pca10040 Release/Obj/nrf_fstorage_nvmc.o
 .text.rmap     0x000000000000709c        0x4 Output/cli_pca10040 Release/Obj/nrf_fstorage_nvmc.o
 .text.wmap     0x00000000000070a0        0x4 Output/cli_pca10040 Release/Obj/nrf_fstorage_nvmc.o
 .text.is_busy  0x00000000000070a4       0x10 Output/cli_pca10040 Release/Obj/nrf_fstorage_nvmc.o
 .text.uninit   0x00000000000070b4       0x10 Output/cli_pca10040 Release/Obj/nrf_fstorage_nvmc.o
 .text.read     0x00000000000070c4        0xe Output/cli_pca10040 Release/Obj/nrf_fstorage_nvmc.o
 *fill*         0x00000000000070d2        0x2 
 .text.erase    0x00000000000070d4       0x5c Output/cli_pca10040 Release/Obj/nrf_fstorage_nvmc.o
 .text.write    0x0000000000007130       0x58 Output/cli_pca10040 Release/Obj/nrf_fstorage_nvmc.o
 .text.memobj_op
                0x0000000000007188       0xa4 Output/cli_pca10040 Release/Obj/nrf_memobj.o
 .text.nrf_memobj_pool_init
                0x000000000000722c        0x4 Output/cli_pca10040 Release/Obj/nrf_memobj.o
                0x000000000000722c                nrf_memobj_pool_init
 .text.nrf_memobj_free
                0x0000000000007230       0x2c Output/cli_pca10040 Release/Obj/nrf_memobj.o
                0x0000000000007230                nrf_memobj_free
 .text.nrf_memobj_alloc
                0x000000000000725c       0x5e Output/cli_pca10040 Release/Obj/nrf_memobj.o
                0x000000000000725c                nrf_memobj_alloc
 .text.nrf_memobj_get
                0x00000000000072ba        0x8 Output/cli_pca10040 Release/Obj/nrf_memobj.o
                0x00000000000072ba                nrf_memobj_get
 .text.nrf_memobj_put
                0x00000000000072c2       0x1e Output/cli_pca10040 Release/Obj/nrf_memobj.o
                0x00000000000072c2                nrf_memobj_put
 .text.nrf_memobj_write
                0x00000000000072e0       0x28 Output/cli_pca10040 Release/Obj/nrf_memobj.o
                0x00000000000072e0                nrf_memobj_write
 .text.nrf_memobj_read
                0x0000000000007308       0x28 Output/cli_pca10040 Release/Obj/nrf_memobj.o
                0x0000000000007308                nrf_memobj_read
 .text.nrf_pwr_mgmt_feed
                0x0000000000007330        0x2 Output/cli_pca10040 Release/Obj/nrf_pwr_mgmt.o
                0x0000000000007330                nrf_pwr_mgmt_feed
 .text.queue_utilization_get
                0x0000000000007332       0x18 Output/cli_pca10040 Release/Obj/nrf_queue.o
 *fill*         0x000000000000734a        0x2 
 .text.nrf_queue_next_idx
                0x000000000000734c       0x20 Output/cli_pca10040 Release/Obj/nrf_queue.o
 .text.nrf_queue_is_full
                0x000000000000736c       0x28 Output/cli_pca10040 Release/Obj/nrf_queue.o
                0x000000000000736c                nrf_queue_is_full
 .text.nrf_queue_push
                0x0000000000007394       0xbc Output/cli_pca10040 Release/Obj/nrf_queue.o
                0x0000000000007394                nrf_queue_push
 .text.nrf_queue_utilization_get
                0x0000000000007450       0x2c Output/cli_pca10040 Release/Obj/nrf_queue.o
                0x0000000000007450                nrf_queue_utilization_get
 .text.nrf_queue_is_empty
                0x000000000000747c       0x24 Output/cli_pca10040 Release/Obj/nrf_queue.o
                0x000000000000747c                nrf_queue_is_empty
 .text.nrf_queue_generic_pop
                0x00000000000074a0       0x9c Output/cli_pca10040 Release/Obj/nrf_queue.o
                0x00000000000074a0                nrf_queue_generic_pop
 .text.nrf_queue_max_utilization_get
                0x000000000000753c       0x1c Output/cli_pca10040 Release/Obj/nrf_queue.o
                0x000000000000753c                nrf_queue_max_utilization_get
 .text.nrf_queue_status
                0x0000000000007558       0xc8 Output/cli_pca10040 Release/Obj/nrf_queue.o
 .text.nrf_queue_max_utilization_reset
                0x0000000000007620       0x1c Output/cli_pca10040 Release/Obj/nrf_queue.o
                0x0000000000007620                nrf_queue_max_utilization_reset
 .text.nrf_ringbuf_init
                0x000000000000763c       0x12 Output/cli_pca10040 Release/Obj/nrf_ringbuf.o
                0x000000000000763c                nrf_ringbuf_init
 *fill*         0x000000000000764e        0x2 
 .text.nrf_ringbuf_alloc
                0x0000000000007650       0x88 Output/cli_pca10040 Release/Obj/nrf_ringbuf.o
                0x0000000000007650                nrf_ringbuf_alloc
 .text.nrf_ringbuf_put
                0x00000000000076d8       0x2e Output/cli_pca10040 Release/Obj/nrf_ringbuf.o
                0x00000000000076d8                nrf_ringbuf_put
 *fill*         0x0000000000007706        0x2 
 .text.nrf_ringbuf_cpy_put
                0x0000000000007708       0x98 Output/cli_pca10040 Release/Obj/nrf_ringbuf.o
                0x0000000000007708                nrf_ringbuf_cpy_put
 .text.nrf_ringbuf_get
                0x00000000000077a0       0x88 Output/cli_pca10040 Release/Obj/nrf_ringbuf.o
                0x00000000000077a0                nrf_ringbuf_get
 .text.nrf_ringbuf_cpy_get
                0x0000000000007828       0x98 Output/cli_pca10040 Release/Obj/nrf_ringbuf.o
                0x0000000000007828                nrf_ringbuf_cpy_get
 .text.nrf_ringbuf_free
                0x00000000000078c0       0x22 Output/cli_pca10040 Release/Obj/nrf_ringbuf.o
                0x00000000000078c0                nrf_ringbuf_free
 *fill*         0x00000000000078e2        0x2 
 .text.nrf_sortlist_add
                0x00000000000078e4       0x38 Output/cli_pca10040 Release/Obj/nrf_sortlist.o
                0x00000000000078e4                nrf_sortlist_add
 .text.nrf_sortlist_pop
                0x000000000000791c       0x20 Output/cli_pca10040 Release/Obj/nrf_sortlist.o
                0x000000000000791c                nrf_sortlist_pop
 .text.nrf_sortlist_peek
                0x000000000000793c       0x18 Output/cli_pca10040 Release/Obj/nrf_sortlist.o
                0x000000000000793c                nrf_sortlist_peek
 .text.nrf_sortlist_next
                0x0000000000007954       0x18 Output/cli_pca10040 Release/Obj/nrf_sortlist.o
                0x0000000000007954                nrf_sortlist_next
 .text.nrf_sortlist_remove
                0x000000000000796c       0x38 Output/cli_pca10040 Release/Obj/nrf_sortlist.o
                0x000000000000796c                nrf_sortlist_remove
 .text.nrf_strerror_find
                0x00000000000079a4       0x3c Output/cli_pca10040 Release/Obj/nrf_strerror.o
                0x00000000000079a4                nrf_strerror_find
 .text.nrf_strerror_get
                0x00000000000079e0       0x14 Output/cli_pca10040 Release/Obj/nrf_strerror.o
                0x00000000000079e0                nrf_strerror_get
 .text.clock_clk_started_notify
                0x00000000000079f4       0x24 Output/cli_pca10040 Release/Obj/nrf_drv_clock.o
 .text.clock_irq_handler
                0x0000000000007a18       0x1c Output/cli_pca10040 Release/Obj/nrf_drv_clock.o
 .text.nrf_drv_clock_init
                0x0000000000007a34       0x30 Output/cli_pca10040 Release/Obj/nrf_drv_clock.o
                0x0000000000007a34                nrf_drv_clock_init
 .text.nrf_drv_clock_lfclk_request
                0x0000000000007a64       0x74 Output/cli_pca10040 Release/Obj/nrf_drv_clock.o
                0x0000000000007a64                nrf_drv_clock_lfclk_request
 .text.uarte_evt_handler
                0x0000000000007ad8       0x34 Output/cli_pca10040 Release/Obj/nrf_drv_uart.o
 .text.uart_evt_handler
                0x0000000000007b0c       0x34 Output/cli_pca10040 Release/Obj/nrf_drv_uart.o
 .text.nrf_drv_uart_init
                0x0000000000007b40       0x7c Output/cli_pca10040 Release/Obj/nrf_drv_uart.o
                0x0000000000007b40                nrf_drv_uart_init
 .text.wait_for_flash_ready
                0x0000000000007bbc       0x10 Output/cli_pca10040 Release/Obj/nrf_nvmc.o
 .text.nrf_nvmc_page_erase
                0x0000000000007bcc       0x30 Output/cli_pca10040 Release/Obj/nrf_nvmc.o
                0x0000000000007bcc                nrf_nvmc_page_erase
 .text.nrf_nvmc_write_words
                0x0000000000007bfc       0x40 Output/cli_pca10040 Release/Obj/nrf_nvmc.o
                0x0000000000007bfc                nrf_nvmc_write_words
 .text.nrfx_clock_init
                0x0000000000007c3c       0x28 Output/cli_pca10040 Release/Obj/nrfx_clock.o
                0x0000000000007c3c                nrfx_clock_init
 .text.nrfx_clock_enable
                0x0000000000007c64       0x44 Output/cli_pca10040 Release/Obj/nrfx_clock.o
                0x0000000000007c64                nrfx_clock_enable
 .text.nrfx_clock_lfclk_start
                0x0000000000007ca8       0x6c Output/cli_pca10040 Release/Obj/nrfx_clock.o
                0x0000000000007ca8                nrfx_clock_lfclk_start
 .text.nrfx_clock_irq_handler
                0x0000000000007d14       0x64 Output/cli_pca10040 Release/Obj/nrfx_clock.o
                0x0000000000007d14                nrfx_clock_irq_handler
 .text.nrf_gpiote_event_clear
                0x0000000000007d78       0x18 Output/cli_pca10040 Release/Obj/nrfx_gpiote.o
 .text.nrf_gpio_pin_port_decode.isra.0.part.1
                0x0000000000007d90       0x10 Output/cli_pca10040 Release/Obj/nrfx_gpiote.o
 .text.nrf_gpio_cfg_sense_set
                0x0000000000007da0       0x2e Output/cli_pca10040 Release/Obj/nrfx_gpiote.o
 *fill*         0x0000000000007dce        0x2 
 .text.GPIOTE_IRQHandler
                0x0000000000007dd0      0x190 Output/cli_pca10040 Release/Obj/nrfx_gpiote.o
                0x0000000000007dd0                GPIOTE_IRQHandler
 .text.nrf_power_event_get_and_clear
                0x0000000000007f60       0x20 Output/cli_pca10040 Release/Obj/nrfx_power.o
 .text.nrfx_power_irq_handler
                0x0000000000007f80       0x88 Output/cli_pca10040 Release/Obj/nrfx_power.o
                0x0000000000007f80                nrfx_power_irq_handler
 .text.POWER_CLOCK_IRQHandler
                0x0000000000008008        0xe Output/cli_pca10040 Release/Obj/nrfx_power.o
                0x0000000000008008                POWER_CLOCK_IRQHandler
 *fill*         0x0000000000008016        0x2 
 .text.UARTE0_UART0_IRQHandler
                0x0000000000008018       0x20 Output/cli_pca10040 Release/Obj/nrfx_prs.o
                0x0000000000008018                UARTE0_UART0_IRQHandler
 .text.nrfx_prs_acquire
                0x0000000000008038       0x44 Output/cli_pca10040 Release/Obj/nrfx_prs.o
                0x0000000000008038                nrfx_prs_acquire
 .text.nrfx_prs_release
                0x000000000000807c       0x28 Output/cli_pca10040 Release/Obj/nrfx_prs.o
                0x000000000000807c                nrfx_prs_release
 .text.nrf_uart_event_clear
                0x00000000000080a4       0x10 Output/cli_pca10040 Release/Obj/nrfx_uart.o
 .text.tx_byte  0x00000000000080b4       0x1e Output/cli_pca10040 Release/Obj/nrfx_uart.o
 .text.rx_enable.isra.1
                0x00000000000080d2       0x20 Output/cli_pca10040 Release/Obj/nrfx_uart.o
 .text.rx_byte  0x00000000000080f2       0x2c Output/cli_pca10040 Release/Obj/nrfx_uart.o
 *fill*         0x000000000000811e        0x2 
 .text.nrf_gpio_pin_port_decode.isra.3.part.4
                0x0000000000008120       0x10 Output/cli_pca10040 Release/Obj/nrfx_uart.o
 .text.nrf_gpio_cfg_default
                0x0000000000008130       0x1c Output/cli_pca10040 Release/Obj/nrfx_uart.o
 .text.rx_done_event.constprop.9
                0x000000000000814c       0x20 Output/cli_pca10040 Release/Obj/nrfx_uart.o
 .text.nrfx_uart_0_irq_handler
                0x000000000000816c      0x13c Output/cli_pca10040 Release/Obj/nrfx_uart.o
                0x000000000000816c                nrfx_uart_0_irq_handler
 .text.nrfx_uart_init
                0x00000000000082a8      0x1f8 Output/cli_pca10040 Release/Obj/nrfx_uart.o
                0x00000000000082a8                nrfx_uart_init
 .text.nrfx_uart_uninit
                0x00000000000084a0       0xac Output/cli_pca10040 Release/Obj/nrfx_uart.o
                0x00000000000084a0                nrfx_uart_uninit
 .text.nrfx_uart_tx
                0x000000000000854c       0xe4 Output/cli_pca10040 Release/Obj/nrfx_uart.o
                0x000000000000854c                nrfx_uart_tx
 .text.nrfx_uart_tx_in_progress
                0x0000000000008630       0x18 Output/cli_pca10040 Release/Obj/nrfx_uart.o
                0x0000000000008630                nrfx_uart_tx_in_progress
 .text.nrfx_uart_rx
                0x0000000000008648      0x12c Output/cli_pca10040 Release/Obj/nrfx_uart.o
                0x0000000000008648                nrfx_uart_rx
 .text.nrfx_uart_rx_abort
                0x0000000000008774       0x10 Output/cli_pca10040 Release/Obj/nrfx_uart.o
                0x0000000000008774                nrfx_uart_rx_abort
 .text.nrf_uarte_event_clear
                0x0000000000008784       0x10 Output/cli_pca10040 Release/Obj/nrfx_uarte.o
 .text.nrf_gpio_pin_port_decode.isra.1.part.2
                0x0000000000008794       0x10 Output/cli_pca10040 Release/Obj/nrfx_uarte.o
 .text.nrf_gpio_cfg_default
                0x00000000000087a4       0x1c Output/cli_pca10040 Release/Obj/nrfx_uarte.o
 .text.rx_done_event.constprop.8
                0x00000000000087c0       0x20 Output/cli_pca10040 Release/Obj/nrfx_uarte.o
 .text.nrfx_uarte_0_irq_handler
                0x00000000000087e0       0xe8 Output/cli_pca10040 Release/Obj/nrfx_uarte.o
                0x00000000000087e0                nrfx_uarte_0_irq_handler
 .text.nrfx_uarte_init
                0x00000000000088c8      0x208 Output/cli_pca10040 Release/Obj/nrfx_uarte.o
                0x00000000000088c8                nrfx_uarte_init
 .text.nrfx_uarte_uninit
                0x0000000000008ad0       0xac Output/cli_pca10040 Release/Obj/nrfx_uarte.o
                0x0000000000008ad0                nrfx_uarte_uninit
 .text.nrfx_uarte_tx
                0x0000000000008b7c       0xe4 Output/cli_pca10040 Release/Obj/nrfx_uarte.o
                0x0000000000008b7c                nrfx_uarte_tx
 .text.nrfx_uarte_tx_in_progress
                0x0000000000008c60       0x18 Output/cli_pca10040 Release/Obj/nrfx_uarte.o
                0x0000000000008c60                nrfx_uarte_tx_in_progress
 .text.nrfx_uarte_rx
                0x0000000000008c78      0x12c Output/cli_pca10040 Release/Obj/nrfx_uarte.o
                0x0000000000008c78                nrfx_uarte_rx
 .text.nrfx_uarte_rx_abort
                0x0000000000008da4       0x28 Output/cli_pca10040 Release/Obj/nrfx_uarte.o
                0x0000000000008da4                nrfx_uarte_rx_abort
 .text.cmd_print_param
                0x0000000000008dcc       0x34 Output/cli_pca10040 Release/Obj/demo_cli_cmds.o
 .text.cmd_print_all
                0x0000000000008e00       0x3c Output/cli_pca10040 Release/Obj/demo_cli_cmds.o
 .text.cmd_python
                0x0000000000008e3c        0xc Output/cli_pca10040 Release/Obj/demo_cli_cmds.o
 .text.dynamic_cmd_get
                0x0000000000008e48       0x48 Output/cli_pca10040 Release/Obj/demo_cli_cmds.o
 .text.string_cmp
                0x0000000000008e90       0x2c Output/cli_pca10040 Release/Obj/demo_cli_cmds.o
 .text.cmd_nordic
                0x0000000000008ebc       0x3c Output/cli_pca10040 Release/Obj/demo_cli_cmds.o
 .text.cmd_counter_stop
                0x0000000000008ef8       0x20 Output/cli_pca10040 Release/Obj/demo_cli_cmds.o
 .text.cmd_dynamic
                0x0000000000008f18       0x3c Output/cli_pca10040 Release/Obj/demo_cli_cmds.o
 .text.cmd_dynamic_show
                0x0000000000008f54       0x94 Output/cli_pca10040 Release/Obj/demo_cli_cmds.o
 .text.cmd_print
                0x0000000000008fe8       0x78 Output/cli_pca10040 Release/Obj/demo_cli_cmds.o
 .text.cmd_counter
                0x0000000000009060       0xb4 Output/cli_pca10040 Release/Obj/demo_cli_cmds.o
 .text.cmd_dynamic_execute
                0x0000000000009114       0x88 Output/cli_pca10040 Release/Obj/demo_cli_cmds.o
 .text.cmd_dynamic_remove
                0x000000000000919c       0xc0 Output/cli_pca10040 Release/Obj/demo_cli_cmds.o
 .text.cmd_dynamic_add
                0x000000000000925c       0xe4 Output/cli_pca10040 Release/Obj/demo_cli_cmds.o
 .text.cmd_counter_reset
                0x0000000000009340       0x20 Output/cli_pca10040 Release/Obj/demo_cli_cmds.o
 .text.cmd_counter_start
                0x0000000000009360       0x1c Output/cli_pca10040 Release/Obj/demo_cli_cmds.o
 .text.cli_example_stack_overflow_force
                0x000000000000937c       0x2c Output/cli_pca10040 Release/Obj/demo_cli_cmds.o
                0x000000000000937c                cli_example_stack_overflow_force
 .text.cmd_stack_overflow
                0x00000000000093a8       0x16 Output/cli_pca10040 Release/Obj/demo_cli_cmds.o
 *fill*         0x00000000000093be        0x2 
 .text.timer_handle
                0x00000000000093c0       0x44 Output/cli_pca10040 Release/Obj/main.o
 .text.startup.main
                0x0000000000009404      0x1e4 Output/cli_pca10040 Release/Obj/main.o
                0x0000000000009404                main
 .text._GetAvailWriteSpace
                0x00000000000095e8       0x1c Output/cli_pca10040 Release/Obj/SEGGER_RTT.o
 .text._WriteNoCheck
                0x0000000000009604       0x34 Output/cli_pca10040 Release/Obj/SEGGER_RTT.o
 .text._WriteBlocking
                0x0000000000009638       0x52 Output/cli_pca10040 Release/Obj/SEGGER_RTT.o
 *fill*         0x000000000000968a        0x2 
 .text._DoInit  0x000000000000968c       0x60 Output/cli_pca10040 Release/Obj/SEGGER_RTT.o
 .text.SEGGER_RTT_ReadNoLock
                0x00000000000096ec       0x88 Output/cli_pca10040 Release/Obj/SEGGER_RTT.o
                0x00000000000096ec                SEGGER_RTT_ReadNoLock
 .text.SEGGER_RTT_Read
                0x0000000000009774       0x24 Output/cli_pca10040 Release/Obj/SEGGER_RTT.o
                0x0000000000009774                SEGGER_RTT_Read
 .text.SEGGER_RTT_WriteNoLock
                0x0000000000009798       0x68 Output/cli_pca10040 Release/Obj/SEGGER_RTT.o
                0x0000000000009798                SEGGER_RTT_WriteNoLock
 .text.SEGGER_RTT_Write
                0x0000000000009800       0x34 Output/cli_pca10040 Release/Obj/SEGGER_RTT.o
                0x0000000000009800                SEGGER_RTT_Write
 .text.SEGGER_RTT_HasData
                0x0000000000009834       0x14 Output/cli_pca10040 Release/Obj/SEGGER_RTT.o
                0x0000000000009834                SEGGER_RTT_HasData
 .text.SEGGER_RTT_Init
                0x0000000000009848        0x4 Output/cli_pca10040 Release/Obj/SEGGER_RTT.o
                0x0000000000009848                SEGGER_RTT_Init
 .text.errata_12
                0x000000000000984c       0x40 Output/cli_pca10040 Release/Obj/system_nrf52.o
 .text.errata_16
                0x000000000000988c       0x34 Output/cli_pca10040 Release/Obj/system_nrf52.o
 .text.SystemInit
                0x00000000000098c0      0x25c Output/cli_pca10040 Release/Obj/system_nrf52.o
                0x00000000000098c0                SystemInit
 .text.libc.__RAL_ascii_isctype
                0x0000000000009b1c       0x1c /usr/share/segger_embedded_studio_for_arm_4.18/lib/libc_v7em_fpv4_sp_d16_hard_t_le_eabi.a(libc2.o)
 .text.libc.__RAL_ascii_toupper
                0x0000000000009b38        0xc /usr/share/segger_embedded_studio_for_arm_4.18/lib/libc_v7em_fpv4_sp_d16_hard_t_le_eabi.a(libc2.o)
 .text.libc.__RAL_ascii_tolower
                0x0000000000009b44        0xc /usr/share/segger_embedded_studio_for_arm_4.18/lib/libc_v7em_fpv4_sp_d16_hard_t_le_eabi.a(libc2.o)
 .text.libc.__RAL_ascii_iswctype
                0x0000000000009b50       0x1c /usr/share/segger_embedded_studio_for_arm_4.18/lib/libc_v7em_fpv4_sp_d16_hard_t_le_eabi.a(libc2.o)
 .text.libc.__RAL_ascii_towupper
                0x0000000000009b6c        0xc /usr/share/segger_embedded_studio_for_arm_4.18/lib/libc_v7em_fpv4_sp_d16_hard_t_le_eabi.a(libc2.o)
 .text.libc.__RAL_ascii_towlower
                0x0000000000009b78        0xc /usr/share/segger_embedded_studio_for_arm_4.18/lib/libc_v7em_fpv4_sp_d16_hard_t_le_eabi.a(libc2.o)
 .text.libc.__RAL_ascii_wctomb
                0x0000000000009b84        0xe /usr/share/segger_embedded_studio_for_arm_4.18/lib/libc_v7em_fpv4_sp_d16_hard_t_le_eabi.a(libc2.o)
                0x0000000000009b84                __RAL_ascii_wctomb
 .text.libc.__RAL_ascii_mbtowc
                0x0000000000009b92       0x24 /usr/share/segger_embedded_studio_for_arm_4.18/lib/libc_v7em_fpv4_sp_d16_hard_t_le_eabi.a(libc2.o)
                0x0000000000009b92                __RAL_ascii_mbtowc
 .text.libc.__putc
                0x0000000000009bb6       0x34 /usr/share/segger_embedded_studio_for_arm_4.18/lib/libc_v7em_fpv4_sp_d16_hard_t_le_eabi.a(libc2.o)
                0x0000000000009bb6                __putc
 .text.libc.__RAL_print_padding
                0x0000000000009bea       0x1c /usr/share/segger_embedded_studio_for_arm_4.18/lib/libc_v7em_fpv4_sp_d16_hard_t_le_eabi.a(libc2.o)
                0x0000000000009bea                __RAL_print_padding
 .text.libc.__RAL_pre_padding
                0x0000000000009c06       0x1c /usr/share/segger_embedded_studio_for_arm_4.18/lib/libc_v7em_fpv4_sp_d16_hard_t_le_eabi.a(libc2.o)
                0x0000000000009c06                __RAL_pre_padding
 *fill*         0x0000000000009c22        0x2 
 .text.libc.__RAL_isctype
                0x0000000000009c24       0x14 /usr/share/segger_embedded_studio_for_arm_4.18/lib/libc_v7em_fpv4_sp_d16_hard_t_le_eabi.a(libc2.o)
                0x0000000000009c24                __RAL_isctype
 .text.libc.isupper
                0x0000000000009c38        0xa /usr/share/segger_embedded_studio_for_arm_4.18/lib/libc_v7em_fpv4_sp_d16_hard_t_le_eabi.a(libc2.o)
                0x0000000000009c38                isupper
 .text.libc.islower
                0x0000000000009c42        0xa /usr/share/segger_embedded_studio_for_arm_4.18/lib/libc_v7em_fpv4_sp_d16_hard_t_le_eabi.a(libc2.o)
                0x0000000000009c42                islower
 .text.libc.isdigit
                0x0000000000009c4c        0xa /usr/share/segger_embedded_studio_for_arm_4.18/lib/libc_v7em_fpv4_sp_d16_hard_t_le_eabi.a(libc2.o)
                0x0000000000009c4c                isdigit
 .text.libc.__digit
                0x0000000000009c56       0x3c /usr/share/segger_embedded_studio_for_arm_4.18/lib/libc_v7em_fpv4_sp_d16_hard_t_le_eabi.a(libc2.o)
                0x0000000000009c56                __digit
 .text.libc.isspace
                0x0000000000009c92        0xa /usr/share/segger_embedded_studio_for_arm_4.18/lib/libc_v7em_fpv4_sp_d16_hard_t_le_eabi.a(libc2.o)
                0x0000000000009c92                isspace
 .text.libc.isalnum
                0x0000000000009c9c        0xa /usr/share/segger_embedded_studio_for_arm_4.18/lib/libc_v7em_fpv4_sp_d16_hard_t_le_eabi.a(libc2.o)
                0x0000000000009c9c                isalnum
 .text.libc.isprint
                0x0000000000009ca6        0xa /usr/share/segger_embedded_studio_for_arm_4.18/lib/libc_v7em_fpv4_sp_d16_hard_t_le_eabi.a(libc2.o)
                0x0000000000009ca6                isprint
 .text.libc.tolower
                0x0000000000009cb0       0x14 /usr/share/segger_embedded_studio_for_arm_4.18/lib/libc_v7em_fpv4_sp_d16_hard_t_le_eabi.a(libc2.o)
                0x0000000000009cb0                tolower
 .text.libc.__aeabi_errno_addr
                0x0000000000009cc4       0x14 /usr/share/segger_embedded_studio_for_arm_4.18/lib/libc_v7em_fpv4_sp_d16_hard_t_le_eabi.a(libc2.o)
                0x0000000000009cc4                __aeabi_errno_addr
 .text.libc.__strtoul
                0x0000000000009cd8       0xe0 /usr/share/segger_embedded_studio_for_arm_4.18/lib/libc_v7em_fpv4_sp_d16_hard_t_le_eabi.a(libc2.o)
                0x0000000000009cd8                __strtoul
 .text.libc.memmove
                0x0000000000009db8       0x3a /usr/share/segger_embedded_studio_for_arm_4.18/lib/libc_v7em_fpv4_sp_d16_hard_t_le_eabi.a(libc2.o)
                0x0000000000009db8                memmove
                0x0000000000009db8                __aeabi_memmove8
                0x0000000000009db8                __aeabi_memmove
                0x0000000000009db8                __aeabi_memmove4
 .text.libc.qsort
                0x0000000000009df2      0x240 /usr/share/segger_embedded_studio_for_arm_4.18/lib/libc_v7em_fpv4_sp_d16_hard_t_le_eabi.a(libc2.o)
                0x0000000000009df2                qsort
 .text.libc.sprintf
                0x000000000000a032       0x2a /usr/share/segger_embedded_studio_for_arm_4.18/lib/libc_v7em_fpv4_sp_d16_hard_t_le_eabi.a(libc2.o)
                0x000000000000a032                sprintf
 .text.libc.strchr
                0x000000000000a05c       0x20 /usr/share/segger_embedded_studio_for_arm_4.18/lib/libc_v7em_fpv4_sp_d16_hard_t_le_eabi.a(libc2.o)
                0x000000000000a05c                strchr
 .text.libc.strncmp
                0x000000000000a07c       0x40 /usr/share/segger_embedded_studio_for_arm_4.18/lib/libc_v7em_fpv4_sp_d16_hard_t_le_eabi.a(libc2.o)
                0x000000000000a07c                strncmp
 .text.libc.strnlen
                0x000000000000a0bc       0x22 /usr/share/segger_embedded_studio_for_arm_4.18/lib/libc_v7em_fpv4_sp_d16_hard_t_le_eabi.a(libc2.o)
                0x000000000000a0bc                strnlen
 .text.libc.strstr
                0x000000000000a0de       0x40 /usr/share/segger_embedded_studio_for_arm_4.18/lib/libc_v7em_fpv4_sp_d16_hard_t_le_eabi.a(libc2.o)
                0x000000000000a0de                strstr
 .text.libc.strtol
                0x000000000000a11e       0xac /usr/share/segger_embedded_studio_for_arm_4.18/lib/libc_v7em_fpv4_sp_d16_hard_t_le_eabi.a(libc2.o)
                0x000000000000a11e                strtol
 .text.libc.memcpy
                0x000000000000a1ca       0x52 /usr/share/segger_embedded_studio_for_arm_4.18/lib/libc_v7em_fpv4_sp_d16_hard_t_le_eabi.a(libc2_asm.o)
                0x000000000000a1ca                memcpy
                0x000000000000a1ca                __aeabi_memcpy
                0x000000000000a1d6                __aeabi_memcpy4
                0x000000000000a1d6                __aeabi_memcpy8
 .text.libc.memset
                0x000000000000a21c       0x66 /usr/share/segger_embedded_studio_for_arm_4.18/lib/libc_v7em_fpv4_sp_d16_hard_t_le_eabi.a(libc2_asm.o)
                0x000000000000a21c                memset
 .text.libc.strcpy
                0x000000000000a282       0x44 /usr/share/segger_embedded_studio_for_arm_4.18/lib/libc_v7em_fpv4_sp_d16_hard_t_le_eabi.a(libc2_asm.o)
                0x000000000000a282                strcpy
 .text.libc.strcmp
                0x000000000000a2c6       0x4e /usr/share/segger_embedded_studio_for_arm_4.18/lib/libc_v7em_fpv4_sp_d16_hard_t_le_eabi.a(libc2_asm.o)
                0x000000000000a2c6                strcmp
 .text.libc.strlen
                0x000000000000a314       0x60 /usr/share/segger_embedded_studio_for_arm_4.18/lib/libc_v7em_fpv4_sp_d16_hard_t_le_eabi.a(libc2_asm.o)
                0x000000000000a314                strlen
 .text.libc.__vfprintf_long
                0x000000000000a374      0x74c /usr/share/segger_embedded_studio_for_arm_4.18/lib/libvfprintf_v7em_fpv4_sp_d16_hard_t_le_eabi.o
                0x000000000000a374                __vfprintf_long
                0x000000000000aac0                __text_end__ = (__text_start__ + SIZEOF (.text))
                0x000000000000a6ec                __text_size__ = SIZEOF (.text)
                0x000000000000aac0                __text_load_end__ = __text_end__

.vfp11_veneer   0x0000000100000000        0x0
 .vfp11_veneer  0x0000000100000000        0x0 linker stubs

.v4_bx          0x0000000100000000        0x0
 .v4_bx         0x0000000100000000        0x0 linker stubs

.iplt           0x0000000100000000        0x0
 .iplt          0x0000000100000000        0x0 Output/cli_pca10040 Release/Obj/thumb_crt0.o
                0x0000000000000001                . = ASSERT (((__text_start__ == __text_end__) || ((__text_end__ - __FLASH_segment_start__) <= __FLASH_segment_size__)), error: .text is too large to fit in FLASH memory segment)
                0x000000000000aac0                __cli_command_load_start__ = ALIGN (__text_end__, 0x4)

.cli_command    0x000000000000aac0       0x90
                0x000000000000aac0                __cli_command_start__ = .
                0x000000000000aac0                __start_cli_command = __cli_command_start__
 *(.cli_command*)
 .cli_command   0x000000000000aac0        0x8 Output/cli_pca10040 Release/Obj/nrf_log_backend_flash.o
                0x000000000000aac0                nrf_cli_flashlog_const
 .cli_command   0x000000000000aac8        0x8 Output/cli_pca10040 Release/Obj/nrf_log_frontend.o
                0x000000000000aac8                nrf_cli_log_const
 .cli_command   0x000000000000aad0       0x20 Output/cli_pca10040 Release/Obj/cli_utils_cmds.o
                0x000000000000aad0                nrf_cli_log_msg_const
                0x000000000000aad8                nrf_cli_app_size_const
                0x000000000000aae0                nrf_cli_error_const
                0x000000000000aae8                nrf_cli_reset_const
 .cli_command   0x000000000000aaf0        0x8 Output/cli_pca10040 Release/Obj/nrf_balloc.o
                0x000000000000aaf0                nrf_cli_balloc_const
 .cli_command   0x000000000000aaf8       0x20 Output/cli_pca10040 Release/Obj/nrf_cli.o
                0x000000000000aaf8                nrf_cli_resize_const
                0x000000000000ab00                nrf_cli_history_const
                0x000000000000ab08                nrf_cli_cli_const
                0x000000000000ab10                nrf_cli_clear_const
 .cli_command   0x000000000000ab18        0x8 Output/cli_pca10040 Release/Obj/nrf_queue.o
                0x000000000000ab18                nrf_cli_queue_const
 .cli_command   0x000000000000ab20       0x30 Output/cli_pca10040 Release/Obj/demo_cli_cmds.o
                0x000000000000ab20                nrf_cli_dynamic_const
                0x000000000000ab28                nrf_cli_stack_overflow_const
                0x000000000000ab30                nrf_cli_counter_const
                0x000000000000ab38                nrf_cli_python_const
                0x000000000000ab40                nrf_cli_print_const
                0x000000000000ab48                nrf_cli_nordic_const
                0x000000000000ab50                __cli_command_end__ = (__cli_command_start__ + SIZEOF (.cli_command))
                0x0000000000000090                __cli_command_size__ = SIZEOF (.cli_command)
                0x000000000000ab50                __stop_cli_command = __cli_command_end__
                0x000000000000ab50                __cli_command_load_end__ = __cli_command_end__
                0x0000000000000001                . = ASSERT (((__cli_command_start__ == __cli_command_end__) || ((__cli_command_end__ - __FLASH_segment_start__) <= __FLASH_segment_size__)), error: .cli_command is too large to fit in FLASH memory segment)
                0x000000000000ab50                __pwr_mgmt_data_load_start__ = ALIGN (__cli_command_end__, 0x4)

.pwr_mgmt_data  0x000000000000ab50        0x0
                0x000000000000ab50                __pwr_mgmt_data_start__ = .
                0x000000000000ab50                __start_pwr_mgmt_data = __pwr_mgmt_data_start__
 *(SORT_BY_NAME(.pwr_mgmt_data*))
                0x000000000000ab50                __pwr_mgmt_data_end__ = (__pwr_mgmt_data_start__ + SIZEOF (.pwr_mgmt_data))
                0x0000000000000000                __pwr_mgmt_data_size__ = SIZEOF (.pwr_mgmt_data)
                0x000000000000ab50                __stop_pwr_mgmt_data = __pwr_mgmt_data_end__
                0x000000000000ab50                __pwr_mgmt_data_load_end__ = __pwr_mgmt_data_end__
                0x0000000000000001                . = ASSERT (((__pwr_mgmt_data_start__ == __pwr_mgmt_data_end__) || ((__pwr_mgmt_data_end__ - __FLASH_segment_start__) <= __FLASH_segment_size__)), error: .pwr_mgmt_data is too large to fit in FLASH memory segment)
                0x000000000000ab50                __nrf_queue_load_start__ = ALIGN (__pwr_mgmt_data_end__, 0x4)

.nrf_queue      0x000000000000ab50       0x70
                0x000000000000ab50                __nrf_queue_start__ = .
                0x000000000000ab50                __start_nrf_queue = __nrf_queue_start__
 *(.nrf_queue*)
 .nrf_queue     0x000000000000ab50       0x38 Output/cli_pca10040 Release/Obj/nrf_log_backend_flash.o
                0x000000000000ab50                m_flashlog_queue
                0x000000000000ab6c                m_crashlog_queue
 .nrf_queue     0x000000000000ab88       0x38 Output/cli_pca10040 Release/Obj/main.o
                0x000000000000ab88                m_cli_rtt_log_backend_queue
                0x000000000000aba4                m_cli_uart_log_backend_queue
                0x000000000000abc0                __nrf_queue_end__ = (__nrf_queue_start__ + SIZEOF (.nrf_queue))
                0x0000000000000070                __nrf_queue_size__ = SIZEOF (.nrf_queue)
                0x000000000000abc0                __stop_nrf_queue = __nrf_queue_end__
                0x000000000000abc0                __nrf_queue_load_end__ = __nrf_queue_end__
                0x0000000000000001                . = ASSERT (((__nrf_queue_start__ == __nrf_queue_end__) || ((__nrf_queue_end__ - __FLASH_segment_start__) <= __FLASH_segment_size__)), error: .nrf_queue is too large to fit in FLASH memory segment)
                0x000000000000abc0                __log_const_data_load_start__ = ALIGN (__nrf_queue_end__, 0x4)

.log_const_data
                0x000000000000abc0       0xf8
                0x000000000000abc0                __log_const_data_start__ = .
                0x000000000000abc0                __start_log_const_data = __log_const_data_start__
 *(SORT_BY_NAME(.log_const_data*))
 .log_const_data_CLOCK
                0x000000000000abc0        0x8 Output/cli_pca10040 Release/Obj/nrfx_clock.o
                0x000000000000abc0                m_nrf_log_CLOCK_logs_data_const
 .log_const_data_GPIOTE
                0x000000000000abc8        0x8 Output/cli_pca10040 Release/Obj/nrfx_gpiote.o
                0x000000000000abc8                m_nrf_log_GPIOTE_logs_data_const
 .log_const_data_PRS
                0x000000000000abd0        0x8 Output/cli_pca10040 Release/Obj/nrfx_prs.o
                0x000000000000abd0                m_nrf_log_PRS_logs_data_const
 .log_const_data_UART
                0x000000000000abd8        0x8 Output/cli_pca10040 Release/Obj/nrfx_uart.o
                0x000000000000abd8                m_nrf_log_UART_logs_data_const
 .log_const_data_UARTE
                0x000000000000abe0        0x8 Output/cli_pca10040 Release/Obj/nrfx_uarte.o
                0x000000000000abe0                m_nrf_log_UARTE_logs_data_const
 .log_const_data_app
                0x000000000000abe8        0x8 Output/cli_pca10040 Release/Obj/nrf_log_frontend.o
                0x000000000000abe8                m_nrf_log_app_logs_data_const
 .log_const_data_app_timer
                0x000000000000abf0        0x8 Output/cli_pca10040 Release/Obj/app_timer2.o
                0x000000000000abf0                m_nrf_log_app_timer_logs_data_const
 .log_const_data_app_timer_m_bsp_alert_tmr
                0x000000000000abf8        0x8 Output/cli_pca10040 Release/Obj/bsp.o
                0x000000000000abf8                m_nrf_log_app_timer_m_bsp_alert_tmr_logs_data_const
 .log_const_data_app_timer_m_bsp_button_tmr
                0x000000000000ac00        0x8 Output/cli_pca10040 Release/Obj/bsp.o
                0x000000000000ac00                m_nrf_log_app_timer_m_bsp_button_tmr_logs_data_const
 .log_const_data_app_timer_m_bsp_leds_tmr
                0x000000000000ac08        0x8 Output/cli_pca10040 Release/Obj/bsp.o
                0x000000000000ac08                m_nrf_log_app_timer_m_bsp_leds_tmr_logs_data_const
 .log_const_data_app_timer_m_cli_rtt_transport_timer
                0x000000000000ac10        0x8 Output/cli_pca10040 Release/Obj/main.o
                0x000000000000ac10                m_nrf_log_app_timer_m_cli_rtt_transport_timer_logs_data_const
 .log_const_data_app_timer_m_cli_uart_transport_timer
                0x000000000000ac18        0x8 Output/cli_pca10040 Release/Obj/main.o
                0x000000000000ac18                m_nrf_log_app_timer_m_cli_uart_transport_timer_logs_data_const
 .log_const_data_app_timer_m_detection_delay_timer_id
                0x000000000000ac20        0x8 Output/cli_pca10040 Release/Obj/app_button.o
                0x000000000000ac20                m_nrf_log_app_timer_m_detection_delay_timer_id_logs_data_const
 .log_const_data_app_timer_m_timer_0
                0x000000000000ac28        0x8 Output/cli_pca10040 Release/Obj/main.o
                0x000000000000ac28                m_nrf_log_app_timer_m_timer_0_logs_data_const
 .log_const_data_atfifo_m_queue
                0x000000000000ac30        0x8 Output/cli_pca10040 Release/Obj/fds.o
                0x000000000000ac30                m_nrf_log_atfifo_m_queue_logs_data_const
 .log_const_data_atfifo_m_req_fifo
                0x000000000000ac38        0x8 Output/cli_pca10040 Release/Obj/app_timer2.o
                0x000000000000ac38                m_nrf_log_atfifo_m_req_fifo_logs_data_const
 .log_const_data_balloc_log_mempool
                0x000000000000ac40        0x8 Output/cli_pca10040 Release/Obj/nrf_log_frontend.o
                0x000000000000ac40                m_nrf_log_balloc_log_mempool_logs_data_const
 .log_const_data_balloc_m_cli_rtt_cmd_hist_memobj
                0x000000000000ac48        0x8 Output/cli_pca10040 Release/Obj/main.o
                0x000000000000ac48                m_nrf_log_balloc_m_cli_rtt_cmd_hist_memobj_logs_data_const
 .log_const_data_balloc_m_cli_uart_cmd_hist_memobj
                0x000000000000ac50        0x8 Output/cli_pca10040 Release/Obj/main.o
                0x000000000000ac50                m_nrf_log_balloc_m_cli_uart_cmd_hist_memobj_logs_data_const
 .log_const_data_cli_uart
                0x000000000000ac58        0x8 Output/cli_pca10040 Release/Obj/nrf_cli_uart.o
                0x000000000000ac58                m_nrf_log_cli_uart_logs_data_const
 .log_const_data_clock
                0x000000000000ac60        0x8 Output/cli_pca10040 Release/Obj/nrf_drv_clock.o
                0x000000000000ac60                m_nrf_log_clock_logs_data_const
 .log_const_data_hardfault
                0x000000000000ac68        0x8 Output/cli_pca10040 Release/Obj/hardfault_implementation.o
                0x000000000000ac68                m_nrf_log_hardfault_logs_data_const
 .log_const_data_nrf_fstorage
                0x000000000000ac70        0x8 Output/cli_pca10040 Release/Obj/nrf_fstorage.o
                0x000000000000ac70                m_nrf_log_nrf_fstorage_logs_data_const
 .log_const_data_nrf_mpu_lib
                0x000000000000ac78        0x8 Output/cli_pca10040 Release/Obj/nrf_mpu_lib.o
                0x000000000000ac78                m_nrf_log_nrf_mpu_lib_logs_data_const
 .log_const_data_pwr_mgmt
                0x000000000000ac80        0x8 Output/cli_pca10040 Release/Obj/nrf_pwr_mgmt.o
                0x000000000000ac80                m_nrf_log_pwr_mgmt_logs_data_const
 .log_const_data_queue_m_cli_rtt_log_backend_queue
                0x000000000000ac88        0x8 Output/cli_pca10040 Release/Obj/main.o
                0x000000000000ac88                m_nrf_log_queue_m_cli_rtt_log_backend_queue_logs_data_const
 .log_const_data_queue_m_cli_uart_log_backend_queue
                0x000000000000ac90        0x8 Output/cli_pca10040 Release/Obj/main.o
                0x000000000000ac90                m_nrf_log_queue_m_cli_uart_log_backend_queue_logs_data_const
 .log_const_data_queue_m_crashlog_queue
                0x000000000000ac98        0x8 Output/cli_pca10040 Release/Obj/nrf_log_backend_flash.o
                0x000000000000ac98                m_nrf_log_queue_m_crashlog_queue_logs_data_const
 .log_const_data_queue_m_flashlog_queue
                0x000000000000aca0        0x8 Output/cli_pca10040 Release/Obj/nrf_log_backend_flash.o
                0x000000000000aca0                m_nrf_log_queue_m_flashlog_queue_logs_data_const
 .log_const_data_sortlist
                0x000000000000aca8        0x8 Output/cli_pca10040 Release/Obj/nrf_sortlist.o
                0x000000000000aca8                m_nrf_log_sortlist_logs_data_const
 .log_const_data_stack_guard
                0x000000000000acb0        0x8 Output/cli_pca10040 Release/Obj/nrf_stack_guard.o
                0x000000000000acb0                m_nrf_log_stack_guard_logs_data_const
                0x000000000000acb8                __log_const_data_end__ = (__log_const_data_start__ + SIZEOF (.log_const_data))
                0x00000000000000f8                __log_const_data_size__ = SIZEOF (.log_const_data)
                0x000000000000acb8                __stop_log_const_data = __log_const_data_end__
                0x000000000000acb8                __log_const_data_load_end__ = __log_const_data_end__
                0x0000000000000001                . = ASSERT (((__log_const_data_start__ == __log_const_data_end__) || ((__log_const_data_end__ - __FLASH_segment_start__) <= __FLASH_segment_size__)), error: .log_const_data is too large to fit in FLASH memory segment)
                0x000000000000acb8                __log_backends_load_start__ = ALIGN (__log_const_data_end__, 0x4)

.log_backends   0x000000000000acb8       0x50
                0x000000000000acb8                __log_backends_start__ = .
                0x000000000000acb8                __start_log_backends = __log_backends_start__
 *(SORT_BY_NAME(.log_backends*))
 .log_backends  0x000000000000acb8       0x10 Output/cli_pca10040 Release/Obj/nrf_log_default_backends.o
 .log_backends  0x000000000000acc8       0x40 Output/cli_pca10040 Release/Obj/main.o
                0x000000000000ad08                __log_backends_end__ = (__log_backends_start__ + SIZEOF (.log_backends))
                0x0000000000000050                __log_backends_size__ = SIZEOF (.log_backends)
                0x000000000000ad08                __stop_log_backends = __log_backends_end__
                0x000000000000ad08                __log_backends_load_end__ = __log_backends_end__
                0x0000000000000001                . = ASSERT (((__log_backends_start__ == __log_backends_end__) || ((__log_backends_end__ - __FLASH_segment_start__) <= __FLASH_segment_size__)), error: .log_backends is too large to fit in FLASH memory segment)
                0x000000000000ad08                __nrf_balloc_load_start__ = ALIGN (__log_backends_end__, 0x4)

.nrf_balloc     0x000000000000ad08       0x54
                0x000000000000ad08                __nrf_balloc_start__ = .
                0x000000000000ad08                __start_nrf_balloc = __nrf_balloc_start__
 *(.nrf_balloc*)
 .nrf_balloc    0x000000000000ad08       0x1c Output/cli_pca10040 Release/Obj/nrf_log_frontend.o
                0x000000000000ad08                log_mempool
 .nrf_balloc    0x000000000000ad24       0x38 Output/cli_pca10040 Release/Obj/main.o
                0x000000000000ad24                m_cli_rtt_cmd_hist_memobj
                0x000000000000ad40                m_cli_uart_cmd_hist_memobj
                0x000000000000ad5c                __nrf_balloc_end__ = (__nrf_balloc_start__ + SIZEOF (.nrf_balloc))
                0x0000000000000054                __nrf_balloc_size__ = SIZEOF (.nrf_balloc)
                0x000000000000ad5c                __stop_nrf_balloc = __nrf_balloc_end__
                0x000000000000ad5c                __nrf_balloc_load_end__ = __nrf_balloc_end__
                0x0000000000000001                . = ASSERT (((__nrf_balloc_start__ == __nrf_balloc_end__) || ((__nrf_balloc_end__ - __FLASH_segment_start__) <= __FLASH_segment_size__)), error: .nrf_balloc is too large to fit in FLASH memory segment)
                0x000000000000ad5c                __nrf_sections_load_start__ = ALIGN (__nrf_balloc_end__, 0x4)

.nrf_sections   0x000000000000ad5c        0x0
                0x000000000000ad5c                __nrf_sections_start__ = .
                0x000000000000ad5c                __start_nrf_sections = __nrf_sections_start__
 *(.nrf_sections .nrf_sections.*)
                0x000000000000ad5c                __nrf_sections_end__ = (__nrf_sections_start__ + SIZEOF (.nrf_sections))
                0x0000000000000000                __nrf_sections_size__ = SIZEOF (.nrf_sections)
                0x000000000000ad5c                __nrf_sections_load_end__ = __nrf_sections_end__
                0x0000000000000001                . = ASSERT (((__nrf_sections_start__ == __nrf_sections_end__) || ((__nrf_sections_end__ - __FLASH_segment_start__) <= __FLASH_segment_size__)), error: .nrf_sections is too large to fit in FLASH memory segment)
                0x000000000000ad5c                __cli_sorted_cmd_ptrs_load_start__ = ALIGN (__nrf_sections_end__, 0x4)

.cli_sorted_cmd_ptrs
                0x0000000020000000       0x48 load address 0x000000000000ad5c
                0x0000000020000000                __cli_sorted_cmd_ptrs_start__ = .
 *(.cli_sorted_cmd_ptrs*)
 .cli_sorted_cmd_ptrs
                0x0000000020000000        0x4 Output/cli_pca10040 Release/Obj/nrf_log_backend_flash.o
                0x0000000020000000                flashlog_str_ptr
 .cli_sorted_cmd_ptrs
                0x0000000020000004        0x4 Output/cli_pca10040 Release/Obj/nrf_log_frontend.o
                0x0000000020000004                log_str_ptr
 .cli_sorted_cmd_ptrs
                0x0000000020000008       0x10 Output/cli_pca10040 Release/Obj/cli_utils_cmds.o
                0x0000000020000008                log_msg_str_ptr
                0x000000002000000c                app_size_str_ptr
                0x0000000020000010                error_str_ptr
                0x0000000020000014                reset_str_ptr
 .cli_sorted_cmd_ptrs
                0x0000000020000018        0x4 Output/cli_pca10040 Release/Obj/nrf_balloc.o
                0x0000000020000018                balloc_str_ptr
 .cli_sorted_cmd_ptrs
                0x000000002000001c       0x10 Output/cli_pca10040 Release/Obj/nrf_cli.o
                0x000000002000001c                resize_str_ptr
                0x0000000020000020                history_str_ptr
                0x0000000020000024                cli_str_ptr
                0x0000000020000028                clear_str_ptr
 .cli_sorted_cmd_ptrs
                0x000000002000002c        0x4 Output/cli_pca10040 Release/Obj/nrf_queue.o
                0x000000002000002c                queue_str_ptr
 .cli_sorted_cmd_ptrs
                0x0000000020000030       0x18 Output/cli_pca10040 Release/Obj/demo_cli_cmds.o
                0x0000000020000030                dynamic_str_ptr
                0x0000000020000034                stack_overflow_str_ptr
                0x0000000020000038                counter_str_ptr
                0x000000002000003c                python_str_ptr
                0x0000000020000040                print_str_ptr
                0x0000000020000044                nordic_str_ptr
                0x0000000020000048                __cli_sorted_cmd_ptrs_end__ = (__cli_sorted_cmd_ptrs_start__ + SIZEOF (.cli_sorted_cmd_ptrs))
                0x0000000000000048                __cli_sorted_cmd_ptrs_size__ = SIZEOF (.cli_sorted_cmd_ptrs)
                0x000000000000ada4                __cli_sorted_cmd_ptrs_load_end__ = (__cli_sorted_cmd_ptrs_load_start__ + SIZEOF (.cli_sorted_cmd_ptrs))